02-01 23:28:15.751  1666  1684 E BatteryExternalStatsWorker: modem info is invalid: ModemActivityInfo{ mTimestamp=0 mSleepTimeMs=0 mIdleTimeMs=0 mTxTimeMs[]=[0, 0, 0, 0, 0] mRxTimeMs=0 mEnergyUsed=0}
02-01 23:28:27.599  1439  1439 I qemu-props: start adbd ...
02-01 23:29:27.605  1439  1439 I qemu-props: start adbd ...
02-01 23:29:59.999  1666  1666 D ConditionProviders.SCP: onReceive ScheduleConditionProvider.EVALUATE
02-01 23:30:00.000  1666  1666 D ConditionProviders.SCP: notifyCondition condition://android/schedule?days=6.7&start=23.30&end=10.0&exitAtAlarm=false STATE_FALSE reason=!meetsSchedule
02-01 23:30:00.000  1666  1666 D ConditionProviders.SCP: notifyCondition condition://android/schedule?days=1.2.3.4.5&start=22.0&end=7.0&exitAtAlarm=false STATE_TRUE reason=meetsSchedule
02-01 23:30:00.000  1666  1666 D ConditionProviders.SCP: Scheduling evaluate for Thu Feb 01 23:30:00 PST 2018 (1517556600000), in +1ms, now=Thu Feb 01 23:29:59 PST 2018 (1517556599999)
02-01 23:30:05.000  1666  1666 D ConditionProviders.SCP: onReceive ScheduleConditionProvider.EVALUATE
02-01 23:30:05.001  1666  1666 D ConditionProviders.SCP: notifyCondition condition://android/schedule?days=6.7&start=23.30&end=10.0&exitAtAlarm=false STATE_FALSE reason=!meetsSchedule
02-01 23:30:05.001  1666  1666 D ConditionProviders.SCP: notifyCondition condition://android/schedule?days=1.2.3.4.5&start=22.0&end=7.0&exitAtAlarm=false STATE_TRUE reason=meetsSchedule
02-01 23:30:05.001  1666  1666 D ConditionProviders.SCP: Scheduling evaluate for Fri Feb 02 07:00:00 PST 2018 (1517583600000), in +7h29m55s0ms, now=Thu Feb 01 23:30:05 PST 2018 (1517556605000)
02-01 23:30:27.610  1439  1439 I qemu-props: start adbd ...
02-01 23:30:43.353  1666  1684 E BatteryExternalStatsWorker: modem info is invalid: ModemActivityInfo{ mTimestamp=0 mSleepTimeMs=0 mIdleTimeMs=0 mTxTimeMs[]=[0, 0, 0, 0, 0] mRxTimeMs=0 mEnergyUsed=0}
02-01 23:31:07.848  1586  1645 D MDnsDS  : MDnsSdListener::Monitor poll timed out
02-01 23:31:07.848  1586  1645 D MDnsDS  : Going to poll with pollCount 1
02-01 23:31:27.611  1439  1439 I qemu-props: start adbd ...
02-01 23:31:41.604  1426  1628 V EmulatedCamera_Camera: getCameraInfo
02-01 23:31:41.604  1426  1628 V EmulatedCamera_BaseCamera: getCameraInfo
02-01 23:31:41.605  1426  1628 V EmulatedCamera_Camera: getCameraInfo
02-01 23:31:41.605  1426  1628 V EmulatedCamera_BaseCamera: getCameraInfo
02-01 23:32:27.619  1439  1439 I qemu-props: start adbd ...
02-01 23:33:27.625  1439  1439 I qemu-props: start adbd ...
02-01 23:34:00.006  1434  1456 I chatty  : uid=1000(system) android.hardwar expire 10 lines
02-01 23:34:00.013  1666  1680 I chatty  : uid=1000(system) android.bg expire 12 lines
02-01 23:34:27.629  1439  1439 I qemu-props: start adbd ...
02-01 23:35:19.591  1666  1684 E BatteryExternalStatsWorker: modem info is invalid: ModemActivityInfo{ mTimestamp=0 mSleepTimeMs=0 mIdleTimeMs=0 mTxTimeMs[]=[0, 0, 0, 0, 0] mRxTimeMs=0 mEnergyUsed=0}
02-01 23:35:27.636  1439  1439 I qemu-props: start adbd ...
02-01 23:36:27.642  1439  1439 I qemu-props: start adbd ...
02-01 23:37:27.649  1439  1439 I qemu-props: start adbd ...
02-01 23:38:15.801  1666  1680 I chatty  : uid=1000(system) android.bg expire 10 lines
02-01 23:38:27.655  1439  1439 I qemu-props: start adbd ...
02-01 23:39:27.657  1439  1439 I qemu-props: start adbd ...
02-01 23:40:27.660  1439  1439 I qemu-props: start adbd ...
02-01 23:40:56.378  1666  1684 I chatty  : uid=1000(system) batterystats-wo expire 4 lines
02-01 23:40:56.378  1666  1777 I chatty  : uid=1000(system) WifiStateMachin expire 1 line
02-01 23:40:56.379  1666  1684 E BatteryExternalStatsWorker: no controller energy info supplied for wifi
02-01 23:40:56.380  1666  1684 E KernelCpuSpeedReader: Failed to read cpu-freq: /sys/devices/system/cpu/cpu0/cpufreq/stats/time_in_state (No such file or directory)
02-01 23:40:56.381  1666  1684 E BatteryExternalStatsWorker: modem info is invalid: ModemActivityInfo{ mTimestamp=0 mSleepTimeMs=0 mIdleTimeMs=0 mTxTimeMs[]=[0, 0, 0, 0, 0] mRxTimeMs=0 mEnergyUsed=0}
02-01 23:41:15.819 30638 23479 I SetupWizard: [DeferredSetupNotificationSchedulerService] Deferred notification scheduled at Mon Jan 29 12:25:18 PST 2018
02-01 23:41:15.821  1666  1774 I chatty  : uid=1000(system) NetworkPolicy expire 3 lines
02-01 23:41:15.823  1666  1774 D NetworkStats: Resolving plan for NetworkTemplate: matchRule=MOBILE_ALL, subscriberId=310260..., matchSubscriberIds=[310260...]
02-01 23:41:15.825  1666  1774 D NetworkStats: Found active matching subId 1
02-01 23:41:15.828  1666  1774 D NetworkStats: Resolved to plan null
02-01 23:41:27.662  1439  1439 I qemu-props: start adbd ...
02-01 23:41:41.678  1426  1628 V EmulatedCamera_Camera: getCameraInfo
02-01 23:41:41.678  1426  1628 V EmulatedCamera_BaseCamera: getCameraInfo
02-01 23:41:41.679  1426  1628 V EmulatedCamera_Camera: getCameraInfo
02-01 23:41:41.679  1426  1628 V EmulatedCamera_BaseCamera: getCameraInfo
02-01 23:41:59.891  1666  1684 E BatteryExternalStatsWorker: modem info is invalid: ModemActivityInfo{ mTimestamp=0 mSleepTimeMs=0 mIdleTimeMs=0 mTxTimeMs[]=[0, 0, 0, 0, 0] mRxTimeMs=0 mEnergyUsed=0}
02-01 23:42:15.819  1666  1680 I chatty  : uid=1000(system) android.bg expire 10 lines
02-01 23:42:27.668  1439  1439 I qemu-props: start adbd ...
02-01 23:43:27.675  1439  1439 I qemu-props: start adbd ...
02-01 23:44:00.005  1434  1456 I chatty  : uid=1000(system) android.hardwar expire 10 lines
02-01 23:44:27.677  1439  1439 I qemu-props: start adbd ...
02-01 23:45:27.679  1439  1439 I qemu-props: start adbd ...
02-01 23:46:27.683  1439  1439 I qemu-props: start adbd ...
02-01 23:47:27.685  1439  1439 I qemu-props: start adbd ...
02-01 23:47:50.572  1666  1684 E BatteryExternalStatsWorker: modem info is invalid: ModemActivityInfo{ mTimestamp=0 mSleepTimeMs=0 mIdleTimeMs=0 mTxTimeMs[]=[0, 0, 0, 0, 0] mRxTimeMs=0 mEnergyUsed=0}
02-01 23:48:27.689  1439  1439 I qemu-props: start adbd ...
02-01 23:49:15.847  1666  1680 I chatty  : uid=1000(system) android.bg expire 18 lines
02-01 23:49:27.698  1439  1439 I qemu-props: start adbd ...
02-01 23:50:27.705  1439  1439 I qemu-props: start adbd ...
02-01 23:51:27.709  1439  1439 I qemu-props: start adbd ...
02-01 23:51:39.791  1666  1680 I chatty  : uid=1000(system) android.bg expire 10 lines
02-01 23:51:39.793  1666  1684 E BatteryExternalStatsWorker: modem info is invalid: ModemActivityInfo{ mTimestamp=0 mSleepTimeMs=0 mIdleTimeMs=0 mTxTimeMs[]=[0, 0, 0, 0, 0] mRxTimeMs=0 mEnergyUsed=0}
02-01 23:51:41.687  1426  1628 V EmulatedCamera_Camera: getCameraInfo
02-01 23:51:41.687  1426  1628 V EmulatedCamera_BaseCamera: getCameraInfo
02-01 23:51:41.688  1426  1628 V EmulatedCamera_Camera: getCameraInfo
02-01 23:51:41.688  1426  1628 V EmulatedCamera_BaseCamera: getCameraInfo
02-01 23:52:27.714  1439  1439 I qemu-props: start adbd ...
02-01 23:53:27.716  1439  1439 I qemu-props: start adbd ...
02-01 23:54:00.002  1666  1680 I chatty  : uid=1000(system) android.bg expire 16 lines
02-01 23:54:00.005  1434  1456 I chatty  : uid=1000(system) android.hardwar expire 10 lines
02-01 23:54:27.718  1439  1439 I qemu-props: start adbd ...
02-01 23:55:27.724  1439  1439 I qemu-props: start adbd ...
02-01 23:56:05.797  1582  4684 I DrmHal  : makeDrmFactories: factory instance default is Remote
02-01 23:56:05.797  1582  4684 I DrmHal  : makeDrmFactories: factory instance widevine is Remote
02-01 23:56:05.798  1430 14828 D WVCdm   : Instantiating CDM.
02-01 23:56:05.799  1430 14828 I WVCdm   : CdmEngine::QueryStatus
02-01 23:56:05.799  1430 23601 I WVCdm   : Level3 Library 4464 May 19 2017 16:59:48
02-01 23:56:05.801  1430 14828 I WVCdm   : L3 Initialized. Trying L1.
02-01 23:56:05.801  1430 14828 W WVCdm   : Could not load liboemcrypto.so. Falling back to L3.  dlopen failed: library "liboemcrypto.so" not found
02-01 23:56:05.801  1430 14828 I WVCdm   : CdmEngine::OpenSession
02-01 23:56:05.801  1430 23603 I WVCdm   : Level3 Library 4464 May 19 2017 16:59:48
02-01 23:56:05.802  1430 14828 I WVCdm   : L3 Initialized. Trying L1.
02-01 23:56:05.802  1430 14828 W WVCdm   : Could not load liboemcrypto.so. Falling back to L3.  dlopen failed: library "liboemcrypto.so" not found
02-01 23:56:05.802  1430 14828 D WVCdm   : CryptoSession::Open: Lock: requested_security_level: Default
02-01 23:56:05.805  1430 14828 I WVCdm   : CdmEngine::QueryOemCryptoSessionId
02-01 23:56:05.807  1430 14828 I WVCdm   : CdmEngine::GenerateKeyRequest
02-01 23:56:05.807  1430 14828 D WVCdm   : PrepareKeyRequest: nonce=517958735
02-01 23:56:05.825  2590 23604 I chatty  : uid=10012(com.google.android.gms) expire 2 lines
02-01 23:56:05.866  2342  2342 I chatty  : uid=10012 com.google.android.gms.persistent expire 3 lines
02-01 23:56:05.874  2342  2579 I chatty  : uid=10012(com.google.android.gms) Binder:2342_4 expire 1 line
02-01 23:56:05.876  1584 28638 D MediaAnalyticsService: MediaAnalyticsService::newSummarizerSet
02-01 23:56:05.876  1584 28638 D MediaAnalyticsService: Deleting oldest record set....
02-01 23:56:06.143  2342 23608 I chatty  : uid=10012 com.google.android.gms.persistent expire 6 lines
02-01 23:56:06.450  2590 23615 I chatty  : uid=10012(com.google.android.gms) expire 1 line
02-01 23:56:06.489 21475 22885 I chatty  : uid=10012 com.google.android.gms.unstable expire 20 lines
02-01 23:56:06.497 21475 21490 I chatty  : uid=10012 com.google.android.gms.unstable expire 2 lines
02-01 23:56:06.927  2342  2776 I chatty  : uid=10012(com.google.android.gms) highpool[3] expire 7 lines
02-01 23:56:15.878  2504 23619 W VelvetNetworkClient: Cannot connect to server without account
02-01 23:56:15.881 30638 23621 I SetupWizard: [DeferredSetupNotificationSchedulerService] Deferred notification scheduled at Mon Jan 29 12:25:18 PST 2018
02-01 23:56:17.271  1666  1684 E BatteryExternalStatsWorker: modem info is invalid: ModemActivityInfo{ mTimestamp=0 mSleepTimeMs=0 mIdleTimeMs=0 mTxTimeMs[]=[0, 0, 0, 0, 0] mRxTimeMs=0 mEnergyUsed=0}
02-01 23:56:27.729  1439  1439 I qemu-props: start adbd ...
02-01 23:57:27.731  1439  1439 I qemu-props: start adbd ...
02-01 23:58:15.878  1666  1680 I chatty  : uid=1000(system) android.bg expire 14 lines
02-01 23:58:27.737  1439  1439 I qemu-props: start adbd ...
02-01 23:59:27.744  1439  1439 I qemu-props: start adbd ...
02-01 23:59:49.032  1666  1684 E BatteryExternalStatsWorker: modem info is invalid: ModemActivityInfo{ mTimestamp=0 mSleepTimeMs=0 mIdleTimeMs=0 mTxTimeMs[]=[0, 0, 0, 0, 0] mRxTimeMs=0 mEnergyUsed=0}
02-02 00:00:00.000  1666  1666 I chatty  : uid=1000 system_server expire 1 line
02-02 00:00:00.020  1666  6983 W BroadcastQueue: Background execution not allowed: receiving Intent { act=android.intent.action.DATE_CHANGED flg=0x20200010 } to com.android.deskclock/com.android.alarmclock.DigitalAppWidgetProvider
02-02 00:00:00.021  1666  1681 W BroadcastQueue: Background execution not allowed: receiving Intent { act=android.intent.action.DATE_CHANGED flg=0x20200010 } to com.google.android.calendar/com.android.calendar.widget.CalendarAppWidgetProvider
02-02 00:00:00.021  1666  1681 W BroadcastQueue: Background execution not allowed: receiving Intent { act=android.intent.action.DATE_CHANGED flg=0x20200010 } to com.google.android.calendar/.widgetmonth.MonthViewWidgetProvider
02-02 00:00:17.311  1666  1684 E BatteryExternalStatsWorker: modem info is invalid: ModemActivityInfo{ mTimestamp=0 mSleepTimeMs=0 mIdleTimeMs=0 mTxTimeMs[]=[0, 0, 0, 0, 0] mRxTimeMs=0 mEnergyUsed=0}
02-02 00:00:27.745  1439  1439 I qemu-props: start adbd ...
02-02 00:01:27.751  1439  1439 I qemu-props: start adbd ...
02-02 00:01:41.704  1426  1628 V EmulatedCamera_Camera: getCameraInfo
02-02 00:01:41.704  1426  1628 V EmulatedCamera_BaseCamera: getCameraInfo
02-02 00:01:41.705  1426  1628 V EmulatedCamera_Camera: getCameraInfo
02-02 00:01:41.705  1426  1628 V EmulatedCamera_BaseCamera: getCameraInfo
02-02 00:02:27.751  1439  1439 I qemu-props: start adbd ...
02-02 00:03:27.757  1439  1439 I qemu-props: start adbd ...
02-02 00:04:00.004  1434  1456 I chatty  : uid=1000(system) android.hardwar expire 10 lines
02-02 00:04:27.766  1439  1439 I qemu-props: start adbd ...
02-02 00:05:27.770  1439  1439 I qemu-props: start adbd ...
02-02 00:06:15.903  1666  1680 I chatty  : uid=1000(system) android.bg expire 10 lines
02-02 00:06:27.770  1439  1439 I qemu-props: start adbd ...
02-02 00:07:27.777  1439  1439 I qemu-props: start adbd ...
02-02 00:08:15.911  1666  1680 I chatty  : uid=1000(system) android.bg expire 16 lines
02-02 00:08:27.780  1439  1439 I qemu-props: start adbd ...
02-02 00:01:17.273  1666  1684 E BatteryExternalStatsWorker: modem info is invalid: ModemActivityInfo{ mTimestamp=0 mSleepTimeMs=0 mIdleTimeMs=0 mTxTimeMs[]=[0, 0, 0, 0, 0] mRxTimeMs=0 mEnergyUsed=0}
02-02 00:08:32.173  1666  1684 E BatteryExternalStatsWorker: modem info is invalid: ModemActivityInfo{ mTimestamp=0 mSleepTimeMs=0 mIdleTimeMs=0 mTxTimeMs[]=[0, 0, 0, 0, 0] mRxTimeMs=0 mEnergyUsed=0}
02-02 00:09:27.786  1439  1439 I qemu-props: start adbd ...
02-02 00:10:27.789  1439  1439 I qemu-props: start adbd ...
02-02 00:10:56.381  1666  1684 I chatty  : uid=1000(system) batterystats-wo expire 4 lines
02-02 00:10:56.381  1666  1777 I chatty  : uid=1000(system) WifiStateMachin expire 1 line
02-02 00:10:56.381  1666  1684 E BatteryExternalStatsWorker: no controller energy info supplied for wifi
02-02 00:10:56.383  1666  1684 E KernelCpuSpeedReader: Failed to read cpu-freq: /sys/devices/system/cpu/cpu0/cpufreq/stats/time_in_state (No such file or directory)
02-02 00:10:56.384  1666  1684 E BatteryExternalStatsWorker: modem info is invalid: ModemActivityInfo{ mTimestamp=0 mSleepTimeMs=0 mIdleTimeMs=0 mTxTimeMs[]=[0, 0, 0, 0, 0] mRxTimeMs=0 mEnergyUsed=0}
02-02 00:11:14.583  1666  1666 I EntropyMixer: Writing entropy...
02-02 00:11:27.797  1439  1439 I qemu-props: start adbd ...
02-02 00:11:41.762  1426  1628 V EmulatedCamera_Camera: getCameraInfo
02-02 00:11:41.762  1426  1628 V EmulatedCamera_BaseCamera: getCameraInfo
02-02 00:11:41.763  1426  1628 V EmulatedCamera_Camera: getCameraInfo
02-02 00:11:41.763  1426  1628 V EmulatedCamera_BaseCamera: getCameraInfo
02-02 00:12:27.798  1439  1439 I qemu-props: start adbd ...
02-02 00:13:27.799  1439  1439 I qemu-props: start adbd ...
02-02 00:14:00.014  1434  1456 I chatty  : uid=1000(system) android.hardwar expire 10 lines
02-02 00:14:27.808  1439  1439 I qemu-props: start adbd ...
02-02 00:15:27.810  1439  1439 I qemu-props: start adbd ...
02-02 00:15:33.731  1666  1684 E BatteryExternalStatsWorker: modem info is invalid: ModemActivityInfo{ mTimestamp=0 mSleepTimeMs=0 mIdleTimeMs=0 mTxTimeMs[]=[0, 0, 0, 0, 0] mRxTimeMs=0 mEnergyUsed=0}
02-02 00:16:05.889  1666  1680 I UsageStatsService: User[0] Flushing usage stats to disk
02-02 00:16:27.812  1439  1439 I qemu-props: start adbd ...
02-02 00:17:27.815  1439  1439 I qemu-props: start adbd ...
02-02 00:18:27.816  1439  1439 I qemu-props: start adbd ...
02-02 00:19:27.819  1439  1439 I qemu-props: start adbd ...
02-02 00:19:31.924  1666  1680 I chatty  : uid=1000(system) android.bg expire 32 lines
02-02 00:19:31.940  1666  1666 V BackupManagerService: Scheduling immediate backup pass
02-02 00:19:31.940  1666  1774 I chatty  : uid=1000(system) NetworkPolicy expire 3 lines
02-02 00:19:31.943  1666  1774 D NetworkStats: Resolving plan for NetworkTemplate: matchRule=MOBILE_ALL, subscriberId=310260..., matchSubscriberIds=[310260...]
02-02 00:19:31.944  1666  1774 D NetworkStats: Found active matching subId 1
02-02 00:19:31.946  1666  1774 D NetworkStats: Resolved to plan null
02-02 00:19:31.951 23819 23819 W zygote  : Unexpected CPU variant for X86 using defaults: x86
02-02 00:19:31.951  1666  6983 I ActivityManager: Start proc 23819:com.google.android.calendar/u0a43 for broadcast com.google.android.calendar/com.android.calendar.widget.CalendarAppWidgetProvider
02-02 00:19:31.952  1666  1666 W BackupManagerService: Backup pass but e=false p=true
02-02 00:19:31.954 30638 23818 I SetupWizard: [DeferredSetupNotificationSchedulerService] Deferred notification scheduled at Mon Jan 29 12:25:18 PST 2018
02-02 00:19:31.960 23819 23819 I zygote  : The ClassLoaderContext is a special shared library.
02-02 00:19:31.963 23835 23835 W zygote  : Unexpected CPU variant for X86 using defaults: x86
02-02 00:19:31.970  1666  4611 I ActivityManager: Start proc 23835:android.process.media/u0a11 for content provider com.android.providers.downloads/.DownloadProvider
02-02 00:19:31.982 23835 23842 E zygote  : Failed writing handshake bytes (-1 of 14): Broken pipe
02-02 00:19:31.982 23835 23842 I zygote  : Debugger is no longer active
02-02 00:19:31.992 23835 23835 I zygote  : The ClassLoaderContext is a special shared library.
02-02 00:19:31.998  1666  2335 V KeyValueBackupJob: Scheduling k/v pass in 247 minutes
02-02 00:19:31.997 23835 23835 I zygote  : The ClassLoaderContext is a special shared library.
02-02 00:19:32.001 23819 23819 I PerformanceMetricCollec: Logging experiments memory-false, lantency-false
02-02 00:19:32.006 23858 23858 W zygote  : Unexpected CPU variant for X86 using defaults: x86
02-02 00:19:32.012  1666  1677 I ActivityManager: Start proc 23858:com.android.providers.calendar/u0a3 for content provider com.android.providers.calendar/.CalendarProvider2
02-02 00:19:32.026 23858 23858 I zygote  : The ClassLoaderContext is a special shared library.
02-02 00:19:32.026 23858 23858 I chatty  : uid=10003(com.android.providers.calendar) identical 1 line
02-02 00:19:32.027 23858 23858 I zygote  : The ClassLoaderContext is a special shared library.
02-02 00:19:32.040 23858 23858 I CalendarProvider2: Created com.android.providers.calendar.CalendarAlarmManager@98e5944(com.android.providers.calendar.CalendarProvider2@f66ea2d)
02-02 00:19:32.054 23819 23819 D PhenotypeJobService: Job scheduled successfully
02-02 00:19:32.059 23819 23819 E PrefServiceImpl: Primary account is null
02-02 00:19:32.060 23819 23819 I PerformanceMetricCollec: Logging experiments memory-false, lantency-false
02-02 00:19:32.094 23819 23819 D PhenotypeManager: Registered: Status{statusCode=SUCCESS, resolution=null}
02-02 00:19:32.114 23819 23895 I PhenotypeFlagCommitter: Experiment Configs successfully retrieved for com.google.android.calendar
02-02 00:19:32.225  2590  3104 I chatty  : uid=10012(com.google.android.gms) highpool[2] expire 1 line
02-02 00:19:32.225  2590  3005 I chatty  : uid=10012(com.google.android.gms) highpool[1] expire 1 line
02-02 00:19:32.236  2590  3704 I chatty  : uid=10012(com.google.android.gms) highpool[4] expire 1 line
02-02 00:19:32.249  2590  3103 I chatty  : uid=10012(com.google.android.gms) lowpool[4] expire 18 lines
02-02 00:19:32.288 23903 23903 W zygote  : Unexpected CPU variant for X86 using defaults: x86
02-02 00:19:32.295  1666 15543 I ActivityManager: Start proc 23903:android.process.acore/u0a1 for content provider com.android.providers.contacts/.ContactsProvider2
02-02 00:19:32.298  2342 23900 I chatty  : uid=10012 com.google.android.gms.persistent expire 2 lines
02-02 00:19:32.299 23903 23903 I zygote  : The ClassLoaderContext is a special shared library.
02-02 00:19:32.311 23903 23903 I ContactsPerf: VoicemailContentProvider.onCreate start
02-02 00:19:32.314 23903 23903 I ContactsPerf: VoicemailContentProvider.onCreate finish
02-02 00:19:32.317 23903 23903 I zygote  : The ClassLoaderContext is a special shared library.
02-02 00:19:32.321 23903 23920 D ContactsDatabaseHelper: WAL enabled for contacts2.db: true
02-02 00:19:32.322 23903 23903 I zygote  : The ClassLoaderContext is a special shared library.
02-02 00:19:32.344 23903 23920 I ContactLocale: AddressBook Labels [[en_US]]: [, A, B, C, D, E, F, G, H, I, J, K, L, M, N, O, P, Q, R, S, T, U, V, W, X, Y, Z, , , , , , , , , , , , , , , , , , , , , , , , , , , , , , , , , , , , , , , , , , , , , , , , , , , , , , , , , , , , , , , , , , , , , , , , , , , , , , , , , , , , , , , , , , , , , , , , , , , , , , , , , , , , , , , , , , , , , , , , , , , , , , , , , , , , , , , , , , , , , , , , , , , , , , , , , , , , , , , , , , , , , , , , , , , , , , , , , , , , , , , , , , , #, ]
02-02 00:19:32.349 23903 23920 D ContactsDatabaseHelper: WAL enabled for profile.db: false
02-02 00:19:33.042  2590 23928 I chatty  : uid=10012(com.google.android.gms) expire 1 line
02-02 00:19:33.052 23930 23930 I chatty  : uid=10012 com.google.android.gms.ui expire 8 lines
02-02 00:19:33.059  1666 15543 I ActivityManager: Start proc 23930:com.google.android.gms.ui/u0a12 for service com.google.android.gms/.chimera.UiIntentOperationService
02-02 00:19:33.067 23930 23937 I chatty  : uid=10012 com.google.android.gms.ui expire 2 lines
02-02 00:19:33.086 18850 18850 I BuglePhenotypeBroadcastReceiver: onReceive
02-02 00:19:33.088  2342 23952 I chatty  : uid=10012 com.google.android.gms.persistent expire 15 lines
02-02 00:19:33.089  2342 23946 I chatty  : uid=10012 com.google.android.gms.persistent expire 14 lines
02-02 00:19:33.095 18850 18880 V Bugle   : Committing bugle phenotype.
02-02 00:19:33.112  2504  2504 W SearchService: Abort, client detached.
02-02 00:19:33.116  2590 23814 I chatty  : uid=10012(com.google.android.gms) expire 2 lines
02-02 00:19:33.125  2342  2342 I chatty  : uid=10012 com.google.android.gms.persistent expire 12 lines
02-02 00:19:33.128  2342 23951 I chatty  : uid=10012 com.google.android.gms.persistent expire 15 lines
02-02 00:19:33.167  2342 23958 I chatty  : uid=10012(com.google.android.gms) lowpool[72] expire 4 lines
02-02 00:19:33.168  2590 23877 I chatty  : uid=10012(com.google.android.gms) expire 2 lines
02-02 00:19:33.200  2342  5386 I chatty  : uid=10012(com.google.android.gms) lowpool[53] expire 4 lines
02-02 00:19:33.204 23964 23964 W zygote  : Unexpected CPU variant for X86 using defaults: x86
02-02 00:19:33.207  1666  4295 I ActivityManager: Start proc 23964:com.google.android.youtube/u0a78 for service com.google.android.youtube/com.google.android.libraries.youtube.common.gcore.gcoreclient.gcm.impl.GcmTaskServiceDelegator
02-02 00:19:33.216 23964 23964 I zygote  : The ClassLoaderContext is a special shared library.
02-02 00:19:33.250 23964 23994 W YouTube : Fetching the Gservices key 'failsafe_maxnumbercrash_12_15' before the end of the bulk initialization
02-02 00:19:33.265 23964 23991 I zygote  : The ClassLoaderContext is a special shared library.
02-02 00:19:33.266 23964 23992 W YouTube : Fetching the Gservices key 'disable_binder_callback_flush' before the end of the bulk initialization
02-02 00:19:33.271 23964 23991 I zygote  : The ClassLoaderContext is a special shared library.
02-02 00:19:33.272 23964 23964 E YouTube : flushBinderConnectionCallbacks is unverified on SDK 27
02-02 00:19:33.292 23964 23991 I zygote  : The ClassLoaderContext is a special shared library.
02-02 00:19:33.299  2590 23950 I chatty  : uid=10012(com.google.android.gms) expire 3 lines
02-02 00:19:33.301  2342 23956 I chatty  : uid=10012 com.google.android.gms.persistent expire 3 lines
02-02 00:19:33.309  2342 23957 I chatty  : uid=10012(com.google.android.gms) lowpool[71] expire 1 line
02-02 00:19:33.323  1666  4611 I chatty  : uid=1000(system) Binder:1666_16 expire 6 lines
02-02 00:19:33.323  2504 23854 W Settings: Setting mobile_data has moved from android.provider.Settings.Secure to android.provider.Settings.Global.
02-02 00:19:33.323  2504 23816 I ModelDownloadController: Handle the downloaded hotword model
02-02 00:19:33.323  2504 23816 I ModelDownloadController: the model is already used
02-02 00:19:33.355 23964 23991 V NativeCrypto: Registering com/google/android/gms/org/conscrypt/NativeCrypto's 259 native methods...
02-02 00:19:33.386 23964 23989 W zygote  : Unsupported class loader
02-02 00:19:33.394 23964 23989 W zygote  : Skipping duplicate class check due to unsupported classloader
02-02 00:19:33.409 23964 23991 D NetworkSecurityConfig: No Network Security Config specified, using platform default
02-02 00:19:33.411 23964 23991 I ProviderInstaller: Installed default security provider GmsCore_OpenSSL
02-02 00:19:33.411 23964 23989 D DynamitePackage: Instantiated singleton DynamitePackage.
02-02 00:19:33.411 23964 23989 D DynamitePackage: Instantiating com.google.android.gms.ads.adshield.ChimeraAdShieldCreatorImpl
02-02 00:19:33.421 23964 23964 V MediaRouter: Adding route: RouteInfo{ name=Phone, description=null, status=null, category=RouteCategory{ name=System types=ROUTE_TYPE_LIVE_AUDIO ROUTE_TYPE_LIVE_VIDEO  groupable=false }, supportedTypes=ROUTE_TYPE_LIVE_AUDIO ROUTE_TYPE_LIVE_VIDEO , presentationDisplay=null }
02-02 00:19:33.424 23964 23964 V MediaRouter: Selecting route: RouteInfo{ name=Phone, description=null, status=null, category=RouteCategory{ name=System types=ROUTE_TYPE_LIVE_AUDIO ROUTE_TYPE_LIVE_VIDEO  groupable=false }, supportedTypes=ROUTE_TYPE_LIVE_AUDIO ROUTE_TYPE_LIVE_VIDEO , presentationDisplay=null }
02-02 00:19:33.428  2590 23949 I chatty  : uid=10012(com.google.android.gms) expire 1 line
02-02 00:19:33.448 23964 23989 I zygote  : The ClassLoaderContext is a special shared library.
02-02 00:19:33.495  1426  1628 V EmulatedCamera_Camera: getCameraInfo
02-02 00:19:33.495  1426  1628 V EmulatedCamera_BaseCamera: getCameraInfo
02-02 00:19:33.496  1426  1628 V EmulatedCamera_Camera: getCameraInfo
02-02 00:19:33.496  1426  1628 V EmulatedCamera_BaseCamera: getCameraInfo
02-02 00:19:33.510  2342 23953 I chatty  : uid=10012 com.google.android.gms.persistent expire 9 lines
02-02 00:19:33.512 23964 24030 W YouTube : ECatcher disabled: level: WARNING, category: initialization, message: Initialization Exception
02-02 00:19:33.512 23964 24030 W YouTube : java.lang.IllegalArgumentException
02-02 00:19:33.512 23964 24030 W YouTube : 	at adac.a(SourceFile:2)
02-02 00:19:33.512 23964 24030 W YouTube : 	at poo.a(SourceFile:4)
02-02 00:19:33.512 23964 24030 W YouTube : 	at poa.a(SourceFile:1)
02-02 00:19:33.512 23964 24030 W YouTube : 	at vlj.g(SourceFile:107)
02-02 00:19:33.512 23964 24030 W YouTube : 	at vlj.c(SourceFile:90)
02-02 00:19:33.512 23964 24030 W YouTube : 	at vfr.c(SourceFile:53)
02-02 00:19:33.512 23964 24030 W YouTube : 	at eiy.a(SourceFile:10)
02-02 00:19:33.512 23964 24030 W YouTube : 	at cfw.run(SourceFile:4)
02-02 00:19:33.512 23964 24030 W YouTube : 	at java.util.concurrent.Executors$RunnableAdapter.call(Executors.java:457)
02-02 00:19:33.512 23964 24030 W YouTube : 	at java.util.concurrent.FutureTask.run(FutureTask.java:266)
02-02 00:19:33.512 23964 24030 W YouTube : 	at java.util.concurrent.ScheduledThreadPoolExecutor$ScheduledFutureTask.run(ScheduledThreadPoolExecutor.java:301)
02-02 00:19:33.512 23964 24030 W YouTube : 	at java.util.concurrent.ThreadPoolExecutor.runWorker(ThreadPoolExecutor.java:1162)
02-02 00:19:33.512 23964 24030 W YouTube : 	at java.util.concurrent.ThreadPoolExecutor$Worker.run(ThreadPoolExecutor.java:636)
02-02 00:19:33.512 23964 24030 W YouTube : 	at poc.run(SourceFile:24)
02-02 00:19:33.512 23964 24030 W YouTube : 	at java.lang.Thread.run(Thread.java:764)
02-02 00:19:33.527 23964 23964 V MediaRouter: Selecting route: RouteInfo{ name=Phone, description=null, status=null, category=RouteCategory{ name=System types=ROUTE_TYPE_LIVE_AUDIO ROUTE_TYPE_LIVE_VIDEO  groupable=false }, supportedTypes=ROUTE_TYPE_LIVE_AUDIO ROUTE_TYPE_LIVE_VIDEO , presentationDisplay=null }
02-02 00:19:33.539  1666  4295 D CryptdConnector: SND -> {17 cryptfs getpwtype}
02-02 00:19:33.540  1379  1387 D VoldCryptCmdListener: cryptfs getpwtype
02-02 00:19:33.540  1666  1766 D CryptdConnector: RCV <- {213 17 default}
02-02 00:19:33.542  1666  1931 W ActivityManager: Permission Denial: Accessing service ComponentInfo{com.google.android.music/com.google.android.music.dial.DialMediaRouteProviderService} from pid=23964, uid=10078 that is not exported from uid 10064
02-02 00:19:33.543  2590 14092 I chatty  : uid=10012(com.google.android.gms) lowpool[11] expire 13 lines
02-02 00:19:33.544  2590 24072 I chatty  : uid=10012(com.google.android.gms) expire 6 lines
02-02 00:19:33.554 24076 24076 W zygote  : Unexpected CPU variant for X86 using defaults: x86
02-02 00:19:33.560  1666  1681 I ActivityManager: Start proc 24076:com.google.android.dialer/u0a18 for broadcast com.google.android.dialer/com.google.android.apps.dialer.phenotype.UpdateBroadcastReceiver
02-02 00:19:33.568 24076 24076 W System  : ClassLoader referenced unknown path: /system/framework/com.google.android.dialer.support.jar
02-02 00:19:33.569  1666  1967 I chatty  : uid=1000(system) Binder:1666_6 expire 6 lines
02-02 00:19:33.570  2590  2590 I chatty  : uid=10012(com.google.android.gms) expire 2 lines
02-02 00:19:33.570 24076 24076 I zygote  : The ClassLoaderContext is a special shared library.
02-02 00:19:33.592 24076 24076 I Dialer  : GoogleDialerApplication.onCreate - enter
02-02 00:19:33.596 24076 24076 I Dialer  : DialerExecutors.newThread - creating low priority thread
02-02 00:19:33.597 24076 24076 I Dialer  : CallLogFramework.registerContentObservers - enter
02-02 00:19:33.600 24076 24076 I Dialer  : CallLogFramework.registerContentObservers - new call log not enabled
02-02 00:19:33.604 24110 24110 I chatty  : uid=10012 com.google.android.gms.feedback expire 8 lines
02-02 00:19:33.611  1666  4611 I ActivityManager: Start proc 24110:com.google.android.gms.feedback/u0a12 for service com.google.android.gms/.feedback.FeedbackService
02-02 00:19:33.618 24076 24076 I Dialer  : NonUiTaskBuilder.newThread - creating serial thread
02-02 00:19:33.618 24076 24076 I Dialer  : DialerExecutors.newThread - creating low priority thread
02-02 00:19:33.618 24076 24076 I Dialer  : ShortcutsJobScheduler.scheduleAllJobs - enter
02-02 00:19:33.620 24076 24076 I Dialer  : ShortcutsJobScheduler.scheduleAllJobs - enabling shortcuts
02-02 00:19:33.620 24076 24076 I Dialer  : PeriodicJobService.schedulePeriodicJob - enter
02-02 00:19:33.621 24076 24076 I Dialer  : PeriodicJobService.schedulePeriodicJob - job already scheduled.
02-02 00:19:33.621 24076 24076 I Dialer  : GoogleDialerApplication.onCreate - register new client
02-02 00:19:33.631 24076 24076 I Dialer  : GoogleDialerApplication.onCreate - registered new client
02-02 00:19:33.656 24076 24076 I Dialer  : Flags.register - phenotype register status: true
02-02 00:19:33.673 24076 24076 I Dialer  : Flags.register - commit succeeded: true
02-02 00:19:33.684  2342 23897 I chatty  : uid=10012 com.google.android.gms.persistent expire 1 line
02-02 00:19:33.700 24076 24076 I Dialer  : UpdateBroadcastReceiver.onReceive - commit succeeded: true
02-02 00:19:33.726 24110 24124 I chatty  : uid=10012 com.google.android.gms.feedback expire 2 lines
02-02 00:19:33.744  2424  2424 D PhenotypeFlagCommitter: Committed to new configuration from Phenotype
02-02 00:19:33.760  2590 24071 I chatty  : uid=10012(com.google.android.gms) expire 2 lines
02-02 00:19:33.766 23819 23819 D PhenotypeJobService: Job scheduled successfully
02-02 00:19:33.779  2590 24037 I chatty  : uid=10012(com.google.android.gms) expire 4 lines
02-02 00:19:33.786  2424  2424 D PhenotypeFlagCommitter: Commit finished, result:true
02-02 00:19:33.794  2342 23954 I chatty  : uid=10012 com.google.android.gms.persistent expire 5 lines
02-02 00:19:33.835 23819 23895 I PhenotypeFlagCommitter: Experiment Configs successfully retrieved for com.google.android.calendar
02-02 00:19:33.867  1426  1628 V EmulatedCamera_Camera: getCameraInfo
02-02 00:19:33.867  1426  1628 V EmulatedCamera_BaseCamera: getCameraInfo
02-02 00:19:33.869  2590 24070 I chatty  : uid=10012(com.google.android.gms) expire 6 lines
02-02 00:19:33.898  2590 24068 I chatty  : uid=10012(com.google.android.gms) expire 3 lines
02-02 00:19:34.014 23930 23984 I chatty  : uid=10012 com.google.android.gms.ui expire 1 line
02-02 00:19:34.033  1666  4611 I ActivityManager: Killing 22224:com.google.android.configupdater/u0a5 (adj 906): empty for 10790s
02-02 00:19:34.033  1666  1683 I chatty  : uid=1000(system) ActivityManager expire 8 lines
02-02 00:19:36.592  1666 15543 I chatty  : uid=1000(system) Binder:1666_1E expire 1 line
02-02 00:19:38.217 23964 23979 I zygote  : Waiting for a blocking GC ProfileSaver
02-02 00:19:38.223 23964 23979 I zygote  : WaitForGcToComplete blocked ProfileSaver on HeapTrim for 6.068ms
02-02 00:19:45.632  1666  1684 E BatteryExternalStatsWorker: modem info is invalid: ModemActivityInfo{ mTimestamp=0 mSleepTimeMs=0 mIdleTimeMs=0 mTxTimeMs[]=[0, 0, 0, 0, 0] mRxTimeMs=0 mEnergyUsed=0}
02-02 00:20:27.822  1439  1439 I qemu-props: start adbd ...
02-02 00:20:35.604  1666  1680 I chatty  : uid=1000(system) android.bg expire 30 lines
02-02 00:21:27.824  1439  1439 I qemu-props: start adbd ...
02-02 00:21:41.773  1426  1628 V EmulatedCamera_Camera: getCameraInfo
02-02 00:21:41.773  1426  1628 V EmulatedCamera_BaseCamera: getCameraInfo
02-02 00:21:41.774  1426  1628 V EmulatedCamera_Camera: getCameraInfo
02-02 00:21:41.774  1426  1628 V EmulatedCamera_BaseCamera: getCameraInfo
02-02 00:22:27.830  1439  1439 I qemu-props: start adbd ...
02-02 00:23:27.833  1439  1439 I qemu-props: start adbd ...
02-02 00:24:00.004  1434  1456 I chatty  : uid=1000(system) android.hardwar expire 10 lines
02-02 00:24:27.834  1439  1439 I qemu-props: start adbd ...
02-02 00:25:27.835  1439  1439 I qemu-props: start adbd ...
02-02 00:25:45.631  1666  1684 I chatty  : uid=1000(system) batterystats-wo identical 18 lines
02-02 00:26:05.632  1666  1684 E BatteryExternalStatsWorker: modem info is invalid: ModemActivityInfo{ mTimestamp=0 mSleepTimeMs=0 mIdleTimeMs=0 mTxTimeMs[]=[0, 0, 0, 0, 0] mRxTimeMs=0 mEnergyUsed=0}
02-02 00:26:15.609  1666  1967 I ActivityManager: Killing 21475:com.google.android.gms.unstable/u0a12 (adj 906): empty for 1803s
02-02 00:26:15.781 30638 24238 I SetupWizard: [DeferredSetupNotificationSchedulerService] Deferred notification scheduled at Mon Jan 29 12:25:18 PST 2018
02-02 00:26:25.632  1666  1684 E BatteryExternalStatsWorker: modem info is invalid: ModemActivityInfo{ mTimestamp=0 mSleepTimeMs=0 mIdleTimeMs=0 mTxTimeMs[]=[0, 0, 0, 0, 0] mRxTimeMs=0 mEnergyUsed=0}
02-02 00:26:27.837  1439  1439 I qemu-props: start adbd ...
02-02 00:27:27.840  1439  1439 I qemu-props: start adbd ...
02-02 00:28:27.847  1439  1439 I qemu-props: start adbd ...
02-02 00:29:27.849  1439  1439 I qemu-props: start adbd ...
02-02 00:30:27.855  1439  1439 I qemu-props: start adbd ...
02-02 00:31:15.793  1666  1967 I chatty  : uid=1000(system) Binder:1666_6 expire 1 line
02-02 00:31:15.793  2504 24315 W Settings: Setting mobile_data has moved from android.provider.Settings.Secure to android.provider.Settings.Global.
02-02 00:31:15.794  2504 24313 W UriRequestData: URL param or header with a key: "X-Google-Use-Geolocation-For-Country-Code" has an empty value.
02-02 00:31:15.797  1666  4611 I chatty  : uid=1000(system) Binder:1666_16 expire 1 line
02-02 00:31:15.797  2504 24316 W Settings: Setting mobile_data has moved from android.provider.Settings.Secure to android.provider.Settings.Global.
02-02 00:31:27.859  1439  1439 I qemu-props: start adbd ...
02-02 00:31:41.791  1426  1628 V EmulatedCamera_Camera: getCameraInfo
02-02 00:31:41.791  1426  1628 V EmulatedCamera_BaseCamera: getCameraInfo
02-02 00:31:41.792  1426  1628 V EmulatedCamera_Camera: getCameraInfo
02-02 00:31:41.792  1426  1628 V EmulatedCamera_BaseCamera: getCameraInfo
02-02 00:31:55.614  1666  1680 I chatty  : uid=1000(system) android.bg expire 10 lines
02-02 00:32:27.866  1439  1439 I qemu-props: start adbd ...
02-02 00:33:27.868  1439  1439 I qemu-props: start adbd ...
02-02 00:34:00.014  1434  1456 I chatty  : uid=1000(system) android.hardwar expire 10 lines
02-02 00:34:27.870  1439  1439 I qemu-props: start adbd ...
02-02 00:35:27.871  1439  1439 I qemu-props: start adbd ...
02-02 00:36:27.874  1439  1439 I qemu-props: start adbd ...
02-02 00:36:35.618  1666  1680 I chatty  : uid=1000(system) android.bg expire 10 lines
02-02 00:37:27.877  1439  1439 I qemu-props: start adbd ...
02-02 00:38:27.879  1439  1439 I qemu-props: start adbd ...
02-02 00:39:05.630  1666  1680 I chatty  : uid=1000(system) android.bg expire 12 lines
02-02 00:39:27.887  1439  1439 I qemu-props: start adbd ...
02-02 00:39:05.632  1666  1684 I chatty  : uid=1000(system) batterystats-wo identical 38 lines
02-02 00:39:25.632  1666  1684 E BatteryExternalStatsWorker: modem info is invalid: ModemActivityInfo{ mTimestamp=0 mSleepTimeMs=0 mIdleTimeMs=0 mTxTimeMs[]=[0, 0, 0, 0, 0] mRxTimeMs=0 mEnergyUsed=0}
02-02 00:39:32.065  1666  1680 I UsageStatsService: User[0] Flushing usage stats to disk
02-02 00:39:33.580  2590 14092 I chatty  : uid=10012(com.google.android.gms) lowpool[11] expire 12 lines
02-02 00:39:45.631  1666  1684 E BatteryExternalStatsWorker: modem info is invalid: ModemActivityInfo{ mTimestamp=0 mSleepTimeMs=0 mIdleTimeMs=0 mTxTimeMs[]=[0, 0, 0, 0, 0] mRxTimeMs=0 mEnergyUsed=0}
02-02 00:40:27.889  1439  1439 I qemu-props: start adbd ...
02-02 00:40:56.384  1666  1684 I chatty  : uid=1000(system) batterystats-wo expire 4 lines
02-02 00:40:56.384  1666  1777 I chatty  : uid=1000(system) WifiStateMachin expire 1 line
02-02 00:40:25.631  1666  1684 I chatty  : uid=1000(system) batterystats-wo identical 2 lines
02-02 00:40:45.632  1666  1684 E BatteryExternalStatsWorker: modem info is invalid: ModemActivityInfo{ mTimestamp=0 mSleepTimeMs=0 mIdleTimeMs=0 mTxTimeMs[]=[0, 0, 0, 0, 0] mRxTimeMs=0 mEnergyUsed=0}
02-02 00:40:56.385  1666  1684 E BatteryExternalStatsWorker: no controller energy info supplied for wifi
02-02 00:40:56.387  1666  1684 E KernelCpuSpeedReader: Failed to read cpu-freq: /sys/devices/system/cpu/cpu0/cpufreq/stats/time_in_state (No such file or directory)
02-02 00:40:56.387  1666  1684 E BatteryExternalStatsWorker: modem info is invalid: ModemActivityInfo{ mTimestamp=0 mSleepTimeMs=0 mIdleTimeMs=0 mTxTimeMs[]=[0, 0, 0, 0, 0] mRxTimeMs=0 mEnergyUsed=0}
02-02 00:41:15.802  2504 24451 W VelvetNetworkClient: Cannot connect to server without account
02-02 00:41:15.804 30638 24453 I SetupWizard: [DeferredSetupNotificationSchedulerService] Deferred notification scheduled at Mon Jan 29 12:25:18 PST 2018
02-02 00:41:15.808  1666  1774 I chatty  : uid=1000(system) NetworkPolicy expire 3 lines
02-02 00:41:05.635  1666  1684 E BatteryExternalStatsWorker: modem info is invalid: ModemActivityInfo{ mTimestamp=0 mSleepTimeMs=0 mIdleTimeMs=0 mTxTimeMs[]=[0, 0, 0, 0, 0] mRxTimeMs=0 mEnergyUsed=0}
02-02 00:41:15.811  1666  1774 D NetworkStats: Resolving plan for NetworkTemplate: matchRule=MOBILE_ALL, subscriberId=310260..., matchSubscriberIds=[310260...]
02-02 00:41:15.812  1666  1774 D NetworkStats: Found active matching subId 1
02-02 00:41:15.817  1666  1774 D NetworkStats: Resolved to plan null
02-02 00:41:25.632  1666  1684 E BatteryExternalStatsWorker: modem info is invalid: ModemActivityInfo{ mTimestamp=0 mSleepTimeMs=0 mIdleTimeMs=0 mTxTimeMs[]=[0, 0, 0, 0, 0] mRxTimeMs=0 mEnergyUsed=0}
02-02 00:41:27.897  1439  1439 I qemu-props: start adbd ...
02-02 00:41:41.848  1426  1628 V EmulatedCamera_Camera: getCameraInfo
02-02 00:41:41.848  1426  1628 V EmulatedCamera_BaseCamera: getCameraInfo
02-02 00:41:41.849  1426  1628 V EmulatedCamera_Camera: getCameraInfo
02-02 00:41:41.849  1426  1628 V EmulatedCamera_BaseCamera: getCameraInfo
02-02 00:42:27.900  1439  1439 I qemu-props: start adbd ...
02-02 00:43:05.632  1666  1684 I chatty  : uid=1000(system) batterystats-wo identical 5 lines
02-02 00:43:25.635  1666  1684 E BatteryExternalStatsWorker: modem info is invalid: ModemActivityInfo{ mTimestamp=0 mSleepTimeMs=0 mIdleTimeMs=0 mTxTimeMs[]=[0, 0, 0, 0, 0] mRxTimeMs=0 mEnergyUsed=0}
02-02 00:43:25.635  1666  1680 I ProcessStatsService: Pruning old procstats: /data/system/procstats/state-2018-01-31-21-35-23.bin
02-02 00:43:27.906  1439  1439 I qemu-props: start adbd ...
02-02 00:43:45.631  1666  1684 E BatteryExternalStatsWorker: modem info is invalid: ModemActivityInfo{ mTimestamp=0 mSleepTimeMs=0 mIdleTimeMs=0 mTxTimeMs[]=[0, 0, 0, 0, 0] mRxTimeMs=0 mEnergyUsed=0}
02-02 00:44:00.013  1434  1456 I chatty  : uid=1000(system) android.hardwar expire 10 lines
02-02 00:44:27.909  1439  1439 I qemu-props: start adbd ...
02-02 00:44:35.625  1666  1680 I chatty  : uid=1000(system) android.bg expire 20 lines
02-02 00:45:27.915  1439  1439 I qemu-props: start adbd ...
02-02 00:46:27.919  1439  1439 I qemu-props: start adbd ...
02-02 00:47:27.927  1439  1439 I qemu-props: start adbd ...
02-02 00:48:27.935  1439  1439 I qemu-props: start adbd ...
02-02 00:49:27.936  1439  1439 I qemu-props: start adbd ...
02-02 00:49:05.631  1666  1684 I chatty  : uid=1000(system) batterystats-wo identical 16 lines
02-02 00:49:25.632  1666  1684 E BatteryExternalStatsWorker: modem info is invalid: ModemActivityInfo{ mTimestamp=0 mSleepTimeMs=0 mIdleTimeMs=0 mTxTimeMs[]=[0, 0, 0, 0, 0] mRxTimeMs=0 mEnergyUsed=0}
02-02 00:49:35.630  1666  7914 I ActivityManager: Killing 22182:com.google.process.gapps/u0a12 (adj 902): empty for 1802s
02-02 00:49:35.630  1666  7914 I ActivityManager: Killing 23930:com.google.android.gms.ui/u0a12 (adj 904): empty for 1802s
02-02 00:49:35.630  1666  7914 I ActivityManager: Killing 23903:android.process.acore/u0a1 (adj 904): empty for 1803s
02-02 00:49:35.630  1666  7914 I ActivityManager: Killing 23858:com.android.providers.calendar/u0a3 (adj 904): empty for 1803s
02-02 00:49:35.630  1666  7914 I ActivityManager: Killing 23835:android.process.media/u0a11 (adj 904): empty for 1803s
02-02 00:49:35.631  1666  7914 I ActivityManager: Killing 21574:com.google.android.partnersetup/u0a20 (adj 904): empty for 1803s
02-02 00:49:35.631  1666  1683 I chatty  : uid=1000(system) ActivityManager expire 14 lines
02-02 00:49:45.631  1666  1684 E BatteryExternalStatsWorker: modem info is invalid: ModemActivityInfo{ mTimestamp=0 mSleepTimeMs=0 mIdleTimeMs=0 mTxTimeMs[]=[0, 0, 0, 0, 0] mRxTimeMs=0 mEnergyUsed=0}
02-02 00:50:27.940  1439  1439 I qemu-props: start adbd ...
02-02 00:50:35.631  1666  1680 I chatty  : uid=1000(system) android.bg expire 12 lines
02-02 00:51:27.947  1439  1439 I qemu-props: start adbd ...
02-02 00:51:35.650  1666  1680 I chatty  : uid=1000(system) android.bg expire 10 lines
02-02 00:51:41.922  1426  1628 V EmulatedCamera_Camera: getCameraInfo
02-02 00:51:41.922  1426  1628 V EmulatedCamera_BaseCamera: getCameraInfo
02-02 00:51:41.924  1426  1628 V EmulatedCamera_Camera: getCameraInfo
02-02 00:51:41.924  1426  1628 V EmulatedCamera_BaseCamera: getCameraInfo
02-02 00:52:05.940  2590 24615 I chatty  : uid=10012(com.google.android.gms) expire 1 line
02-02 00:52:27.953  1439  1439 I qemu-props: start adbd ...
02-02 00:53:27.959  1439  1439 I qemu-props: start adbd ...
02-02 00:54:00.020  1434  1456 I chatty  : uid=1000(system) android.hardwar expire 10 lines
02-02 00:54:27.961  1439  1439 I qemu-props: start adbd ...
02-02 00:54:35.635  1666  1680 I chatty  : uid=1000(system) android.bg expire 10 lines
02-02 00:55:27.965  1439  1439 I qemu-props: start adbd ...
02-02 00:56:15.832 30638 24672 I SetupWizard: [DeferredSetupNotificationSchedulerService] Deferred notification scheduled at Mon Jan 29 12:25:18 PST 2018
02-02 00:56:27.967  1439  1439 I qemu-props: start adbd ...
02-02 00:57:27.970  1439  1439 I qemu-props: start adbd ...
02-02 00:58:27.976  1439  1439 I qemu-props: start adbd ...
02-02 00:59:27.979  1439  1439 I qemu-props: start adbd ...
02-02 00:59:33.581  2590 14092 I chatty  : uid=10012(com.google.android.gms) lowpool[11] expire 12 lines
02-02 01:00:27.986  1439  1439 I qemu-props: start adbd ...
02-02 01:00:45.650  1666  1680 I chatty  : uid=1000(system) android.bg expire 10 lines
02-02 01:01:27.991  1439  1439 I qemu-props: start adbd ...
02-02 01:01:41.997  1426  1628 V EmulatedCamera_Camera: getCameraInfo
02-02 01:01:41.997  1426  1628 V EmulatedCamera_BaseCamera: getCameraInfo
02-02 01:01:41.999  1426  1628 V EmulatedCamera_Camera: getCameraInfo
02-02 01:01:41.999  1426  1628 V EmulatedCamera_BaseCamera: getCameraInfo
02-02 01:02:27.999  1439  1439 I qemu-props: start adbd ...
02-02 01:03:28.010  1439  1439 I qemu-props: start adbd ...
02-02 01:04:00.007  1434  1456 I chatty  : uid=1000(system) android.hardwar expire 10 lines
02-02 01:04:28.018  1439  1439 I qemu-props: start adbd ...
02-02 01:05:28.020  1439  1439 I qemu-props: start adbd ...
02-02 01:06:28.021  1439  1439 I qemu-props: start adbd ...
02-02 01:06:35.646  1666  1680 I chatty  : uid=1000(system) android.bg expire 10 lines
02-02 01:07:28.028  1439  1439 I qemu-props: start adbd ...
02-02 01:08:28.030  1439  1439 I qemu-props: start adbd ...
02-02 01:09:05.670  1666  1680 I chatty  : uid=1000(system) android.bg expire 12 lines
02-02 01:09:28.032  1439  1439 I qemu-props: start adbd ...
02-02 01:10:28.040  1439  1439 I qemu-props: start adbd ...
02-02 01:10:56.388  1666  1684 I chatty  : uid=1000(system) batterystats-wo expire 4 lines
02-02 01:10:56.388  1666  1777 I chatty  : uid=1000(system) WifiStateMachin expire 1 line
02-02 01:10:25.671  1666  1684 I chatty  : uid=1000(system) batterystats-wo identical 62 lines
02-02 01:10:45.671  1666  1684 E BatteryExternalStatsWorker: modem info is invalid: ModemActivityInfo{ mTimestamp=0 mSleepTimeMs=0 mIdleTimeMs=0 mTxTimeMs[]=[0, 0, 0, 0, 0] mRxTimeMs=0 mEnergyUsed=0}
02-02 01:10:56.389  1666  1684 E BatteryExternalStatsWorker: no controller energy info supplied for wifi
02-02 01:10:56.390  1666  1684 E KernelCpuSpeedReader: Failed to read cpu-freq: /sys/devices/system/cpu/cpu0/cpufreq/stats/time_in_state (No such file or directory)
02-02 01:10:56.391  1666  1684 E BatteryExternalStatsWorker: modem info is invalid: ModemActivityInfo{ mTimestamp=0 mSleepTimeMs=0 mIdleTimeMs=0 mTxTimeMs[]=[0, 0, 0, 0, 0] mRxTimeMs=0 mEnergyUsed=0}
02-02 01:11:15.849 30638 24875 I SetupWizard: [DeferredSetupNotificationSchedulerService] Deferred notification scheduled at Mon Jan 29 12:25:18 PST 2018
02-02 01:11:15.855  1666  1774 I chatty  : uid=1000(system) NetworkPolicy expire 3 lines
02-02 01:11:05.675  1666  1684 E BatteryExternalStatsWorker: modem info is invalid: ModemActivityInfo{ mTimestamp=0 mSleepTimeMs=0 mIdleTimeMs=0 mTxTimeMs[]=[0, 0, 0, 0, 0] mRxTimeMs=0 mEnergyUsed=0}
02-02 01:11:15.856  1666  1774 D NetworkStats: Resolving plan for NetworkTemplate: matchRule=MOBILE_ALL, subscriberId=310260..., matchSubscriberIds=[310260...]
02-02 01:11:15.857  1666  1774 D NetworkStats: Found active matching subId 1
02-02 01:11:15.858  1666  1774 D NetworkStats: Resolved to plan null
02-02 01:11:15.859  1666  4611 I chatty  : uid=1000(system) Binder:1666_16 expire 1 line
02-02 01:11:15.859  2504 24874 W Settings: Setting mobile_data has moved from android.provider.Settings.Secure to android.provider.Settings.Global.
02-02 01:11:15.860  2504 24873 I ModelDownloadController: Handle the downloaded hotword model
02-02 01:11:15.860  2504 24873 I ModelDownloadController: the model is already used
02-02 01:11:25.671  1666  1684 E BatteryExternalStatsWorker: modem info is invalid: ModemActivityInfo{ mTimestamp=0 mSleepTimeMs=0 mIdleTimeMs=0 mTxTimeMs[]=[0, 0, 0, 0, 0] mRxTimeMs=0 mEnergyUsed=0}
02-02 01:11:28.048  1439  1439 I qemu-props: start adbd ...
02-02 01:11:42.070  1426  1628 V EmulatedCamera_Camera: getCameraInfo
02-02 01:11:42.070  1426  1628 V EmulatedCamera_BaseCamera: getCameraInfo
02-02 01:11:42.071  1426  1628 V EmulatedCamera_Camera: getCameraInfo
02-02 01:11:42.071  1426  1628 V EmulatedCamera_BaseCamera: getCameraInfo
02-02 01:12:28.055  1439  1439 I qemu-props: start adbd ...
02-02 01:13:28.056  1439  1439 I qemu-props: start adbd ...
02-02 01:14:00.005  1434  1456 I chatty  : uid=1000(system) android.hardwar expire 10 lines
02-02 01:14:28.060  1439  1439 I qemu-props: start adbd ...
02-02 01:14:55.652  1666  1680 I chatty  : uid=1000(system) android.bg expire 24 lines
02-02 01:15:28.068  1439  1439 I qemu-props: start adbd ...
02-02 01:16:28.074  1439  1439 I qemu-props: start adbd ...
02-02 01:17:28.076  1439  1439 I qemu-props: start adbd ...
02-02 01:18:28.082  1439  1439 I qemu-props: start adbd ...
02-02 01:19:28.085  1439  1439 I qemu-props: start adbd ...
02-02 01:19:33.011 24994 24994 W zygote  : Unexpected CPU variant for X86 using defaults: x86
02-02 01:19:05.671  1666  1684 I chatty  : uid=1000(system) batterystats-wo identical 23 lines
02-02 01:19:25.671  1666  1684 E BatteryExternalStatsWorker: modem info is invalid: ModemActivityInfo{ mTimestamp=0 mSleepTimeMs=0 mIdleTimeMs=0 mTxTimeMs[]=[0, 0, 0, 0, 0] mRxTimeMs=0 mEnergyUsed=0}
02-02 01:19:33.017  1666  1666 I ActivityManager: Start proc 24994:com.google.android.partnersetup/u0a20 for service com.google.android.partnersetup/.InstalledAppJobService
02-02 01:19:33.023 24994 24994 I zygote  : The ClassLoaderContext is a special shared library.
02-02 01:19:33.025 24994 25001 E zygote  : Failed sending reply to debugger: Broken pipe
02-02 01:19:33.025 24994 25001 I zygote  : Debugger is no longer active
02-02 01:19:33.037  1666  2473 I ActivityManager: Killing 24076:com.google.android.dialer/u0a18 (adj 906): empty for 3599s
02-02 01:19:33.039  1666  1683 I chatty  : uid=1000(system) ActivityManager expire 7 lines
02-02 01:19:33.091 25015 25015 I chatty  : uid=10012 com.google.android.gms.unstable expire 8 lines
02-02 01:19:33.098  1666  2471 I ActivityManager: Start proc 25015:com.google.android.gms.unstable/u0a12 for service com.google.android.gms/.droidguard.DroidGuardService
02-02 01:19:33.150  2342 25031 I chatty  : uid=10012 com.google.android.gms.persistent expire 2 lines
02-02 01:19:33.204  1582  4684 I DrmHal  : makeDrmFactories: factory instance default is Remote
02-02 01:19:33.205  1582  4684 I DrmHal  : makeDrmFactories: factory instance widevine is Remote
02-02 01:19:33.205  1430 14828 D WVCdm   : Instantiating CDM.
02-02 01:19:33.205  1430 14828 I WVCdm   : CdmEngine::QueryStatus
02-02 01:19:33.207  1430 25045 I WVCdm   : Level3 Library 4464 May 19 2017 16:59:48
02-02 01:19:33.208  1430 14828 I WVCdm   : L3 Initialized. Trying L1.
