01-31 17:51:29.614  1666  1684 E BatteryExternalStatsWorker: modem info is invalid: ModemActivityInfo{ mTimestamp=0 mSleepTimeMs=0 mIdleTimeMs=0 mTxTimeMs[]=[0, 0, 0, 0, 0] mRxTimeMs=0 mEnergyUsed=0}
01-31 17:53:27.695  1666  1684 E BatteryExternalStatsWorker: modem info is invalid: ModemActivityInfo{ mTimestamp=0 mSleepTimeMs=0 mIdleTimeMs=0 mTxTimeMs[]=[0, 0, 0, 0, 0] mRxTimeMs=0 mEnergyUsed=0}
01-31 17:54:27.654  1666  1684 E BatteryExternalStatsWorker: modem info is invalid: ModemActivityInfo{ mTimestamp=0 mSleepTimeMs=0 mIdleTimeMs=0 mTxTimeMs[]=[0, 0, 0, 0, 0] mRxTimeMs=0 mEnergyUsed=0}
01-31 17:56:34.716  1666  1684 E BatteryExternalStatsWorker: modem info is invalid: ModemActivityInfo{ mTimestamp=0 mSleepTimeMs=0 mIdleTimeMs=0 mTxTimeMs[]=[0, 0, 0, 0, 0] mRxTimeMs=0 mEnergyUsed=0}
01-31 18:01:49.236  1666  1684 E BatteryExternalStatsWorker: modem info is invalid: ModemActivityInfo{ mTimestamp=0 mSleepTimeMs=0 mIdleTimeMs=0 mTxTimeMs[]=[0, 0, 0, 0, 0] mRxTimeMs=0 mEnergyUsed=0}
01-31 18:03:59.019  1666  1781 D ConnectivityService: reportNetworkConnectivity(100, false) by 10012
01-31 18:03:59.516  1666  1781 D ConnectivityService: NetworkAgentInfo [MOBILE (LTE) - 100] validation passed
01-31 18:04:09.635  1666  1684 E BatteryExternalStatsWorker: modem info is invalid: ModemActivityInfo{ mTimestamp=0 mSleepTimeMs=0 mIdleTimeMs=0 mTxTimeMs[]=[0, 0, 0, 0, 0] mRxTimeMs=0 mEnergyUsed=0}
01-31 18:07:33.875  1666  1684 E BatteryExternalStatsWorker: modem info is invalid: ModemActivityInfo{ mTimestamp=0 mSleepTimeMs=0 mIdleTimeMs=0 mTxTimeMs[]=[0, 0, 0, 0, 0] mRxTimeMs=0 mEnergyUsed=0}
01-31 18:08:09.594  1666  1684 I chatty  : uid=1000(system) batterystats-wo identical 1 line
01-31 18:09:09.535  1666  1684 E BatteryExternalStatsWorker: modem info is invalid: ModemActivityInfo{ mTimestamp=0 mSleepTimeMs=0 mIdleTimeMs=0 mTxTimeMs[]=[0, 0, 0, 0, 0] mRxTimeMs=0 mEnergyUsed=0}
01-31 18:09:16.192  1666  1680 I UsageStatsService: User[0] Flushing usage stats to disk
01-31 18:10:56.068  1666  1684 E BatteryExternalStatsWorker: no controller energy info supplied for wifi
01-31 18:10:56.075  1666  1684 E KernelCpuSpeedReader: Failed to read cpu-freq: /sys/devices/system/cpu/cpu0/cpufreq/stats/time_in_state (No such file or directory)
01-31 18:10:56.076  1666  1684 E BatteryExternalStatsWorker: modem info is invalid: ModemActivityInfo{ mTimestamp=0 mSleepTimeMs=0 mIdleTimeMs=0 mTxTimeMs[]=[0, 0, 0, 0, 0] mRxTimeMs=0 mEnergyUsed=0}
01-31 18:11:14.400  1666  1666 I EntropyMixer: Writing entropy...
01-31 18:12:28.174  1666  1684 E BatteryExternalStatsWorker: modem info is invalid: ModemActivityInfo{ mTimestamp=0 mSleepTimeMs=0 mIdleTimeMs=0 mTxTimeMs[]=[0, 0, 0, 0, 0] mRxTimeMs=0 mEnergyUsed=0}
01-31 18:17:43.635  1666  1684 E BatteryExternalStatsWorker: modem info is invalid: ModemActivityInfo{ mTimestamp=0 mSleepTimeMs=0 mIdleTimeMs=0 mTxTimeMs[]=[0, 0, 0, 0, 0] mRxTimeMs=0 mEnergyUsed=0}
01-31 18:19:15.892  1666  1774 D NetworkStats: Resolving plan for NetworkTemplate: matchRule=MOBILE_ALL, subscriberId=310260..., matchSubscriberIds=[310260...]
01-31 18:19:15.893  1666  1774 D NetworkStats: Found active matching subId 1
01-31 18:19:15.897  1666  1774 D NetworkStats: Resolved to plan null
01-31 18:19:27.475  1666  1684 E BatteryExternalStatsWorker: modem info is invalid: ModemActivityInfo{ mTimestamp=0 mSleepTimeMs=0 mIdleTimeMs=0 mTxTimeMs[]=[0, 0, 0, 0, 0] mRxTimeMs=0 mEnergyUsed=0}
01-31 18:23:27.555  1666  1684 E BatteryExternalStatsWorker: modem info is invalid: ModemActivityInfo{ mTimestamp=0 mSleepTimeMs=0 mIdleTimeMs=0 mTxTimeMs[]=[0, 0, 0, 0, 0] mRxTimeMs=0 mEnergyUsed=0}
01-31 18:24:02.355  1666  1684 I chatty  : uid=1000(system) batterystats-wo identical 1 line
01-31 18:24:27.517  1666  1684 E BatteryExternalStatsWorker: modem info is invalid: ModemActivityInfo{ mTimestamp=0 mSleepTimeMs=0 mIdleTimeMs=0 mTxTimeMs[]=[0, 0, 0, 0, 0] mRxTimeMs=0 mEnergyUsed=0}
01-31 18:32:09.674  1666  1684 E BatteryExternalStatsWorker: modem info is invalid: ModemActivityInfo{ mTimestamp=0 mSleepTimeMs=0 mIdleTimeMs=0 mTxTimeMs[]=[0, 0, 0, 0, 0] mRxTimeMs=0 mEnergyUsed=0}
01-31 18:32:44.953  1666  1684 I chatty  : uid=1000(system) batterystats-wo identical 1 line
01-31 18:33:27.395  1666  1684 E BatteryExternalStatsWorker: modem info is invalid: ModemActivityInfo{ mTimestamp=0 mSleepTimeMs=0 mIdleTimeMs=0 mTxTimeMs[]=[0, 0, 0, 0, 0] mRxTimeMs=0 mEnergyUsed=0}
01-31 18:34:00.009  1666  1680 I ProcessStatsService: Pruning old procstats: /data/system/procstats/state-2018-01-30-15-20-33.bin
01-31 18:36:44.876  1666  1684 E BatteryExternalStatsWorker: modem info is invalid: ModemActivityInfo{ mTimestamp=0 mSleepTimeMs=0 mIdleTimeMs=0 mTxTimeMs[]=[0, 0, 0, 0, 0] mRxTimeMs=0 mEnergyUsed=0}
01-31 18:39:37.976  1666  1684 E BatteryExternalStatsWorker: modem info is invalid: ModemActivityInfo{ mTimestamp=0 mSleepTimeMs=0 mIdleTimeMs=0 mTxTimeMs[]=[0, 0, 0, 0, 0] mRxTimeMs=0 mEnergyUsed=0}
01-31 18:40:56.064  1666  1684 E BatteryExternalStatsWorker: no controller energy info supplied for wifi
01-31 18:40:56.066  1666  1684 E KernelCpuSpeedReader: Failed to read cpu-freq: /sys/devices/system/cpu/cpu0/cpufreq/stats/time_in_state (No such file or directory)
01-31 18:40:56.067  1666  1684 E BatteryExternalStatsWorker: modem info is invalid: ModemActivityInfo{ mTimestamp=0 mSleepTimeMs=0 mIdleTimeMs=0 mTxTimeMs[]=[0, 0, 0, 0, 0] mRxTimeMs=0 mEnergyUsed=0}
01-31 18:41:15.787  1666  1774 D NetworkStats: Resolving plan for NetworkTemplate: matchRule=MOBILE_ALL, subscriberId=310260..., matchSubscriberIds=[310260...]
01-31 18:41:15.788  1666  1774 D NetworkStats: Found active matching subId 1
01-31 18:41:15.790  1666  1774 D NetworkStats: Resolved to plan null
01-31 18:43:15.316  1666  1684 E BatteryExternalStatsWorker: modem info is invalid: ModemActivityInfo{ mTimestamp=0 mSleepTimeMs=0 mIdleTimeMs=0 mTxTimeMs[]=[0, 0, 0, 0, 0] mRxTimeMs=0 mEnergyUsed=0}
01-31 18:48:46.915  1666  1684 E BatteryExternalStatsWorker: modem info is invalid: ModemActivityInfo{ mTimestamp=0 mSleepTimeMs=0 mIdleTimeMs=0 mTxTimeMs[]=[0, 0, 0, 0, 0] mRxTimeMs=0 mEnergyUsed=0}
01-31 18:50:21.042  1666  1666 V BackupManagerService: Scheduling immediate backup pass
01-31 18:50:21.045  1666  1666 W BackupManagerService: Backup pass but e=false p=true
01-31 18:50:32.775  1666  1684 E BatteryExternalStatsWorker: modem info is invalid: ModemActivityInfo{ mTimestamp=0 mSleepTimeMs=0 mIdleTimeMs=0 mTxTimeMs[]=[0, 0, 0, 0, 0] mRxTimeMs=0 mEnergyUsed=0}
01-31 18:54:32.774  1666  1684 E BatteryExternalStatsWorker: modem info is invalid: ModemActivityInfo{ mTimestamp=0 mSleepTimeMs=0 mIdleTimeMs=0 mTxTimeMs[]=[0, 0, 0, 0, 0] mRxTimeMs=0 mEnergyUsed=0}
01-31 18:55:32.756  1666  1684 I chatty  : uid=1000(system) batterystats-wo identical 1 line
01-31 18:56:15.035  1666  1684 E BatteryExternalStatsWorker: modem info is invalid: ModemActivityInfo{ mTimestamp=0 mSleepTimeMs=0 mIdleTimeMs=0 mTxTimeMs[]=[0, 0, 0, 0, 0] mRxTimeMs=0 mEnergyUsed=0}
01-31 18:56:21.107  1666  2335 V KeyValueBackupJob: Scheduling k/v pass in 247 minutes
01-31 19:00:09.756  1666  1684 E BatteryExternalStatsWorker: modem info is invalid: ModemActivityInfo{ mTimestamp=0 mSleepTimeMs=0 mIdleTimeMs=0 mTxTimeMs[]=[0, 0, 0, 0, 0] mRxTimeMs=0 mEnergyUsed=0}
01-31 19:01:02.915  1666  1684 E BatteryExternalStatsWorker: modem info is invalid: ModemActivityInfo{ mTimestamp=0 mSleepTimeMs=0 mIdleTimeMs=0 mTxTimeMs[]=[0, 0, 0, 0, 0] mRxTimeMs=0 mEnergyUsed=0}
01-31 19:08:15.476  1666  1684 E BatteryExternalStatsWorker: modem info is invalid: ModemActivityInfo{ mTimestamp=0 mSleepTimeMs=0 mIdleTimeMs=0 mTxTimeMs[]=[0, 0, 0, 0, 0] mRxTimeMs=0 mEnergyUsed=0}
01-31 19:10:21.211  1666  1680 I UsageStatsService: User[0] Flushing usage stats to disk
01-31 19:10:56.069  1666  1684 E BatteryExternalStatsWorker: no controller energy info supplied for wifi
01-31 19:10:56.075  1666  1684 E KernelCpuSpeedReader: Failed to read cpu-freq: /sys/devices/system/cpu/cpu0/cpufreq/stats/time_in_state (No such file or directory)
01-31 19:10:56.076  1666  1684 E BatteryExternalStatsWorker: modem info is invalid: ModemActivityInfo{ mTimestamp=0 mSleepTimeMs=0 mIdleTimeMs=0 mTxTimeMs[]=[0, 0, 0, 0, 0] mRxTimeMs=0 mEnergyUsed=0}
01-31 19:11:21.146  1666  1774 D NetworkStats: Resolving plan for NetworkTemplate: matchRule=MOBILE_ALL, subscriberId=310260..., matchSubscriberIds=[310260...]
01-31 19:11:21.147  1666  1774 D NetworkStats: Found active matching subId 1
01-31 19:11:21.149  1666  1774 D NetworkStats: Resolved to plan null
01-31 19:15:01.956  1666  1684 E BatteryExternalStatsWorker: modem info is invalid: ModemActivityInfo{ mTimestamp=0 mSleepTimeMs=0 mIdleTimeMs=0 mTxTimeMs[]=[0, 0, 0, 0, 0] mRxTimeMs=0 mEnergyUsed=0}
01-31 19:19:32.235  1666  1684 E BatteryExternalStatsWorker: modem info is invalid: ModemActivityInfo{ mTimestamp=0 mSleepTimeMs=0 mIdleTimeMs=0 mTxTimeMs[]=[0, 0, 0, 0, 0] mRxTimeMs=0 mEnergyUsed=0}
01-31 19:20:52.916  1666  1684 E BatteryExternalStatsWorker: modem info is invalid: ModemActivityInfo{ mTimestamp=0 mSleepTimeMs=0 mIdleTimeMs=0 mTxTimeMs[]=[0, 0, 0, 0, 0] mRxTimeMs=0 mEnergyUsed=0}
01-31 19:23:32.274  1666  1684 E BatteryExternalStatsWorker: modem info is invalid: ModemActivityInfo{ mTimestamp=0 mSleepTimeMs=0 mIdleTimeMs=0 mTxTimeMs[]=[0, 0, 0, 0, 0] mRxTimeMs=0 mEnergyUsed=0}
01-31 19:24:32.276  1666  1684 E BatteryExternalStatsWorker: modem info is invalid: ModemActivityInfo{ mTimestamp=0 mSleepTimeMs=0 mIdleTimeMs=0 mTxTimeMs[]=[0, 0, 0, 0, 0] mRxTimeMs=0 mEnergyUsed=0}
01-31 19:28:09.836  1666  1684 E BatteryExternalStatsWorker: modem info is invalid: ModemActivityInfo{ mTimestamp=0 mSleepTimeMs=0 mIdleTimeMs=0 mTxTimeMs[]=[0, 0, 0, 0, 0] mRxTimeMs=0 mEnergyUsed=0}
01-31 19:30:45.716  1666  1684 E BatteryExternalStatsWorker: modem info is invalid: ModemActivityInfo{ mTimestamp=0 mSleepTimeMs=0 mIdleTimeMs=0 mTxTimeMs[]=[0, 0, 0, 0, 0] mRxTimeMs=0 mEnergyUsed=0}
01-31 19:36:39.675  1666  1684 E BatteryExternalStatsWorker: modem info is invalid: ModemActivityInfo{ mTimestamp=0 mSleepTimeMs=0 mIdleTimeMs=0 mTxTimeMs[]=[0, 0, 0, 0, 0] mRxTimeMs=0 mEnergyUsed=0}
01-31 19:40:56.079  1666  1684 E BatteryExternalStatsWorker: no controller energy info supplied for wifi
01-31 19:40:56.084  1666  1684 E KernelCpuSpeedReader: Failed to read cpu-freq: /sys/devices/system/cpu/cpu0/cpufreq/stats/time_in_state (No such file or directory)
01-31 19:40:56.086  1666  1684 E BatteryExternalStatsWorker: modem info is invalid: ModemActivityInfo{ mTimestamp=0 mSleepTimeMs=0 mIdleTimeMs=0 mTxTimeMs[]=[0, 0, 0, 0, 0] mRxTimeMs=0 mEnergyUsed=0}
01-31 19:45:37.715  1666  1684 E BatteryExternalStatsWorker: modem info is invalid: ModemActivityInfo{ mTimestamp=0 mSleepTimeMs=0 mIdleTimeMs=0 mTxTimeMs[]=[0, 0, 0, 0, 0] mRxTimeMs=0 mEnergyUsed=0}
01-31 19:49:48.952  1666  1684 E BatteryExternalStatsWorker: modem info is invalid: ModemActivityInfo{ mTimestamp=0 mSleepTimeMs=0 mIdleTimeMs=0 mTxTimeMs[]=[0, 0, 0, 0, 0] mRxTimeMs=0 mEnergyUsed=0}
01-31 19:50:21.344  1666  1774 D NetworkStats: Resolving plan for NetworkTemplate: matchRule=MOBILE_ALL, subscriberId=310260..., matchSubscriberIds=[310260...]
01-31 19:50:21.348  1666  1774 D NetworkStats: Found active matching subId 1
01-31 19:50:21.351  1666  1774 D NetworkStats: Resolved to plan null
01-31 19:53:51.715  1666  1684 E BatteryExternalStatsWorker: modem info is invalid: ModemActivityInfo{ mTimestamp=0 mSleepTimeMs=0 mIdleTimeMs=0 mTxTimeMs[]=[0, 0, 0, 0, 0] mRxTimeMs=0 mEnergyUsed=0}
01-31 19:56:11.395  1666  1684 E BatteryExternalStatsWorker: modem info is invalid: ModemActivityInfo{ mTimestamp=0 mSleepTimeMs=0 mIdleTimeMs=0 mTxTimeMs[]=[0, 0, 0, 0, 0] mRxTimeMs=0 mEnergyUsed=0}
01-31 20:00:11.435  1666  1684 E BatteryExternalStatsWorker: modem info is invalid: ModemActivityInfo{ mTimestamp=0 mSleepTimeMs=0 mIdleTimeMs=0 mTxTimeMs[]=[0, 0, 0, 0, 0] mRxTimeMs=0 mEnergyUsed=0}
01-31 20:01:11.396  1666  1684 E BatteryExternalStatsWorker: modem info is invalid: ModemActivityInfo{ mTimestamp=0 mSleepTimeMs=0 mIdleTimeMs=0 mTxTimeMs[]=[0, 0, 0, 0, 0] mRxTimeMs=0 mEnergyUsed=0}
01-31 20:09:48.854  1666  1684 E BatteryExternalStatsWorker: modem info is invalid: ModemActivityInfo{ mTimestamp=0 mSleepTimeMs=0 mIdleTimeMs=0 mTxTimeMs[]=[0, 0, 0, 0, 0] mRxTimeMs=0 mEnergyUsed=0}
01-31 20:10:56.088  1666  1684 E BatteryExternalStatsWorker: no controller energy info supplied for wifi
01-31 20:10:56.094  1666  1684 E KernelCpuSpeedReader: Failed to read cpu-freq: /sys/devices/system/cpu/cpu0/cpufreq/stats/time_in_state (No such file or directory)
01-31 20:10:56.095  1666  1684 E BatteryExternalStatsWorker: modem info is invalid: ModemActivityInfo{ mTimestamp=0 mSleepTimeMs=0 mIdleTimeMs=0 mTxTimeMs[]=[0, 0, 0, 0, 0] mRxTimeMs=0 mEnergyUsed=0}
01-31 20:11:17.107  1666  1774 D NetworkStats: Resolving plan for NetworkTemplate: matchRule=MOBILE_ALL, subscriberId=310260..., matchSubscriberIds=[310260...]
01-31 20:11:17.107  1666  1774 D NetworkStats: Found active matching subId 1
01-31 20:11:17.112  1666  1774 D NetworkStats: Resolved to plan null
01-31 20:15:59.981  1666  1680 I UsageStatsService: User[0] Flushing usage stats to disk
01-31 20:18:03.395  1666  1684 E BatteryExternalStatsWorker: modem info is invalid: ModemActivityInfo{ mTimestamp=0 mSleepTimeMs=0 mIdleTimeMs=0 mTxTimeMs[]=[0, 0, 0, 0, 0] mRxTimeMs=0 mEnergyUsed=0}
01-31 20:19:22.189  1666 10572 I ActivityManager: Start proc 4593:com.google.android.gms.ui/u0a12 for service com.google.android.gms/.chimera.UiIntentOperationService
01-31 20:19:22.282  1666  1931 I ActivityManager: Start proc 4627:com.google.process.gapps/u0a12 for content provider com.google.android.gsf/.settings.GoogleSettingsProvider
01-31 20:19:22.506  1666  1931 I ActivityManager: Start proc 4663:com.google.android.dialer/u0a18 for broadcast com.google.android.dialer/com.google.android.apps.dialer.phenotype.UpdateBroadcastReceiver
01-31 20:19:22.547  1666  3470 I ActivityManager: Start proc 4687:com.google.android.gms.feedback/u0a12 for service com.google.android.gms/.feedback.FeedbackService
01-31 20:19:29.971  1666  4611 I ActivityManager: Killing 1965:com.android.providers.calendar/u0a3 (adj 906): empty for 14879s
01-31 20:19:32.092  1666  1684 E BatteryExternalStatsWorker: modem info is invalid: ModemActivityInfo{ mTimestamp=0 mSleepTimeMs=0 mIdleTimeMs=0 mTxTimeMs[]=[0, 0, 0, 0, 0] mRxTimeMs=0 mEnergyUsed=0}
01-31 20:21:46.516  1666  1684 E BatteryExternalStatsWorker: modem info is invalid: ModemActivityInfo{ mTimestamp=0 mSleepTimeMs=0 mIdleTimeMs=0 mTxTimeMs[]=[0, 0, 0, 0, 0] mRxTimeMs=0 mEnergyUsed=0}
01-31 20:23:32.137  1666  1684 E BatteryExternalStatsWorker: modem info is invalid: ModemActivityInfo{ mTimestamp=0 mSleepTimeMs=0 mIdleTimeMs=0 mTxTimeMs[]=[0, 0, 0, 0, 0] mRxTimeMs=0 mEnergyUsed=0}
01-31 20:24:32.116  1666  1684 I chatty  : uid=1000(system) batterystats-wo identical 2 lines
01-31 20:25:09.876  1666  1684 E BatteryExternalStatsWorker: modem info is invalid: ModemActivityInfo{ mTimestamp=0 mSleepTimeMs=0 mIdleTimeMs=0 mTxTimeMs[]=[0, 0, 0, 0, 0] mRxTimeMs=0 mEnergyUsed=0}
01-31 20:26:15.779  1666  1666 I ActivityManager: Killing 2333:com.google.android.gms.unstable/u0a12 (adj 904): empty for 1810s
01-31 20:28:59.036  1666  1684 E BatteryExternalStatsWorker: modem info is invalid: ModemActivityInfo{ mTimestamp=0 mSleepTimeMs=0 mIdleTimeMs=0 mTxTimeMs[]=[0, 0, 0, 0, 0] mRxTimeMs=0 mEnergyUsed=0}
01-31 20:29:09.876  1666  1684 E BatteryExternalStatsWorker: modem info is invalid: ModemActivityInfo{ mTimestamp=0 mSleepTimeMs=0 mIdleTimeMs=0 mTxTimeMs[]=[0, 0, 0, 0, 0] mRxTimeMs=0 mEnergyUsed=0}
01-31 20:35:19.515  1666  1684 E BatteryExternalStatsWorker: modem info is invalid: ModemActivityInfo{ mTimestamp=0 mSleepTimeMs=0 mIdleTimeMs=0 mTxTimeMs[]=[0, 0, 0, 0, 0] mRxTimeMs=0 mEnergyUsed=0}
01-31 20:39:22.383  1666  1680 I UsageStatsService: User[0] Flushing usage stats to disk
01-31 20:39:59.735  1666  1684 E BatteryExternalStatsWorker: modem info is invalid: ModemActivityInfo{ mTimestamp=0 mSleepTimeMs=0 mIdleTimeMs=0 mTxTimeMs[]=[0, 0, 0, 0, 0] mRxTimeMs=0 mEnergyUsed=0}
01-31 20:40:56.089  1666  1684 E BatteryExternalStatsWorker: no controller energy info supplied for wifi
01-31 20:40:56.094  1666  1684 E KernelCpuSpeedReader: Failed to read cpu-freq: /sys/devices/system/cpu/cpu0/cpufreq/stats/time_in_state (No such file or directory)
01-31 20:40:56.095  1666  1684 E BatteryExternalStatsWorker: modem info is invalid: ModemActivityInfo{ mTimestamp=0 mSleepTimeMs=0 mIdleTimeMs=0 mTxTimeMs[]=[0, 0, 0, 0, 0] mRxTimeMs=0 mEnergyUsed=0}
01-31 20:42:15.867  1666  1774 D NetworkStats: Resolving plan for NetworkTemplate: matchRule=MOBILE_ALL, subscriberId=310260..., matchSubscriberIds=[310260...]
01-31 20:42:15.870  1666  1774 D NetworkStats: Found active matching subId 1
01-31 20:42:15.878  1666  1774 D NetworkStats: Resolved to plan null
01-31 20:44:43.796  1666  1684 E BatteryExternalStatsWorker: modem info is invalid: ModemActivityInfo{ mTimestamp=0 mSleepTimeMs=0 mIdleTimeMs=0 mTxTimeMs[]=[0, 0, 0, 0, 0] mRxTimeMs=0 mEnergyUsed=0}
01-31 20:49:41.929  1666  3470 I ActivityManager: Killing 4593:com.google.android.gms.ui/u0a12 (adj 906): empty for 1819s
01-31 20:49:41.929  1666  3470 I ActivityManager: Killing 2106:com.google.android.partnersetup/u0a20 (adj 906): empty for 1820s
01-31 20:49:51.951  1666  1684 E BatteryExternalStatsWorker: modem info is invalid: ModemActivityInfo{ mTimestamp=0 mSleepTimeMs=0 mIdleTimeMs=0 mTxTimeMs[]=[0, 0, 0, 0, 0] mRxTimeMs=0 mEnergyUsed=0}
01-31 20:52:10.095  1666  1684 E BatteryExternalStatsWorker: modem info is invalid: ModemActivityInfo{ mTimestamp=0 mSleepTimeMs=0 mIdleTimeMs=0 mTxTimeMs[]=[0, 0, 0, 0, 0] mRxTimeMs=0 mEnergyUsed=0}
01-31 20:55:47.753  1666  1684 E BatteryExternalStatsWorker: modem info is invalid: ModemActivityInfo{ mTimestamp=0 mSleepTimeMs=0 mIdleTimeMs=0 mTxTimeMs[]=[0, 0, 0, 0, 0] mRxTimeMs=0 mEnergyUsed=0}
01-31 21:04:34.175  1666  1684 E BatteryExternalStatsWorker: modem info is invalid: ModemActivityInfo{ mTimestamp=0 mSleepTimeMs=0 mIdleTimeMs=0 mTxTimeMs[]=[0, 0, 0, 0, 0] mRxTimeMs=0 mEnergyUsed=0}
01-31 21:10:56.094  1666  1684 E BatteryExternalStatsWorker: no controller energy info supplied for wifi
01-31 21:10:56.095  1666  1684 E KernelCpuSpeedReader: Failed to read cpu-freq: /sys/devices/system/cpu/cpu0/cpufreq/stats/time_in_state (No such file or directory)
01-31 21:10:56.096  1666  1684 E BatteryExternalStatsWorker: modem info is invalid: ModemActivityInfo{ mTimestamp=0 mSleepTimeMs=0 mIdleTimeMs=0 mTxTimeMs[]=[0, 0, 0, 0, 0] mRxTimeMs=0 mEnergyUsed=0}
01-31 21:11:14.417  1666  1666 I EntropyMixer: Writing entropy...
01-31 21:13:27.354  1666  1684 E BatteryExternalStatsWorker: modem info is invalid: ModemActivityInfo{ mTimestamp=0 mSleepTimeMs=0 mIdleTimeMs=0 mTxTimeMs[]=[0, 0, 0, 0, 0] mRxTimeMs=0 mEnergyUsed=0}
01-31 21:18:08.375  1666  1684 E BatteryExternalStatsWorker: modem info is invalid: ModemActivityInfo{ mTimestamp=0 mSleepTimeMs=0 mIdleTimeMs=0 mTxTimeMs[]=[0, 0, 0, 0, 0] mRxTimeMs=0 mEnergyUsed=0}
01-31 21:19:21.235  1666  1666 I ActivityManager: Start proc 5236:com.google.android.partnersetup/u0a20 for service com.google.android.partnersetup/.InstalledAppJobService
01-31 21:19:21.254  1666  1774 D NetworkStats: Resolving plan for NetworkTemplate: matchRule=MOBILE_ALL, subscriberId=310260..., matchSubscriberIds=[310260...]
01-31 21:19:21.255  1666  1774 D NetworkStats: Found active matching subId 1
01-31 21:19:21.262  1666  1774 D NetworkStats: Resolved to plan null
01-31 21:19:21.279  1666  2470 I ActivityManager: Killing 4627:com.google.process.gapps/u0a12 (adj 906): empty for 3598s
01-31 21:19:21.368  1666 10572 I ActivityManager: Start proc 5266:com.google.android.gms.unstable/u0a12 for service com.google.android.gms/.droidguard.DroidGuardService
01-31 21:19:21.473  2590  5286 E ActivityThread: Failed to find provider info for com.google.android.wearable.settings
01-31 21:19:23.352  1666  1681 I ActivityManager: Start proc 5332:com.google.android.apps.photos/u0a69 for broadcast com.google.android.apps.photos/com.google.android.apps.moviemaker.app.ApplicationEnabler$Receiver
01-31 21:19:23.405  2590  5286 E ActivityThread: Failed to find provider info for com.google.android.wearable.settings
01-31 21:19:23.568  1666  1838 I ActivityManager: Start proc 5368:com.google.process.gapps/u0a12 for broadcast com.google.android.gsf/.loginservice.ServicesWatcher
01-31 21:19:23.588  1666  2452 W ActivityManager: Unable to start service Intent { cmp=com.google.android.gms/.analytics.service.RefreshEnabledStateService } U=0: not found
01-31 21:19:33.355  1666  1666 I ActivityManager: Start proc 5411:com.google.android.configupdater/u0a5 for service com.google.android.configupdater/.MainJobService
01-31 21:19:33.392  1666  1931 I ActivityManager: Killing 4663:com.google.android.dialer/u0a18 (adj 904): empty for 3610s
01-31 21:19:34.395  1666  1684 E BatteryExternalStatsWorker: modem info is invalid: ModemActivityInfo{ mTimestamp=0 mSleepTimeMs=0 mIdleTimeMs=0 mTxTimeMs[]=[0, 0, 0, 0, 0] mRxTimeMs=0 mEnergyUsed=0}
01-31 21:19:43.506  1666  1678 I ActivityManager: Killing 4687:com.google.android.gms.feedback/u0a12 (adj 904): empty for 3620s
01-31 21:19:48.333  1666  4581 I ActivityManager: Killing 1947:com.google.android.calendar/u0a43 (adj 906): empty for 3625s
01-31 21:20:10.171  1666  1684 E BatteryExternalStatsWorker: modem info is invalid: ModemActivityInfo{ mTimestamp=0 mSleepTimeMs=0 mIdleTimeMs=0 mTxTimeMs[]=[0, 0, 0, 0, 0] mRxTimeMs=0 mEnergyUsed=0}
01-31 21:23:34.454  1666  1684 E BatteryExternalStatsWorker: modem info is invalid: ModemActivityInfo{ mTimestamp=0 mSleepTimeMs=0 mIdleTimeMs=0 mTxTimeMs[]=[0, 0, 0, 0, 0] mRxTimeMs=0 mEnergyUsed=0}
01-31 21:24:34.395  1666  1684 E BatteryExternalStatsWorker: modem info is invalid: ModemActivityInfo{ mTimestamp=0 mSleepTimeMs=0 mIdleTimeMs=0 mTxTimeMs[]=[0, 0, 0, 0, 0] mRxTimeMs=0 mEnergyUsed=0}
01-31 21:27:22.495  1666  1684 E BatteryExternalStatsWorker: modem info is invalid: ModemActivityInfo{ mTimestamp=0 mSleepTimeMs=0 mIdleTimeMs=0 mTxTimeMs[]=[0, 0, 0, 0, 0] mRxTimeMs=0 mEnergyUsed=0}
01-31 21:31:27.274  1666  1684 E BatteryExternalStatsWorker: modem info is invalid: ModemActivityInfo{ mTimestamp=0 mSleepTimeMs=0 mIdleTimeMs=0 mTxTimeMs[]=[0, 0, 0, 0, 0] mRxTimeMs=0 mEnergyUsed=0}
01-31 21:35:23.691  1666  1680 I ProcessStatsService: Pruning old procstats: /data/system/procstats/state-2018-01-30-18-21-54.bin
01-31 21:38:01.615  1666  1684 E BatteryExternalStatsWorker: modem info is invalid: ModemActivityInfo{ mTimestamp=0 mSleepTimeMs=0 mIdleTimeMs=0 mTxTimeMs[]=[0, 0, 0, 0, 0] mRxTimeMs=0 mEnergyUsed=0}
01-31 21:39:21.436  1666  1680 I UsageStatsService: User[0] Flushing usage stats to disk
01-31 21:40:56.111  1666  1684 E BatteryExternalStatsWorker: no controller energy info supplied for wifi
01-31 21:40:56.116  1666  1684 E KernelCpuSpeedReader: Failed to read cpu-freq: /sys/devices/system/cpu/cpu0/cpufreq/stats/time_in_state (No such file or directory)
01-31 21:40:56.118  1666  1684 E BatteryExternalStatsWorker: modem info is invalid: ModemActivityInfo{ mTimestamp=0 mSleepTimeMs=0 mIdleTimeMs=0 mTxTimeMs[]=[0, 0, 0, 0, 0] mRxTimeMs=0 mEnergyUsed=0}
01-31 21:41:23.732  1666  1774 D NetworkStats: Resolving plan for NetworkTemplate: matchRule=MOBILE_ALL, subscriberId=310260..., matchSubscriberIds=[310260...]
01-31 21:41:23.733  1666  1774 D NetworkStats: Found active matching subId 1
01-31 21:41:23.735  1666  1774 D NetworkStats: Resolved to plan null
01-31 21:44:02.376  1666  1684 E BatteryExternalStatsWorker: modem info is invalid: ModemActivityInfo{ mTimestamp=0 mSleepTimeMs=0 mIdleTimeMs=0 mTxTimeMs[]=[0, 0, 0, 0, 0] mRxTimeMs=0 mEnergyUsed=0}
01-31 21:47:54.555  1666  1684 E BatteryExternalStatsWorker: modem info is invalid: ModemActivityInfo{ mTimestamp=0 mSleepTimeMs=0 mIdleTimeMs=0 mTxTimeMs[]=[0, 0, 0, 0, 0] mRxTimeMs=0 mEnergyUsed=0}
01-31 21:48:10.255  1666  1684 E BatteryExternalStatsWorker: modem info is invalid: ModemActivityInfo{ mTimestamp=0 mSleepTimeMs=0 mIdleTimeMs=0 mTxTimeMs[]=[0, 0, 0, 0, 0] mRxTimeMs=0 mEnergyUsed=0}
01-31 21:49:23.772  1666  1838 I ActivityManager: Killing 5332:com.google.android.apps.photos/u0a69 (adj 904): empty for 1800s
01-31 21:52:56.436  1666  1684 E BatteryExternalStatsWorker: modem info is invalid: ModemActivityInfo{ mTimestamp=0 mSleepTimeMs=0 mIdleTimeMs=0 mTxTimeMs[]=[0, 0, 0, 0, 0] mRxTimeMs=0 mEnergyUsed=0}
01-31 21:56:59.575  1666  1684 E BatteryExternalStatsWorker: modem info is invalid: ModemActivityInfo{ mTimestamp=0 mSleepTimeMs=0 mIdleTimeMs=0 mTxTimeMs[]=[0, 0, 0, 0, 0] mRxTimeMs=0 mEnergyUsed=0}
01-31 22:00:00.011  1666  1666 D ConditionProviders.SCP: onReceive ScheduleConditionProvider.EVALUATE
01-31 22:00:00.012  1666  1666 D ConditionProviders.SCP: notifyCondition condition://android/schedule?days=6.7&start=23.30&end=10.0&exitAtAlarm=false STATE_FALSE reason=!meetsSchedule
01-31 22:00:00.012  1666  1666 D ConditionProviders.SCP: notifyCondition condition://android/schedule?days=1.2.3.4.5&start=22.0&end=7.0&exitAtAlarm=false STATE_TRUE reason=meetsSchedule
01-31 22:00:00.012  1666  1666 D ConditionProviders.SCP: Scheduling evaluate for Wed Jan 31 23:30:00 PST 2018 (1517470200000), in +1h29m59s988ms, now=Wed Jan 31 22:00:00 PST 2018 (1517464800012)
01-31 22:00:00.016  1666  1666 D ZenLog  : config: conditionChanged,ZenModeConfig[user=0,allowCalls=true,allowRepeatCallers=false,allowMessages=false,allowCallsFrom=contacts,allowMessagesFrom=contacts,allowReminders=true,allowEvents=true,allowWhenScreenOff=true,allowWhenScreenOn=true,automaticRules={EVENTS_DEFAULT_RULE=ZenRule[enabled=false,snoozing=false,name=Event,zenMode=ZEN_MODE_ALARMS,conditionId=condition://android/event?userId=-10000&calendar=&reply=1,condition=Condition[id=condition://android/event?userId=-10000&calendar=&reply=1,summary=...,line1=...,line2=...,icon=0,state=STATE_FALSE,flags=2],component=ComponentInfo{android/com.android.server.notification.EventConditionProvider},id=EVENTS_DEFAULT_RULE,creationTime=1517256617285,enabler=null], SCHEDULED_DEFAULT_RULE_1=ZenRule[enabled=false,snoozing=false,name=Weeknight,zenMode=ZEN_MODE_ALARMS,conditionId=condition://android/schedule?days=1.2.3.4.5&start=22.0&end=7.0&exitAtAlarm=false,condition=Condition[id=condition://android/schedule?days=1.2.3.4.5&start=22.0&end=7.0&exitAtAlarm=false,summary=...,line1=...,line2=...,icon=0,state=STATE_TRUE,flags=2],component=ComponentInfo{android/com.android.server.notification.ScheduleConditionProvider},id=SCHEDULED_DEFAULT_RULE_1,creationTime=1517256617285,enabler=null], SCHEDULED_DEFAULT_RULE_2=ZenRule[enabled=false,snoozing=false,name=Weekend,zenMode=ZEN_MODE_ALARMS,conditionId=condition://android/schedule?days=6.7&start=23.30&end=10.0&exitAtAlarm=false,condition=Condition[id=condition://android/schedule?days=6.7&start=23.30&end=10.0&exitAtAlarm=false,summary=...,line1=...,line2=...,icon=0,state=STATE_FALSE,flags=2],component=ComponentInfo{android/com.android.server.notification.ScheduleConditionProvider},id=SCHEDULED_DEFAULT_RULE_2,creationTime=1517256617285,enabler=null]},manualRule=null],Diff[automaticRule[SCHEDULED_DEFAULT_RULE_1].condition:Condition[id=condition://android/schedule?days=1.2.3.4.5&start=22.0&end=7.0&exitAtAlarm=false,summary=...,line1=...,line2=...,icon=0,state=STATE_FALSE,flags=2]->Condition[id=condition://android/schedule?days=1.2.3.4.5&start=22.0&end=7.0&exitAtAlarm=false,summary=...,line1=...,line2=...,icon=0,state=STATE_TRUE,flags=2]]
01-31 22:00:00.027  1666  1666 D ZenLog  : set_zen_mode: off,conditionChanged
01-31 22:03:55.235  1666  1684 E BatteryExternalStatsWorker: modem info is invalid: ModemActivityInfo{ mTimestamp=0 mSleepTimeMs=0 mIdleTimeMs=0 mTxTimeMs[]=[0, 0, 0, 0, 0] mRxTimeMs=0 mEnergyUsed=0}
01-31 22:08:00.293  1666  1680 I UsageStatsService: User[0] Flushing usage stats to disk
01-31 22:10:56.120  1666  1684 E BatteryExternalStatsWorker: no controller energy info supplied for wifi
01-31 22:10:56.125  1666  1684 E KernelCpuSpeedReader: Failed to read cpu-freq: /sys/devices/system/cpu/cpu0/cpufreq/stats/time_in_state (No such file or directory)
01-31 22:10:56.126  1666  1684 E BatteryExternalStatsWorker: modem info is invalid: ModemActivityInfo{ mTimestamp=0 mSleepTimeMs=0 mIdleTimeMs=0 mTxTimeMs[]=[0, 0, 0, 0, 0] mRxTimeMs=0 mEnergyUsed=0}
01-31 22:13:30.316  1666  1684 E BatteryExternalStatsWorker: modem info is invalid: ModemActivityInfo{ mTimestamp=0 mSleepTimeMs=0 mIdleTimeMs=0 mTxTimeMs[]=[0, 0, 0, 0, 0] mRxTimeMs=0 mEnergyUsed=0}
01-31 22:16:11.035  1666  1684 E BatteryExternalStatsWorker: modem info is invalid: ModemActivityInfo{ mTimestamp=0 mSleepTimeMs=0 mIdleTimeMs=0 mTxTimeMs[]=[0, 0, 0, 0, 0] mRxTimeMs=0 mEnergyUsed=0}
01-31 22:16:23.923  1666  1774 D NetworkStats: Resolving plan for NetworkTemplate: matchRule=MOBILE_ALL, subscriberId=310260..., matchSubscriberIds=[310260...]
01-31 22:16:23.925  1666  1774 D NetworkStats: Found active matching subId 1
01-31 22:16:23.928  1666  1774 D NetworkStats: Resolved to plan null
01-31 22:17:34.915  1666  1684 E BatteryExternalStatsWorker: modem info is invalid: ModemActivityInfo{ mTimestamp=0 mSleepTimeMs=0 mIdleTimeMs=0 mTxTimeMs[]=[0, 0, 0, 0, 0] mRxTimeMs=0 mEnergyUsed=0}
01-31 22:19:35.995  1666  1684 E BatteryExternalStatsWorker: modem info is invalid: ModemActivityInfo{ mTimestamp=0 mSleepTimeMs=0 mIdleTimeMs=0 mTxTimeMs[]=[0, 0, 0, 0, 0] mRxTimeMs=0 mEnergyUsed=0}
01-31 22:20:11.096  1666  1684 E BatteryExternalStatsWorker: modem info is invalid: ModemActivityInfo{ mTimestamp=0 mSleepTimeMs=0 mIdleTimeMs=0 mTxTimeMs[]=[0, 0, 0, 0, 0] mRxTimeMs=0 mEnergyUsed=0}
01-31 22:21:15.555  1666  1684 E BatteryExternalStatsWorker: modem info is invalid: ModemActivityInfo{ mTimestamp=0 mSleepTimeMs=0 mIdleTimeMs=0 mTxTimeMs[]=[0, 0, 0, 0, 0] mRxTimeMs=0 mEnergyUsed=0}
01-31 22:21:34.916  1666  1684 E BatteryExternalStatsWorker: modem info is invalid: ModemActivityInfo{ mTimestamp=0 mSleepTimeMs=0 mIdleTimeMs=0 mTxTimeMs[]=[0, 0, 0, 0, 0] mRxTimeMs=0 mEnergyUsed=0}
01-31 22:23:36.036  1666  1684 E BatteryExternalStatsWorker: modem info is invalid: ModemActivityInfo{ mTimestamp=0 mSleepTimeMs=0 mIdleTimeMs=0 mTxTimeMs[]=[0, 0, 0, 0, 0] mRxTimeMs=0 mEnergyUsed=0}
01-31 22:24:36.035  1666  1684 E BatteryExternalStatsWorker: modem info is invalid: ModemActivityInfo{ mTimestamp=0 mSleepTimeMs=0 mIdleTimeMs=0 mTxTimeMs[]=[0, 0, 0, 0, 0] mRxTimeMs=0 mEnergyUsed=0}
01-31 22:26:30.956  1666  1684 E BatteryExternalStatsWorker: modem info is invalid: ModemActivityInfo{ mTimestamp=0 mSleepTimeMs=0 mIdleTimeMs=0 mTxTimeMs[]=[0, 0, 0, 0, 0] mRxTimeMs=0 mEnergyUsed=0}
01-31 22:31:00.934  1666  1684 E BatteryExternalStatsWorker: modem info is invalid: ModemActivityInfo{ mTimestamp=0 mSleepTimeMs=0 mIdleTimeMs=0 mTxTimeMs[]=[0, 0, 0, 0, 0] mRxTimeMs=0 mEnergyUsed=0}
01-31 22:34:29.275  1666  1684 E BatteryExternalStatsWorker: modem info is invalid: ModemActivityInfo{ mTimestamp=0 mSleepTimeMs=0 mIdleTimeMs=0 mTxTimeMs[]=[0, 0, 0, 0, 0] mRxTimeMs=0 mEnergyUsed=0}
01-31 22:36:00.312  1666  1680 I UsageStatsService: User[0] Flushing usage stats to disk
01-31 22:38:58.876  1666  1684 E BatteryExternalStatsWorker: modem info is invalid: ModemActivityInfo{ mTimestamp=0 mSleepTimeMs=0 mIdleTimeMs=0 mTxTimeMs[]=[0, 0, 0, 0, 0] mRxTimeMs=0 mEnergyUsed=0}
01-31 22:40:56.128  1666  1684 E BatteryExternalStatsWorker: no controller energy info supplied for wifi
01-31 22:40:56.134  1666  1684 E KernelCpuSpeedReader: Failed to read cpu-freq: /sys/devices/system/cpu/cpu0/cpufreq/stats/time_in_state (No such file or directory)
01-31 22:40:56.135  1666  1684 E BatteryExternalStatsWorker: modem info is invalid: ModemActivityInfo{ mTimestamp=0 mSleepTimeMs=0 mIdleTimeMs=0 mTxTimeMs[]=[0, 0, 0, 0, 0] mRxTimeMs=0 mEnergyUsed=0}
01-31 22:44:10.416  1666  1684 E BatteryExternalStatsWorker: modem info is invalid: ModemActivityInfo{ mTimestamp=0 mSleepTimeMs=0 mIdleTimeMs=0 mTxTimeMs[]=[0, 0, 0, 0, 0] mRxTimeMs=0 mEnergyUsed=0}
01-31 22:44:24.468  1666  1774 D NetworkStats: Resolving plan for NetworkTemplate: matchRule=MOBILE_ALL, subscriberId=310260..., matchSubscriberIds=[310260...]
01-31 22:44:24.469  1666  1774 D NetworkStats: Found active matching subId 1
01-31 22:44:24.471  1666  1774 D NetworkStats: Resolved to plan null
01-31 22:46:14.234  1666  1684 E BatteryExternalStatsWorker: modem info is invalid: ModemActivityInfo{ mTimestamp=0 mSleepTimeMs=0 mIdleTimeMs=0 mTxTimeMs[]=[0, 0, 0, 0, 0] mRxTimeMs=0 mEnergyUsed=0}
01-31 22:54:49.394  1666  1684 E BatteryExternalStatsWorker: modem info is invalid: ModemActivityInfo{ mTimestamp=0 mSleepTimeMs=0 mIdleTimeMs=0 mTxTimeMs[]=[0, 0, 0, 0, 0] mRxTimeMs=0 mEnergyUsed=0}
01-31 23:03:15.674  1666  1684 E BatteryExternalStatsWorker: modem info is invalid: ModemActivityInfo{ mTimestamp=0 mSleepTimeMs=0 mIdleTimeMs=0 mTxTimeMs[]=[0, 0, 0, 0, 0] mRxTimeMs=0 mEnergyUsed=0}
01-31 23:03:53.129  1666  1666 V BackupManagerService: Scheduling immediate backup pass
01-31 23:03:53.132  1666  1666 W BackupManagerService: Backup pass but e=false p=true
01-31 23:10:56.134  1666  1684 E BatteryExternalStatsWorker: no controller energy info supplied for wifi
01-31 23:10:56.136  1666  1684 E KernelCpuSpeedReader: Failed to read cpu-freq: /sys/devices/system/cpu/cpu0/cpufreq/stats/time_in_state (No such file or directory)
01-31 23:10:56.137  1666  1684 E BatteryExternalStatsWorker: modem info is invalid: ModemActivityInfo{ mTimestamp=0 mSleepTimeMs=0 mIdleTimeMs=0 mTxTimeMs[]=[0, 0, 0, 0, 0] mRxTimeMs=0 mEnergyUsed=0}
01-31 23:11:15.786  1666  1774 D NetworkStats: Resolving plan for NetworkTemplate: matchRule=MOBILE_ALL, subscriberId=310260..., matchSubscriberIds=[310260...]
01-31 23:11:15.787  1666  1774 D NetworkStats: Found active matching subId 1
01-31 23:11:15.788  1666  1774 D NetworkStats: Resolved to plan null
01-31 23:11:15.796  1666  2335 V KeyValueBackupJob: Scheduling k/v pass in 248 minutes
01-31 23:12:10.495  1666  1684 E BatteryExternalStatsWorker: modem info is invalid: ModemActivityInfo{ mTimestamp=0 mSleepTimeMs=0 mIdleTimeMs=0 mTxTimeMs[]=[0, 0, 0, 0, 0] mRxTimeMs=0 mEnergyUsed=0}
01-31 23:13:02.035  1666  1684 E BatteryExternalStatsWorker: modem info is invalid: ModemActivityInfo{ mTimestamp=0 mSleepTimeMs=0 mIdleTimeMs=0 mTxTimeMs[]=[0, 0, 0, 0, 0] mRxTimeMs=0 mEnergyUsed=0}
01-31 23:19:35.274  1666  1684 E BatteryExternalStatsWorker: modem info is invalid: ModemActivityInfo{ mTimestamp=0 mSleepTimeMs=0 mIdleTimeMs=0 mTxTimeMs[]=[0, 0, 0, 0, 0] mRxTimeMs=0 mEnergyUsed=0}
01-31 23:20:53.812  1666  1680 I UsageStatsService: User[0] Flushing usage stats to disk
01-31 23:21:36.175  1666  1684 E BatteryExternalStatsWorker: modem info is invalid: ModemActivityInfo{ mTimestamp=0 mSleepTimeMs=0 mIdleTimeMs=0 mTxTimeMs[]=[0, 0, 0, 0, 0] mRxTimeMs=0 mEnergyUsed=0}
01-31 23:23:35.315  1666  1684 E BatteryExternalStatsWorker: modem info is invalid: ModemActivityInfo{ mTimestamp=0 mSleepTimeMs=0 mIdleTimeMs=0 mTxTimeMs[]=[0, 0, 0, 0, 0] mRxTimeMs=0 mEnergyUsed=0}
01-31 23:24:35.276  1666  1684 E BatteryExternalStatsWorker: modem info is invalid: ModemActivityInfo{ mTimestamp=0 mSleepTimeMs=0 mIdleTimeMs=0 mTxTimeMs[]=[0, 0, 0, 0, 0] mRxTimeMs=0 mEnergyUsed=0}
01-31 23:29:05.755  1666  1684 E BatteryExternalStatsWorker: modem info is invalid: ModemActivityInfo{ mTimestamp=0 mSleepTimeMs=0 mIdleTimeMs=0 mTxTimeMs[]=[0, 0, 0, 0, 0] mRxTimeMs=0 mEnergyUsed=0}
01-31 23:30:00.000  1666  1666 D ConditionProviders.SCP: onReceive ScheduleConditionProvider.EVALUATE
01-31 23:30:00.001  1666  1666 D ConditionProviders.SCP: notifyCondition condition://android/schedule?days=6.7&start=23.30&end=10.0&exitAtAlarm=false STATE_FALSE reason=!meetsSchedule
01-31 23:30:00.001  1666  1666 D ConditionProviders.SCP: notifyCondition condition://android/schedule?days=1.2.3.4.5&start=22.0&end=7.0&exitAtAlarm=false STATE_TRUE reason=meetsSchedule
01-31 23:30:00.002  1666  1666 D ConditionProviders.SCP: Scheduling evaluate for Thu Feb 01 07:00:00 PST 2018 (1517497200000), in +7h30m0s0ms, now=Wed Jan 31 23:30:00 PST 2018 (1517470200000)
01-31 23:32:31.234  1666  1684 E BatteryExternalStatsWorker: modem info is invalid: ModemActivityInfo{ mTimestamp=0 mSleepTimeMs=0 mIdleTimeMs=0 mTxTimeMs[]=[0, 0, 0, 0, 0] mRxTimeMs=0 mEnergyUsed=0}
01-31 23:40:12.193  1666  1684 E BatteryExternalStatsWorker: modem info is invalid: ModemActivityInfo{ mTimestamp=0 mSleepTimeMs=0 mIdleTimeMs=0 mTxTimeMs[]=[0, 0, 0, 0, 0] mRxTimeMs=0 mEnergyUsed=0}
01-31 23:40:56.140  1666  1684 E BatteryExternalStatsWorker: no controller energy info supplied for wifi
01-31 23:40:56.145  1666  1684 E KernelCpuSpeedReader: Failed to read cpu-freq: /sys/devices/system/cpu/cpu0/cpufreq/stats/time_in_state (No such file or directory)
01-31 23:40:56.146  1666  1684 E BatteryExternalStatsWorker: modem info is invalid: ModemActivityInfo{ mTimestamp=0 mSleepTimeMs=0 mIdleTimeMs=0 mTxTimeMs[]=[0, 0, 0, 0, 0] mRxTimeMs=0 mEnergyUsed=0}
01-31 23:41:37.834  1666  1684 E BatteryExternalStatsWorker: modem info is invalid: ModemActivityInfo{ mTimestamp=0 mSleepTimeMs=0 mIdleTimeMs=0 mTxTimeMs[]=[0, 0, 0, 0, 0] mRxTimeMs=0 mEnergyUsed=0}
01-31 23:44:12.195  1666  1684 E BatteryExternalStatsWorker: modem info is invalid: ModemActivityInfo{ mTimestamp=0 mSleepTimeMs=0 mIdleTimeMs=0 mTxTimeMs[]=[0, 0, 0, 0, 0] mRxTimeMs=0 mEnergyUsed=0}
01-31 23:45:12.155  1666  1684 I chatty  : uid=1000(system) batterystats-wo identical 1 line
01-31 23:45:36.636  1666  1684 E BatteryExternalStatsWorker: modem info is invalid: ModemActivityInfo{ mTimestamp=0 mSleepTimeMs=0 mIdleTimeMs=0 mTxTimeMs[]=[0, 0, 0, 0, 0] mRxTimeMs=0 mEnergyUsed=0}
01-31 23:52:20.429  1666  1774 D NetworkStats: Resolving plan for NetworkTemplate: matchRule=MOBILE_ALL, subscriberId=310260..., matchSubscriberIds=[310260...]
01-31 23:52:20.434  1666  1774 D NetworkStats: Found active matching subId 1
01-31 23:52:20.437  1666  1774 D NetworkStats: Resolved to plan null
01-31 23:52:31.235  1666  1684 E BatteryExternalStatsWorker: modem info is invalid: ModemActivityInfo{ mTimestamp=0 mSleepTimeMs=0 mIdleTimeMs=0 mTxTimeMs[]=[0, 0, 0, 0, 0] mRxTimeMs=0 mEnergyUsed=0}
01-31 23:53:34.814  1666  1684 E BatteryExternalStatsWorker: modem info is invalid: ModemActivityInfo{ mTimestamp=0 mSleepTimeMs=0 mIdleTimeMs=0 mTxTimeMs[]=[0, 0, 0, 0, 0] mRxTimeMs=0 mEnergyUsed=0}
01-31 23:56:31.277  1666  1684 E BatteryExternalStatsWorker: modem info is invalid: ModemActivityInfo{ mTimestamp=0 mSleepTimeMs=0 mIdleTimeMs=0 mTxTimeMs[]=[0, 0, 0, 0, 0] mRxTimeMs=0 mEnergyUsed=0}
01-31 23:57:31.234  1666  1684 E BatteryExternalStatsWorker: modem info is invalid: ModemActivityInfo{ mTimestamp=0 mSleepTimeMs=0 mIdleTimeMs=0 mTxTimeMs[]=[0, 0, 0, 0, 0] mRxTimeMs=0 mEnergyUsed=0}
02-01 00:00:00.060  1666  2496 W BroadcastQueue: Background execution not allowed: receiving Intent { act=android.intent.action.DATE_CHANGED flg=0x20200010 } to com.android.deskclock/com.android.alarmclock.DigitalAppWidgetProvider
02-01 00:00:00.060  1666  1681 W BroadcastQueue: Background execution not allowed: receiving Intent { act=android.intent.action.DATE_CHANGED flg=0x20200010 } to com.google.android.calendar/com.android.calendar.widget.CalendarAppWidgetProvider
02-01 00:00:00.060  1666  1681 W BroadcastQueue: Background execution not allowed: receiving Intent { act=android.intent.action.DATE_CHANGED flg=0x20200010 } to com.google.android.calendar/.widgetmonth.MonthViewWidgetProvider
02-01 00:00:00.549  1666  1680 I UsageStatsService: User[0] Flushing usage stats to disk
02-01 00:00:37.555  1666  1684 E BatteryExternalStatsWorker: modem info is invalid: ModemActivityInfo{ mTimestamp=0 mSleepTimeMs=0 mIdleTimeMs=0 mTxTimeMs[]=[0, 0, 0, 0, 0] mRxTimeMs=0 mEnergyUsed=0}
02-01 00:06:21.435  1666  1684 E BatteryExternalStatsWorker: modem info is invalid: ModemActivityInfo{ mTimestamp=0 mSleepTimeMs=0 mIdleTimeMs=0 mTxTimeMs[]=[0, 0, 0, 0, 0] mRxTimeMs=0 mEnergyUsed=0}
02-01 00:08:10.654  1666  1684 E BatteryExternalStatsWorker: modem info is invalid: ModemActivityInfo{ mTimestamp=0 mSleepTimeMs=0 mIdleTimeMs=0 mTxTimeMs[]=[0, 0, 0, 0, 0] mRxTimeMs=0 mEnergyUsed=0}
02-01 00:08:59.475  1666  1681 I ActivityManager: Start proc 6968:com.google.android.calendar/u0a43 for broadcast com.google.android.calendar/com.android.calendar.widget.CalendarAppWidgetProvider
02-01 00:08:59.510  1666  1678 I ActivityManager: Start proc 6992:com.android.providers.calendar/u0a3 for content provider com.android.providers.calendar/.CalendarProvider2
02-01 00:09:19.595  1666  2496 I ActivityManager: Killing 1574:com.google.android.apps.messaging/u0a71 (adj 906): empty for 10196s
02-01 00:09:19.599  1666  2496 I ActivityManager: Killing 1703:com.google.android.apps.messaging:rcs/u0a71 (adj 906): empty for 10196s
02-01 00:09:19.640  1666  2496 W ActivityManager: Scheduling restart of crashed service com.google.android.apps.messaging/com.google.android.ims.service.JibeService in 1000ms
02-01 00:10:10.154  1666  1684 E BatteryExternalStatsWorker: modem info is invalid: ModemActivityInfo{ mTimestamp=0 mSleepTimeMs=0 mIdleTimeMs=0 mTxTimeMs[]=[0, 0, 0, 0, 0] mRxTimeMs=0 mEnergyUsed=0}
02-01 00:10:56.152  1666  1684 E BatteryExternalStatsWorker: no controller energy info supplied for wifi
02-01 00:10:56.157  1666  1684 E KernelCpuSpeedReader: Failed to read cpu-freq: /sys/devices/system/cpu/cpu0/cpufreq/stats/time_in_state (No such file or directory)
02-01 00:10:56.159  1666  1684 E BatteryExternalStatsWorker: modem info is invalid: ModemActivityInfo{ mTimestamp=0 mSleepTimeMs=0 mIdleTimeMs=0 mTxTimeMs[]=[0, 0, 0, 0, 0] mRxTimeMs=0 mEnergyUsed=0}
02-01 00:11:14.433  1666  1666 I EntropyMixer: Writing entropy...
02-01 00:11:15.788  1666  1774 D NetworkStats: Resolving plan for NetworkTemplate: matchRule=MOBILE_ALL, subscriberId=310260..., matchSubscriberIds=[310260...]
02-01 00:11:15.789  1666  1774 D NetworkStats: Found active matching subId 1
02-01 00:11:15.791  1666  1774 D NetworkStats: Resolved to plan null
02-01 00:13:50.935  1666  1684 E BatteryExternalStatsWorker: modem info is invalid: ModemActivityInfo{ mTimestamp=0 mSleepTimeMs=0 mIdleTimeMs=0 mTxTimeMs[]=[0, 0, 0, 0, 0] mRxTimeMs=0 mEnergyUsed=0}
02-01 00:14:10.114  1666  1684 E BatteryExternalStatsWorker: modem info is invalid: ModemActivityInfo{ mTimestamp=0 mSleepTimeMs=0 mIdleTimeMs=0 mTxTimeMs[]=[0, 0, 0, 0, 0] mRxTimeMs=0 mEnergyUsed=0}
02-01 00:19:29.209  1666  3626 I ActivityManager: Start proc 7120:android.process.media/u0a11 for content provider com.android.providers.downloads/.DownloadProvider
02-01 00:19:29.340  1666  3598 I ActivityManager: Start proc 7148:com.google.android.youtube/u0a78 for service com.google.android.youtube/com.google.android.libraries.youtube.common.gcore.gcoreclient.gcm.impl.GcmTaskServiceDelegator
02-01 00:19:29.383  1666  7027 I ActivityManager: Start proc 7174:android.process.acore/u0a1 for content provider com.android.providers.contacts/.ContactsProvider2
02-01 00:19:29.592  1666  3626 D CryptdConnector: SND -> {13 cryptfs getpwtype}
02-01 00:19:29.592  1379  1387 D VoldCryptCmdListener: cryptfs getpwtype
02-01 00:19:29.592  1666  1766 D CryptdConnector: RCV <- {213 13 default}
02-01 00:19:29.613  1666  1678 W ActivityManager: Permission Denial: Accessing service ComponentInfo{com.google.android.music/com.google.android.music.dial.DialMediaRouteProviderService} from pid=7148, uid=10078 that is not exported from uid 10064
02-01 00:19:30.982  1666  1840 I ActivityManager: Start proc 7294:com.google.android.gms.ui/u0a12 for service com.google.android.gms/.chimera.UiIntentOperationService
02-01 00:19:31.007  1666  2496 I ActivityManager: Start proc 7316:com.google.android.apps.messaging/u0a71 for broadcast com.google.android.apps.messaging/.shared.experiments.BuglePhenotypeBroadcastReceiver
02-01 00:19:31.101  1666  3626 D MmsServiceBroker: getCarrierConfigValues() by com.google.android.apps.messaging
02-01 00:19:31.114  1666  3598 D MmsServiceBroker: getCarrierConfigValues() by com.google.android.apps.messaging
02-01 00:19:31.115  1666  3626 I ActivityManager: Start proc 7355:com.google.android.apps.messaging:rcs/u0a71 for broadcast com.google.android.apps.messaging/com.google.android.ims.library.phenotype.PhenotypeConfigurationReceiver
02-01 00:19:31.124  1666  1840 D MmsServiceBroker: getCarrierConfigValues() by com.google.android.apps.messaging
02-01 00:19:31.324  1666  1678 I ActivityManager: Start proc 7404:com.google.android.dialer/u0a18 for broadcast com.google.android.dialer/com.google.android.apps.dialer.phenotype.UpdateBroadcastReceiver
02-01 00:19:31.385  1666 10572 I ActivityManager: Start proc 7425:com.google.android.gms.feedback/u0a12 for service com.google.android.gms/.feedback.FeedbackService
02-01 00:19:31.407  1666  1840 D CountryDetector: The first listener is added
02-01 00:19:31.574  1666  1840 I ActivityManager: Killing 5266:com.google.android.gms.unstable/u0a12 (adj 906): empty for 2365s
02-01 00:19:31.575  1666  1840 I ActivityManager: Killing 5411:com.google.android.configupdater/u0a5 (adj 906): empty for 10798s
02-01 00:20:01.675  1666  1684 E BatteryExternalStatsWorker: modem info is invalid: ModemActivityInfo{ mTimestamp=0 mSleepTimeMs=0 mIdleTimeMs=0 mTxTimeMs[]=[0, 0, 0, 0, 0] mRxTimeMs=0 mEnergyUsed=0}
02-01 00:30:41.695  1666  1684 I chatty  : uid=1000(system) batterystats-wo identical 32 lines
02-01 00:31:01.695  1666  1684 E BatteryExternalStatsWorker: modem info is invalid: ModemActivityInfo{ mTimestamp=0 mSleepTimeMs=0 mIdleTimeMs=0 mTxTimeMs[]=[0, 0, 0, 0, 0] mRxTimeMs=0 mEnergyUsed=0}
02-01 00:31:21.528  1666  1680 I UsageStatsService: User[0] Flushing usage stats to disk
02-01 00:31:21.697  1666  1684 E BatteryExternalStatsWorker: modem info is invalid: ModemActivityInfo{ mTimestamp=0 mSleepTimeMs=0 mIdleTimeMs=0 mTxTimeMs[]=[0, 0, 0, 0, 0] mRxTimeMs=0 mEnergyUsed=0}
02-01 00:35:21.715  1666  1684 I chatty  : uid=1000(system) batterystats-wo identical 12 lines
02-01 00:35:41.715  1666  1684 E BatteryExternalStatsWorker: modem info is invalid: ModemActivityInfo{ mTimestamp=0 mSleepTimeMs=0 mIdleTimeMs=0 mTxTimeMs[]=[0, 0, 0, 0, 0] mRxTimeMs=0 mEnergyUsed=0}
02-01 00:36:00.027  1666  1680 I ProcessStatsService: Pruning old procstats: /data/system/procstats/state-2018-01-30-21-23-00.bin
02-01 00:36:10.736  1666  1684 E BatteryExternalStatsWorker: modem info is invalid: ModemActivityInfo{ mTimestamp=0 mSleepTimeMs=0 mIdleTimeMs=0 mTxTimeMs[]=[0, 0, 0, 0, 0] mRxTimeMs=0 mEnergyUsed=0}
02-01 00:38:21.715  1666  1684 I chatty  : uid=1000(system) batterystats-wo identical 7 lines
02-01 00:38:41.715  1666  1684 E BatteryExternalStatsWorker: modem info is invalid: ModemActivityInfo{ mTimestamp=0 mSleepTimeMs=0 mIdleTimeMs=0 mTxTimeMs[]=[0, 0, 0, 0, 0] mRxTimeMs=0 mEnergyUsed=0}
02-01 00:39:00.002  1666  1666 I ActivityManager: Killing 6992:com.android.providers.calendar/u0a3 (adj 904): empty for 1800s
02-01 00:39:01.716  1666  1684 E BatteryExternalStatsWorker: modem info is invalid: ModemActivityInfo{ mTimestamp=0 mSleepTimeMs=0 mIdleTimeMs=0 mTxTimeMs[]=[0, 0, 0, 0, 0] mRxTimeMs=0 mEnergyUsed=0}
02-01 00:40:21.715  1666  1684 I chatty  : uid=1000(system) batterystats-wo identical 4 lines
02-01 00:40:41.716  1666  1684 E BatteryExternalStatsWorker: modem info is invalid: ModemActivityInfo{ mTimestamp=0 mSleepTimeMs=0 mIdleTimeMs=0 mTxTimeMs[]=[0, 0, 0, 0, 0] mRxTimeMs=0 mEnergyUsed=0}
02-01 00:40:56.161  1666  1684 E BatteryExternalStatsWorker: no controller energy info supplied for wifi
02-01 00:40:56.167  1666  1684 E KernelCpuSpeedReader: Failed to read cpu-freq: /sys/devices/system/cpu/cpu0/cpufreq/stats/time_in_state (No such file or directory)
02-01 00:40:56.169  1666  1684 E BatteryExternalStatsWorker: modem info is invalid: ModemActivityInfo{ mTimestamp=0 mSleepTimeMs=0 mIdleTimeMs=0 mTxTimeMs[]=[0, 0, 0, 0, 0] mRxTimeMs=0 mEnergyUsed=0}
02-01 00:41:01.716  1666  1684 I chatty  : uid=1000(system) batterystats-wo identical 1 line
02-01 00:41:21.722  1666  1684 E BatteryExternalStatsWorker: modem info is invalid: ModemActivityInfo{ mTimestamp=0 mSleepTimeMs=0 mIdleTimeMs=0 mTxTimeMs[]=[0, 0, 0, 0, 0] mRxTimeMs=0 mEnergyUsed=0}
02-01 00:41:29.312  1666  1774 D NetworkStats: Resolving plan for NetworkTemplate: matchRule=MOBILE_ALL, subscriberId=310260..., matchSubscriberIds=[310260...]
02-01 00:41:29.313  1666  1774 D NetworkStats: Found active matching subId 1
02-01 00:41:29.315  1666  1774 D NetworkStats: Resolved to plan null
02-01 00:41:41.716  1666  1684 E BatteryExternalStatsWorker: modem info is invalid: ModemActivityInfo{ mTimestamp=0 mSleepTimeMs=0 mIdleTimeMs=0 mTxTimeMs[]=[0, 0, 0, 0, 0] mRxTimeMs=0 mEnergyUsed=0}
02-01 00:49:01.735  1666  1684 I chatty  : uid=1000(system) batterystats-wo identical 22 lines
02-01 00:49:21.735  1666  1684 E BatteryExternalStatsWorker: modem info is invalid: ModemActivityInfo{ mTimestamp=0 mSleepTimeMs=0 mIdleTimeMs=0 mTxTimeMs[]=[0, 0, 0, 0, 0] mRxTimeMs=0 mEnergyUsed=0}
02-01 00:49:29.337  1666  2423 I ActivityManager: Killing 7120:android.process.media/u0a11 (adj 906): empty for 1800s
02-01 00:49:29.338  1666  2423 I ActivityManager: Killing 5236:com.google.android.partnersetup/u0a20 (adj 906): empty for 1800s
02-01 00:49:29.387  1666 13246 I ActivityManager: Killing 7174:android.process.acore/u0a1 (adj 904): empty for 1800s
02-01 00:49:29.430  1666  3626 D CountryDetector: No listener is left
02-01 00:49:31.718  1666  3494 I ActivityManager: Killing 7294:com.google.android.gms.ui/u0a12 (adj 906): empty for 1800s
02-01 00:49:31.719  1666  3494 I ActivityManager: Killing 7148:com.google.android.youtube/u0a78 (adj 906): empty for 1801s
02-01 00:49:31.750  1666  4581 D ConnectivityService: ConnectivityService NetworkRequestInfo binderDied(NetworkRequest [ LISTEN id=11, [ Capabilities: INTERNET&NOT_RESTRICTED&TRUSTED] ], android.os.BinderProxy@6fd3605)
