01-31 13:18:34.960  1666  1684 E BatteryExternalStatsWorker: modem info is invalid: ModemActivityInfo{ mTimestamp=0 mSleepTimeMs=0 mIdleTimeMs=0 mTxTimeMs[]=[0, 0, 0, 0, 0] mRxTimeMs=0 mEnergyUsed=0}
01-31 13:18:36.871  2504 28502 E ActivityThread: Failed to find provider info for com.google.android.apps.gsa.testing.ui.audio.recorded
01-31 13:19:22.197  2504 28502 I chatty  : uid=10032 com.google.android.googlequicksearchbox:search identical 9 lines
01-31 13:19:27.237  2504 28502 E ActivityThread: Failed to find provider info for com.google.android.apps.gsa.testing.ui.audio.recorded
01-31 13:19:29.695  1666  1684 E BatteryExternalStatsWorker: modem info is invalid: ModemActivityInfo{ mTimestamp=0 mSleepTimeMs=0 mIdleTimeMs=0 mTxTimeMs[]=[0, 0, 0, 0, 0] mRxTimeMs=0 mEnergyUsed=0}
01-31 13:19:32.280  2504 28502 E ActivityThread: Failed to find provider info for com.google.android.apps.gsa.testing.ui.audio.recorded
01-31 13:20:22.635  2504 28502 I chatty  : uid=10032 com.google.android.googlequicksearchbox:search identical 10 lines
01-31 13:20:27.660  2504 28502 E ActivityThread: Failed to find provider info for com.google.android.apps.gsa.testing.ui.audio.recorded
01-31 13:20:29.654  1666  1684 E BatteryExternalStatsWorker: modem info is invalid: ModemActivityInfo{ mTimestamp=0 mSleepTimeMs=0 mIdleTimeMs=0 mTxTimeMs[]=[0, 0, 0, 0, 0] mRxTimeMs=0 mEnergyUsed=0}
01-31 13:20:32.695  2504 28502 E ActivityThread: Failed to find provider info for com.google.android.apps.gsa.testing.ui.audio.recorded
01-31 13:20:37.726  2504 28502 E ActivityThread: Failed to find provider info for com.google.android.apps.gsa.testing.ui.audio.recorded
01-31 13:20:40.195  1666  1684 E BatteryExternalStatsWorker: modem info is invalid: ModemActivityInfo{ mTimestamp=0 mSleepTimeMs=0 mIdleTimeMs=0 mTxTimeMs[]=[0, 0, 0, 0, 0] mRxTimeMs=0 mEnergyUsed=0}
01-31 13:20:42.772  2504 28502 E ActivityThread: Failed to find provider info for com.google.android.apps.gsa.testing.ui.audio.recorded
01-31 13:23:08.901  2504 28502 I chatty  : uid=10032 com.google.android.googlequicksearchbox:search identical 29 lines
01-31 13:23:13.934  2504 28502 E ActivityThread: Failed to find provider info for com.google.android.apps.gsa.testing.ui.audio.recorded
01-31 13:23:18.148  1666  1781 D ConnectivityService: reportNetworkConnectivity(100, false) by 10012
01-31 13:23:18.616  1666  1781 D ConnectivityService: NetworkAgentInfo [MOBILE (LTE) - 100] validation passed
01-31 13:23:18.985  2504 28502 E ActivityThread: Failed to find provider info for com.google.android.apps.gsa.testing.ui.audio.recorded
01-31 13:23:29.050  2504 28502 I chatty  : uid=10032 com.google.android.googlequicksearchbox:search identical 2 lines
01-31 13:23:34.073  2504 28502 E ActivityThread: Failed to find provider info for com.google.android.apps.gsa.testing.ui.audio.recorded
01-31 13:23:34.954  1666  1684 E BatteryExternalStatsWorker: modem info is invalid: ModemActivityInfo{ mTimestamp=0 mSleepTimeMs=0 mIdleTimeMs=0 mTxTimeMs[]=[0, 0, 0, 0, 0] mRxTimeMs=0 mEnergyUsed=0}
01-31 13:23:39.129  2504 28502 E ActivityThread: Failed to find provider info for com.google.android.apps.gsa.testing.ui.audio.recorded
01-31 13:24:04.359  2504 28502 I chatty  : uid=10032 com.google.android.googlequicksearchbox:search identical 5 lines
01-31 13:24:09.402  2504 28502 E ActivityThread: Failed to find provider info for com.google.android.apps.gsa.testing.ui.audio.recorded
01-31 13:24:14.440  2504 28961 E ActivityThread: Failed to find provider info for com.google.android.apps.gsa.testing.ui.audio.recorded
01-31 13:27:20.945  2504 28961 I chatty  : uid=10032 com.google.android.googlequicksearchbox:search identical 37 lines
01-31 13:27:25.983  2504 28961 E ActivityThread: Failed to find provider info for com.google.android.apps.gsa.testing.ui.audio.recorded
01-31 13:27:28.674  1666  1684 E BatteryExternalStatsWorker: modem info is invalid: ModemActivityInfo{ mTimestamp=0 mSleepTimeMs=0 mIdleTimeMs=0 mTxTimeMs[]=[0, 0, 0, 0, 0] mRxTimeMs=0 mEnergyUsed=0}
01-31 13:27:31.016  2504 28961 E ActivityThread: Failed to find provider info for com.google.android.apps.gsa.testing.ui.audio.recorded
01-31 13:28:21.365  2504 28961 I chatty  : uid=10032 com.google.android.googlequicksearchbox:search identical 10 lines
01-31 13:28:26.400  2504 28961 E ActivityThread: Failed to find provider info for com.google.android.apps.gsa.testing.ui.audio.recorded
01-31 13:28:28.635  1666  1684 E BatteryExternalStatsWorker: modem info is invalid: ModemActivityInfo{ mTimestamp=0 mSleepTimeMs=0 mIdleTimeMs=0 mTxTimeMs[]=[0, 0, 0, 0, 0] mRxTimeMs=0 mEnergyUsed=0}
01-31 13:28:31.445  2504 28961 E ActivityThread: Failed to find provider info for com.google.android.apps.gsa.testing.ui.audio.recorded
01-31 13:29:52.136  2504 28961 I chatty  : uid=10032 com.google.android.googlequicksearchbox:search identical 16 lines
01-31 13:29:57.173  2504 28961 E ActivityThread: Failed to find provider info for com.google.android.apps.gsa.testing.ui.audio.recorded
01-31 13:29:59.935  1666  1684 E BatteryExternalStatsWorker: modem info is invalid: ModemActivityInfo{ mTimestamp=0 mSleepTimeMs=0 mIdleTimeMs=0 mTxTimeMs[]=[0, 0, 0, 0, 0] mRxTimeMs=0 mEnergyUsed=0}
01-31 13:30:02.225  2504 28961 E ActivityThread: Failed to find provider info for com.google.android.apps.gsa.testing.ui.audio.recorded
01-31 13:33:13.685  2504 28961 I chatty  : uid=10032 com.google.android.googlequicksearchbox:search identical 38 lines
01-31 13:33:18.728  2504 28961 E ActivityThread: Failed to find provider info for com.google.android.apps.gsa.testing.ui.audio.recorded
01-31 13:33:21.731  1666  1680 I UsageStatsService: User[0] Flushing usage stats to disk
01-31 13:33:23.778  2504 28961 E ActivityThread: Failed to find provider info for com.google.android.apps.gsa.testing.ui.audio.recorded
01-31 13:34:24.247  2504 28961 I chatty  : uid=10032 com.google.android.googlequicksearchbox:search identical 12 lines
01-31 13:34:29.294  2504 28961 E ActivityThread: Failed to find provider info for com.google.android.apps.gsa.testing.ui.audio.recorded
01-31 13:34:31.991  1666  1684 E BatteryExternalStatsWorker: modem info is invalid: ModemActivityInfo{ mTimestamp=0 mSleepTimeMs=0 mIdleTimeMs=0 mTxTimeMs[]=[0, 0, 0, 0, 0] mRxTimeMs=0 mEnergyUsed=0}
01-31 13:34:34.343  2504 28961 E ActivityThread: Failed to find provider info for com.google.android.apps.gsa.testing.ui.audio.recorded
01-31 13:39:56.881  2504 28961 I chatty  : uid=10032 com.google.android.googlequicksearchbox:search identical 64 lines
01-31 13:40:01.924  2504 28961 E ActivityThread: Failed to find provider info for com.google.android.apps.gsa.testing.ui.audio.recorded
01-31 13:40:03.275  1666  1684 E BatteryExternalStatsWorker: modem info is invalid: ModemActivityInfo{ mTimestamp=0 mSleepTimeMs=0 mIdleTimeMs=0 mTxTimeMs[]=[0, 0, 0, 0, 0] mRxTimeMs=0 mEnergyUsed=0}
01-31 13:40:06.964  2504 28961 E ActivityThread: Failed to find provider info for com.google.android.apps.gsa.testing.ui.audio.recorded
01-31 13:40:47.292  2504 28961 I chatty  : uid=10032 com.google.android.googlequicksearchbox:search identical 8 lines
01-31 13:40:52.333  2504 28961 E ActivityThread: Failed to find provider info for com.google.android.apps.gsa.testing.ui.audio.recorded
01-31 13:40:56.019  1666  1684 E BatteryExternalStatsWorker: no controller energy info supplied for wifi
01-31 13:40:56.021  1666  1684 E KernelCpuSpeedReader: Failed to read cpu-freq: /sys/devices/system/cpu/cpu0/cpufreq/stats/time_in_state (No such file or directory)
01-31 13:40:56.021  1666  1684 E BatteryExternalStatsWorker: modem info is invalid: ModemActivityInfo{ mTimestamp=0 mSleepTimeMs=0 mIdleTimeMs=0 mTxTimeMs[]=[0, 0, 0, 0, 0] mRxTimeMs=0 mEnergyUsed=0}
01-31 13:40:57.369  2504 28961 E ActivityThread: Failed to find provider info for com.google.android.apps.gsa.testing.ui.audio.recorded
01-31 13:46:55.296  2504 28961 I chatty  : uid=10032 com.google.android.googlequicksearchbox:search identical 71 lines
01-31 13:47:00.324  2504 28961 E ActivityThread: Failed to find provider info for com.google.android.apps.gsa.testing.ui.audio.recorded
01-31 13:47:03.712  1666  1684 E BatteryExternalStatsWorker: modem info is invalid: ModemActivityInfo{ mTimestamp=0 mSleepTimeMs=0 mIdleTimeMs=0 mTxTimeMs[]=[0, 0, 0, 0, 0] mRxTimeMs=0 mEnergyUsed=0}
01-31 13:47:05.359  2504 28961 E ActivityThread: Failed to find provider info for com.google.android.apps.gsa.testing.ui.audio.recorded
01-31 13:48:10.843  2504 28961 I chatty  : uid=10032 com.google.android.googlequicksearchbox:search identical 13 lines
01-31 13:48:15.872  2504 28961 E ActivityThread: Failed to find provider info for com.google.android.apps.gsa.testing.ui.audio.recorded
01-31 13:48:15.882  1666  1774 D NetworkStats: Resolving plan for NetworkTemplate: matchRule=MOBILE_ALL, subscriberId=310260..., matchSubscriberIds=[310260...]
01-31 13:48:15.883  1666  1774 D NetworkStats: Found active matching subId 1
01-31 13:48:15.886  1666  1774 D NetworkStats: Resolved to plan null
01-31 13:48:20.904  2504 28961 E ActivityThread: Failed to find provider info for com.google.android.apps.gsa.testing.ui.audio.recorded
01-31 13:50:42.044  2504 28961 I chatty  : uid=10032 com.google.android.googlequicksearchbox:search identical 28 lines
01-31 13:50:47.093  2504 28961 E ActivityThread: Failed to find provider info for com.google.android.apps.gsa.testing.ui.audio.recorded
01-31 13:50:49.994  1666  1684 E BatteryExternalStatsWorker: modem info is invalid: ModemActivityInfo{ mTimestamp=0 mSleepTimeMs=0 mIdleTimeMs=0 mTxTimeMs[]=[0, 0, 0, 0, 0] mRxTimeMs=0 mEnergyUsed=0}
01-31 13:50:52.132  2504 28961 E ActivityThread: Failed to find provider info for com.google.android.apps.gsa.testing.ui.audio.recorded
01-31 13:51:27.407  2504 28961 I chatty  : uid=10032 com.google.android.googlequicksearchbox:search identical 7 lines
01-31 13:51:32.447  2504 28961 E ActivityThread: Failed to find provider info for com.google.android.apps.gsa.testing.ui.audio.recorded
01-31 13:51:34.995  1666  1684 E BatteryExternalStatsWorker: modem info is invalid: ModemActivityInfo{ mTimestamp=0 mSleepTimeMs=0 mIdleTimeMs=0 mTxTimeMs[]=[0, 0, 0, 0, 0] mRxTimeMs=0 mEnergyUsed=0}
01-31 13:51:37.480  2504 28961 E ActivityThread: Failed to find provider info for com.google.android.apps.gsa.testing.ui.audio.recorded
01-31 13:54:54.019  2504 28961 I chatty  : uid=10032 com.google.android.googlequicksearchbox:search identical 39 lines
01-31 13:54:59.049  2504 28961 E ActivityThread: Failed to find provider info for com.google.android.apps.gsa.testing.ui.audio.recorded
01-31 13:55:03.835  1666  1684 E BatteryExternalStatsWorker: modem info is invalid: ModemActivityInfo{ mTimestamp=0 mSleepTimeMs=0 mIdleTimeMs=0 mTxTimeMs[]=[0, 0, 0, 0, 0] mRxTimeMs=0 mEnergyUsed=0}
01-31 13:55:04.084  2504 28961 E ActivityThread: Failed to find provider info for com.google.android.apps.gsa.testing.ui.audio.recorded
01-31 13:58:45.844  2504 28961 I chatty  : uid=10032 com.google.android.googlequicksearchbox:search identical 44 lines
01-31 13:58:50.885  2504 28961 E ActivityThread: Failed to find provider info for com.google.android.apps.gsa.testing.ui.audio.recorded
01-31 13:58:55.271  1666  1684 E BatteryExternalStatsWorker: modem info is invalid: ModemActivityInfo{ mTimestamp=0 mSleepTimeMs=0 mIdleTimeMs=0 mTxTimeMs[]=[0, 0, 0, 0, 0] mRxTimeMs=0 mEnergyUsed=0}
01-31 13:58:55.913  2504 28961 E ActivityThread: Failed to find provider info for com.google.android.apps.gsa.testing.ui.audio.recorded
01-31 14:02:42.742  2504 28961 I chatty  : uid=10032 com.google.android.googlequicksearchbox:search identical 45 lines
01-31 14:02:47.781  2504 28961 E ActivityThread: Failed to find provider info for com.google.android.apps.gsa.testing.ui.audio.recorded
01-31 14:02:50.195  1666  1684 E BatteryExternalStatsWorker: modem info is invalid: ModemActivityInfo{ mTimestamp=0 mSleepTimeMs=0 mIdleTimeMs=0 mTxTimeMs[]=[0, 0, 0, 0, 0] mRxTimeMs=0 mEnergyUsed=0}
01-31 14:02:52.817  2504 28961 E ActivityThread: Failed to find provider info for com.google.android.apps.gsa.testing.ui.audio.recorded
01-31 14:10:46.545  2504 28961 I chatty  : uid=10032 com.google.android.googlequicksearchbox:search identical 94 lines
01-31 14:10:51.585  2504 28961 E ActivityThread: Failed to find provider info for com.google.android.apps.gsa.testing.ui.audio.recorded
01-31 14:10:56.024  1666  1684 E BatteryExternalStatsWorker: no controller energy info supplied for wifi
01-31 14:10:56.030  1666  1684 E KernelCpuSpeedReader: Failed to read cpu-freq: /sys/devices/system/cpu/cpu0/cpufreq/stats/time_in_state (No such file or directory)
01-31 14:10:56.032  1666  1684 E BatteryExternalStatsWorker: modem info is invalid: ModemActivityInfo{ mTimestamp=0 mSleepTimeMs=0 mIdleTimeMs=0 mTxTimeMs[]=[0, 0, 0, 0, 0] mRxTimeMs=0 mEnergyUsed=0}
01-31 14:10:56.611  2504 28961 E ActivityThread: Failed to find provider info for com.google.android.apps.gsa.testing.ui.audio.recorded
01-31 14:11:06.701  2504 28961 I chatty  : uid=10032 com.google.android.googlequicksearchbox:search identical 2 lines
01-31 14:11:11.746  2504 28961 E ActivityThread: Failed to find provider info for com.google.android.apps.gsa.testing.ui.audio.recorded
01-31 14:11:15.994  1666  1774 D NetworkStats: Resolving plan for NetworkTemplate: matchRule=MOBILE_ALL, subscriberId=310260..., matchSubscriberIds=[310260...]
01-31 14:11:15.994  1666  1774 D NetworkStats: Found active matching subId 1
01-31 14:11:15.999  1666  1774 D NetworkStats: Resolved to plan null
01-31 14:11:16.784  2504 31053 E ActivityThread: Failed to find provider info for com.google.android.apps.gsa.testing.ui.audio.recorded
01-31 14:12:22.298  2504 31053 I chatty  : uid=10032 com.google.android.googlequicksearchbox:search identical 13 lines
01-31 14:12:27.340  2504 31053 E ActivityThread: Failed to find provider info for com.google.android.apps.gsa.testing.ui.audio.recorded
01-31 14:12:30.275  1666  1684 E BatteryExternalStatsWorker: modem info is invalid: ModemActivityInfo{ mTimestamp=0 mSleepTimeMs=0 mIdleTimeMs=0 mTxTimeMs[]=[0, 0, 0, 0, 0] mRxTimeMs=0 mEnergyUsed=0}
01-31 14:12:32.380  2504 31053 E ActivityThread: Failed to find provider info for com.google.android.apps.gsa.testing.ui.audio.recorded
01-31 14:18:05.094  2504 31053 I chatty  : uid=10032 com.google.android.googlequicksearchbox:search identical 66 lines
01-31 14:18:10.138  2504 31053 E ActivityThread: Failed to find provider info for com.google.android.apps.gsa.testing.ui.audio.recorded
01-31 14:18:12.636  1666  1684 E BatteryExternalStatsWorker: modem info is invalid: ModemActivityInfo{ mTimestamp=0 mSleepTimeMs=0 mIdleTimeMs=0 mTxTimeMs[]=[0, 0, 0, 0, 0] mRxTimeMs=0 mEnergyUsed=0}
01-31 14:18:15.183  2504 31053 E ActivityThread: Failed to find provider info for com.google.android.apps.gsa.testing.ui.audio.recorded
01-31 14:19:30.828  2504 31053 I chatty  : uid=10032 com.google.android.googlequicksearchbox:search identical 15 lines
01-31 14:19:35.860  2504 31053 E ActivityThread: Failed to find provider info for com.google.android.apps.gsa.testing.ui.audio.recorded
01-31 14:19:37.396  1666  1684 E BatteryExternalStatsWorker: modem info is invalid: ModemActivityInfo{ mTimestamp=0 mSleepTimeMs=0 mIdleTimeMs=0 mTxTimeMs[]=[0, 0, 0, 0, 0] mRxTimeMs=0 mEnergyUsed=0}
01-31 14:19:40.908  2504 31053 E ActivityThread: Failed to find provider info for com.google.android.apps.gsa.testing.ui.audio.recorded
01-31 14:20:11.122  2504 31053 I chatty  : uid=10032 com.google.android.googlequicksearchbox:search identical 6 lines
01-31 14:20:16.173  2504 31053 E ActivityThread: Failed to find provider info for com.google.android.apps.gsa.testing.ui.audio.recorded
01-31 14:20:20.875  1666  1684 E BatteryExternalStatsWorker: modem info is invalid: ModemActivityInfo{ mTimestamp=0 mSleepTimeMs=0 mIdleTimeMs=0 mTxTimeMs[]=[0, 0, 0, 0, 0] mRxTimeMs=0 mEnergyUsed=0}
01-31 14:20:21.207  2504 31053 E ActivityThread: Failed to find provider info for com.google.android.apps.gsa.testing.ui.audio.recorded
01-31 14:22:06.974  2504 31053 I chatty  : uid=10032 com.google.android.googlequicksearchbox:search identical 21 lines
01-31 14:22:12.007  2504 31053 E ActivityThread: Failed to find provider info for com.google.android.apps.gsa.testing.ui.audio.recorded
01-31 14:22:12.676  1666  1684 E BatteryExternalStatsWorker: modem info is invalid: ModemActivityInfo{ mTimestamp=0 mSleepTimeMs=0 mIdleTimeMs=0 mTxTimeMs[]=[0, 0, 0, 0, 0] mRxTimeMs=0 mEnergyUsed=0}
01-31 14:22:17.042  2504 31053 E ActivityThread: Failed to find provider info for com.google.android.apps.gsa.testing.ui.audio.recorded
01-31 14:23:07.483  2504 31053 I chatty  : uid=10032 com.google.android.googlequicksearchbox:search identical 10 lines
01-31 14:23:12.530  2504 31053 E ActivityThread: Failed to find provider info for com.google.android.apps.gsa.testing.ui.audio.recorded
01-31 14:23:12.676  1666  1684 E BatteryExternalStatsWorker: modem info is invalid: ModemActivityInfo{ mTimestamp=0 mSleepTimeMs=0 mIdleTimeMs=0 mTxTimeMs[]=[0, 0, 0, 0, 0] mRxTimeMs=0 mEnergyUsed=0}
01-31 14:23:17.580  2504 31053 E ActivityThread: Failed to find provider info for com.google.android.apps.gsa.testing.ui.audio.recorded
01-31 14:25:48.802  2504 31053 I chatty  : uid=10032 com.google.android.googlequicksearchbox:search identical 30 lines
01-31 14:25:53.857  2504 31053 E ActivityThread: Failed to find provider info for com.google.android.apps.gsa.testing.ui.audio.recorded
01-31 14:25:54.595  1666  1684 E BatteryExternalStatsWorker: modem info is invalid: ModemActivityInfo{ mTimestamp=0 mSleepTimeMs=0 mIdleTimeMs=0 mTxTimeMs[]=[0, 0, 0, 0, 0] mRxTimeMs=0 mEnergyUsed=0}
01-31 14:25:58.902  2504 31053 E ActivityThread: Failed to find provider info for com.google.android.apps.gsa.testing.ui.audio.recorded
01-31 14:31:41.508  2504 31053 I chatty  : uid=10032 com.google.android.googlequicksearchbox:search identical 68 lines
01-31 14:31:46.541  2504 31053 E ActivityThread: Failed to find provider info for com.google.android.apps.gsa.testing.ui.audio.recorded
01-31 14:31:49.155  1666  1684 E BatteryExternalStatsWorker: modem info is invalid: ModemActivityInfo{ mTimestamp=0 mSleepTimeMs=0 mIdleTimeMs=0 mTxTimeMs[]=[0, 0, 0, 0, 0] mRxTimeMs=0 mEnergyUsed=0}
01-31 14:31:51.589  2504 31053 E ActivityThread: Failed to find provider info for com.google.android.apps.gsa.testing.ui.audio.recorded
01-31 14:37:54.517  2504 31053 I chatty  : uid=10032 com.google.android.googlequicksearchbox:search identical 72 lines
01-31 14:37:59.565  2504 31053 E ActivityThread: Failed to find provider info for com.google.android.apps.gsa.testing.ui.audio.recorded
01-31 14:38:01.097  1666  1680 I UsageStatsService: User[0] Flushing usage stats to disk
01-31 14:38:04.607  2504 31053 E ActivityThread: Failed to find provider info for com.google.android.apps.gsa.testing.ui.audio.recorded
01-31 14:40:50.901  2504 31053 I chatty  : uid=10032 com.google.android.googlequicksearchbox:search identical 33 lines
01-31 14:40:55.948  2504 31053 E ActivityThread: Failed to find provider info for com.google.android.apps.gsa.testing.ui.audio.recorded
01-31 14:40:56.023  1666  1684 E BatteryExternalStatsWorker: no controller energy info supplied for wifi
01-31 14:40:56.026  1666  1684 E KernelCpuSpeedReader: Failed to read cpu-freq: /sys/devices/system/cpu/cpu0/cpufreq/stats/time_in_state (No such file or directory)
01-31 14:40:56.028  1666  1684 E BatteryExternalStatsWorker: modem info is invalid: ModemActivityInfo{ mTimestamp=0 mSleepTimeMs=0 mIdleTimeMs=0 mTxTimeMs[]=[0, 0, 0, 0, 0] mRxTimeMs=0 mEnergyUsed=0}
01-31 14:40:56.635  1666  1684 E BatteryExternalStatsWorker: modem info is invalid: ModemActivityInfo{ mTimestamp=0 mSleepTimeMs=0 mIdleTimeMs=0 mTxTimeMs[]=[0, 0, 0, 0, 0] mRxTimeMs=0 mEnergyUsed=0}
01-31 14:41:00.983  2504 31053 E ActivityThread: Failed to find provider info for com.google.android.apps.gsa.testing.ui.audio.recorded
01-31 14:47:29.120  2504 31053 I chatty  : uid=10032 com.google.android.googlequicksearchbox:search identical 77 lines
01-31 14:47:34.168  2504 31053 E ActivityThread: Failed to find provider info for com.google.android.apps.gsa.testing.ui.audio.recorded
01-31 14:47:37.475  1666  1684 E BatteryExternalStatsWorker: modem info is invalid: ModemActivityInfo{ mTimestamp=0 mSleepTimeMs=0 mIdleTimeMs=0 mTxTimeMs[]=[0, 0, 0, 0, 0] mRxTimeMs=0 mEnergyUsed=0}
01-31 14:47:39.223  2504 31053 E ActivityThread: Failed to find provider info for com.google.android.apps.gsa.testing.ui.audio.recorded
01-31 14:48:04.444  2504 31053 I chatty  : uid=10032 com.google.android.googlequicksearchbox:search identical 5 lines
01-31 14:48:09.481  2504 31053 E ActivityThread: Failed to find provider info for com.google.android.apps.gsa.testing.ui.audio.recorded
01-31 14:48:13.475  1666  1684 E BatteryExternalStatsWorker: modem info is invalid: ModemActivityInfo{ mTimestamp=0 mSleepTimeMs=0 mIdleTimeMs=0 mTxTimeMs[]=[0, 0, 0, 0, 0] mRxTimeMs=0 mEnergyUsed=0}
01-31 14:48:14.519  2504 31053 E ActivityThread: Failed to find provider info for com.google.android.apps.gsa.testing.ui.audio.recorded
01-31 14:48:15.875  1666  1666 V BackupManagerService: Scheduling immediate backup pass
01-31 14:48:15.879  1666  1666 W BackupManagerService: Backup pass but e=false p=true
01-31 14:48:15.891  1666  1774 D NetworkStats: Resolving plan for NetworkTemplate: matchRule=MOBILE_ALL, subscriberId=310260..., matchSubscriberIds=[310260...]
01-31 14:48:15.892  1666  1774 D NetworkStats: Found active matching subId 1
01-31 14:48:15.896  1666  1774 D NetworkStats: Resolved to plan null
01-31 14:48:15.909  1666  2335 V KeyValueBackupJob: Scheduling k/v pass in 242 minutes
01-31 14:48:19.565  2504 32718 E ActivityThread: Failed to find provider info for com.google.android.apps.gsa.testing.ui.audio.recorded
01-31 14:48:24.603  2504 32718 E ActivityThread: Failed to find provider info for com.google.android.apps.gsa.testing.ui.audio.recorded
01-31 14:48:26.435  1666  1684 E BatteryExternalStatsWorker: modem info is invalid: ModemActivityInfo{ mTimestamp=0 mSleepTimeMs=0 mIdleTimeMs=0 mTxTimeMs[]=[0, 0, 0, 0, 0] mRxTimeMs=0 mEnergyUsed=0}
01-31 14:48:29.641  2504 32718 E ActivityThread: Failed to find provider info for com.google.android.apps.gsa.testing.ui.audio.recorded
01-31 14:52:16.365  2504 32718 I chatty  : uid=10032 com.google.android.googlequicksearchbox:search identical 45 lines
01-31 14:52:21.402  2504 32718 E ActivityThread: Failed to find provider info for com.google.android.apps.gsa.testing.ui.audio.recorded
01-31 14:52:26.433  1666  1684 E BatteryExternalStatsWorker: modem info is invalid: ModemActivityInfo{ mTimestamp=0 mSleepTimeMs=0 mIdleTimeMs=0 mTxTimeMs[]=[0, 0, 0, 0, 0] mRxTimeMs=0 mEnergyUsed=0}
01-31 14:52:26.438  2504 32718 E ActivityThread: Failed to find provider info for com.google.android.apps.gsa.testing.ui.audio.recorded
01-31 14:57:38.973  2504 32718 I chatty  : uid=10032 com.google.android.googlequicksearchbox:search identical 62 lines
01-31 14:57:44.036  2504 32718 E ActivityThread: Failed to find provider info for com.google.android.apps.gsa.testing.ui.audio.recorded
01-31 14:57:46.516  1666  1684 E BatteryExternalStatsWorker: modem info is invalid: ModemActivityInfo{ mTimestamp=0 mSleepTimeMs=0 mIdleTimeMs=0 mTxTimeMs[]=[0, 0, 0, 0, 0] mRxTimeMs=0 mEnergyUsed=0}
01-31 14:57:49.072  2504 32718 E ActivityThread: Failed to find provider info for com.google.android.apps.gsa.testing.ui.audio.recorded
01-31 14:59:14.727  2504 32718 I chatty  : uid=10032 com.google.android.googlequicksearchbox:search identical 17 lines
01-31 14:59:19.790  2504 32718 E ActivityThread: Failed to find provider info for com.google.android.apps.gsa.testing.ui.audio.recorded
01-31 14:59:24.061  1666 29709 W WindowManager: Permission Denial: dismissKeyguard from pid=757, uid=2000 requires android.permission.CONTROL_KEYGUARD
01-31 14:59:24.504  1666  1681 I ActivityManager: Force stopping com.android.volvocars.drawsomestuff appid=10079 user=-1: installPackageLI
01-31 14:59:24.523  1666  1697 I PackageManager: Package com.android.volvocars.drawsomestuff codePath changed from /data/app/com.android.volvocars.drawsomestuff-9l2H50fxDpPhGuF9CIlbLA== to /data/app/com.android.volvocars.drawsomestuff-d1iAT3ygRJJGxEZ9oR-UnQ==; Retaining data and using new
01-31 14:59:24.523  1666  1697 W PackageManager: Code path for com.android.volvocars.drawsomestuff changing from /data/app/com.android.volvocars.drawsomestuff-9l2H50fxDpPhGuF9CIlbLA== to /data/app/com.android.volvocars.drawsomestuff-d1iAT3ygRJJGxEZ9oR-UnQ==
01-31 14:59:24.523  1666  1697 W PackageManager: Resource path for com.android.volvocars.drawsomestuff changing from /data/app/com.android.volvocars.drawsomestuff-9l2H50fxDpPhGuF9CIlbLA== to /data/app/com.android.volvocars.drawsomestuff-d1iAT3ygRJJGxEZ9oR-UnQ==
01-31 14:59:24.567  1666  1697 D PackageManager: Ephemeral installer not found with new action; try old one
01-31 14:59:24.567  1666  1697 D PackageManager: Clear ephemeral installer activity
01-31 14:59:24.608  1666  1697 I ActivityManager: Force stopping com.android.volvocars.drawsomestuff appid=10079 user=0: pkg removed
01-31 14:59:24.638  1666  1666 I Telecom : DefaultDialerCache: Refreshing default dialer for user 0: now com.google.android.dialer: DDC.oR@AkQ
01-31 14:59:24.644  1666 13246 W BroadcastQueue: Background execution not allowed: receiving Intent { act=android.intent.action.PACKAGE_REMOVED dat=package:com.android.volvocars.drawsomestuff flg=0x4000010 (has extras) } to com.google.android.googlequicksearchbox/com.google.android.apps.gsa.googlequicksearchbox.GelStubAppWatcher
01-31 14:59:24.656  1666 13246 W BroadcastQueue: Background execution not allowed: receiving Intent { act=android.intent.action.PACKAGE_ADDED dat=package:com.android.volvocars.drawsomestuff flg=0x4000010 (has extras) } to com.google.android.googlequicksearchbox/com.google.android.apps.gsa.googlequicksearchbox.GelStubAppWatcher
01-31 14:59:24.657  1666  1681 W BroadcastQueue: Background execution not allowed: receiving Intent { act=android.intent.action.PACKAGE_REPLACED dat=package:com.android.volvocars.drawsomestuff flg=0x4000010 (has extras) } to com.google.android.apps.photos/.account.full.FetchAccountPropertiesAppUpgradeBroadcastReceiver
01-31 14:59:24.657  1666  1681 W BroadcastQueue: Background execution not allowed: receiving Intent { act=android.intent.action.PACKAGE_REPLACED dat=package:com.android.volvocars.drawsomestuff flg=0x4000010 (has extras) } to com.google.android.apps.photos/.backgroundsignin.BackgroundSignInBroadcastReceiver
01-31 14:59:24.657  1666  1681 W BroadcastQueue: Background execution not allowed: receiving Intent { act=android.intent.action.PACKAGE_REPLACED dat=package:com.android.volvocars.drawsomestuff flg=0x4000010 (has extras) } to com.google.android.apps.photos/.experiments.phenotype.full.PhenotypeAppUpgradeBroadcastReceiver
01-31 14:59:24.657  1666  1681 W BroadcastQueue: Background execution not allowed: receiving Intent { act=android.intent.action.PACKAGE_REPLACED dat=package:com.android.volvocars.drawsomestuff flg=0x4000010 (has extras) } to com.google.android.apps.photos/.notificationchannels.AppUpdateBroadcastReceiver
01-31 14:59:24.678  1666  1968 W BroadcastQueue: Background execution not allowed: receiving Intent { act=android.intent.action.PACKAGE_REPLACED dat=package:com.android.volvocars.drawsomestuff flg=0x4000010 (has extras) } to com.google.android.googlequicksearchbox/com.google.android.apps.gsa.googlequicksearchbox.GelStubAppWatcher
01-31 14:59:24.695  1666  1682 D AutofillUI: destroySaveUiUiThread(): already destroyed
01-31 14:59:24.696  1666  1680 D AutofillManagerServiceImpl: Set component for user 0 as ServiceInfo{a9a3538 com.google.android.gms.autofill.service.AutofillService}
01-31 14:59:24.757  1666  1678 I ActivityManager: Force stopping com.android.volvocars.drawsomestuff appid=10079 user=-1: set debug app
01-31 14:59:24.758  1666  1678 I ActivityManager: START u0 {act=android.intent.action.MAIN cat=[android.intent.category.LAUNCHER] flg=0x10000000 cmp=com.android.volvocars.drawsomestuff/.MainActivity} from uid 2000
01-31 14:59:24.773  1666  2423 I ActivityManager: Start proc 822:com.android.volvocars.drawsomestuff/u0a79 for activity com.android.volvocars.drawsomestuff/.MainActivity
01-31 14:59:24.795   822   822 W ActivityThread: Application com.android.volvocars.drawsomestuff is waiting for the debugger on port 8100...
01-31 14:59:24.808  2504 32718 E ActivityThread: Failed to find provider info for com.google.android.apps.gsa.testing.ui.audio.recorded
01-31 14:59:24.971  1666  1682 W Looper  : Dispatch took 112ms on android.ui, h=Handler (android.view.Choreographer$FrameHandler) {115fc03} cb=android.view.Choreographer$FrameDisplayEventReceiver@6776780 msg=0
01-31 14:59:28.343  1666  1800 E TaskPersister: File error accessing recents directory (directory doesn't exist?).
01-31 14:59:28.443  1666  1741 W AppOps  : Finishing op nesting under-run: uid 1000 pkg android code 24 time=0 duration=0 nesting=0
01-31 14:59:35.551  1666  1684 E BatteryExternalStatsWorker: modem info is invalid: ModemActivityInfo{ mTimestamp=0 mSleepTimeMs=0 mIdleTimeMs=0 mTxTimeMs[]=[0, 0, 0, 0, 0] mRxTimeMs=0 mEnergyUsed=0}
01-31 15:01:14.515  1666  1684 E BatteryExternalStatsWorker: modem info is invalid: ModemActivityInfo{ mTimestamp=0 mSleepTimeMs=0 mIdleTimeMs=0 mTxTimeMs[]=[0, 0, 0, 0, 0] mRxTimeMs=0 mEnergyUsed=0}
01-31 15:03:35.596  1666  1684 E BatteryExternalStatsWorker: modem info is invalid: ModemActivityInfo{ mTimestamp=0 mSleepTimeMs=0 mIdleTimeMs=0 mTxTimeMs[]=[0, 0, 0, 0, 0] mRxTimeMs=0 mEnergyUsed=0}
01-31 15:04:35.555  1666  1684 E BatteryExternalStatsWorker: modem info is invalid: ModemActivityInfo{ mTimestamp=0 mSleepTimeMs=0 mIdleTimeMs=0 mTxTimeMs[]=[0, 0, 0, 0, 0] mRxTimeMs=0 mEnergyUsed=0}
01-31 15:10:20.495  1666  1684 E BatteryExternalStatsWorker: modem info is invalid: ModemActivityInfo{ mTimestamp=0 mSleepTimeMs=0 mIdleTimeMs=0 mTxTimeMs[]=[0, 0, 0, 0, 0] mRxTimeMs=0 mEnergyUsed=0}
01-31 15:10:56.031  1666  1684 E BatteryExternalStatsWorker: no controller energy info supplied for wifi
01-31 15:10:56.037  1666  1684 E KernelCpuSpeedReader: Failed to read cpu-freq: /sys/devices/system/cpu/cpu0/cpufreq/stats/time_in_state (No such file or directory)
01-31 15:10:56.038  1666  1684 E BatteryExternalStatsWorker: modem info is invalid: ModemActivityInfo{ mTimestamp=0 mSleepTimeMs=0 mIdleTimeMs=0 mTxTimeMs[]=[0, 0, 0, 0, 0] mRxTimeMs=0 mEnergyUsed=0}
01-31 15:11:14.383  1666  1666 I EntropyMixer: Writing entropy...
01-31 15:15:39.216  1666  1684 E BatteryExternalStatsWorker: modem info is invalid: ModemActivityInfo{ mTimestamp=0 mSleepTimeMs=0 mIdleTimeMs=0 mTxTimeMs[]=[0, 0, 0, 0, 0] mRxTimeMs=0 mEnergyUsed=0}
01-31 15:16:16.027  1666  1774 D NetworkStats: Resolving plan for NetworkTemplate: matchRule=MOBILE_ALL, subscriberId=310260..., matchSubscriberIds=[310260...]
01-31 15:16:16.030  1666  1774 D NetworkStats: Found active matching subId 1
01-31 15:16:16.034  1666  1774 D NetworkStats: Resolved to plan null
01-31 15:18:59.635  1666  1684 E BatteryExternalStatsWorker: modem info is invalid: ModemActivityInfo{ mTimestamp=0 mSleepTimeMs=0 mIdleTimeMs=0 mTxTimeMs[]=[0, 0, 0, 0, 0] mRxTimeMs=0 mEnergyUsed=0}
01-31 15:19:12.555  1666  1684 E BatteryExternalStatsWorker: modem info is invalid: ModemActivityInfo{ mTimestamp=0 mSleepTimeMs=0 mIdleTimeMs=0 mTxTimeMs[]=[0, 0, 0, 0, 0] mRxTimeMs=0 mEnergyUsed=0}
01-31 15:19:24.344  1666  1680 I UsageStatsService: User[0] Flushing usage stats to disk
01-31 15:19:39.260  1666  1684 E BatteryExternalStatsWorker: modem info is invalid: ModemActivityInfo{ mTimestamp=0 mSleepTimeMs=0 mIdleTimeMs=0 mTxTimeMs[]=[0, 0, 0, 0, 0] mRxTimeMs=0 mEnergyUsed=0}
01-31 15:20:39.256  1666  1684 E BatteryExternalStatsWorker: modem info is invalid: ModemActivityInfo{ mTimestamp=0 mSleepTimeMs=0 mIdleTimeMs=0 mTxTimeMs[]=[0, 0, 0, 0, 0] mRxTimeMs=0 mEnergyUsed=0}
01-31 15:22:26.556  1666  1684 E BatteryExternalStatsWorker: modem info is invalid: ModemActivityInfo{ mTimestamp=0 mSleepTimeMs=0 mIdleTimeMs=0 mTxTimeMs[]=[0, 0, 0, 0, 0] mRxTimeMs=0 mEnergyUsed=0}
01-31 15:23:12.614  1666  1684 I chatty  : uid=1000(system) batterystats-wo identical 1 line
01-31 15:24:12.576  1666  1684 E BatteryExternalStatsWorker: modem info is invalid: ModemActivityInfo{ mTimestamp=0 mSleepTimeMs=0 mIdleTimeMs=0 mTxTimeMs[]=[0, 0, 0, 0, 0] mRxTimeMs=0 mEnergyUsed=0}
01-31 15:29:03.995  1666  1684 E BatteryExternalStatsWorker: modem info is invalid: ModemActivityInfo{ mTimestamp=0 mSleepTimeMs=0 mIdleTimeMs=0 mTxTimeMs[]=[0, 0, 0, 0, 0] mRxTimeMs=0 mEnergyUsed=0}
01-31 15:32:00.029  1666  1680 I ProcessStatsService: Pruning old procstats: /data/system/procstats/state-2018-01-30-12-19-11.bin
01-31 15:35:30.936  1666  1684 E BatteryExternalStatsWorker: modem info is invalid: ModemActivityInfo{ mTimestamp=0 mSleepTimeMs=0 mIdleTimeMs=0 mTxTimeMs[]=[0, 0, 0, 0, 0] mRxTimeMs=0 mEnergyUsed=0}
01-31 15:40:56.037  1666  1684 E BatteryExternalStatsWorker: no controller energy info supplied for wifi
01-31 15:40:56.039  1666  1684 E KernelCpuSpeedReader: Failed to read cpu-freq: /sys/devices/system/cpu/cpu0/cpufreq/stats/time_in_state (No such file or directory)
01-31 15:40:56.039  1666  1684 E BatteryExternalStatsWorker: modem info is invalid: ModemActivityInfo{ mTimestamp=0 mSleepTimeMs=0 mIdleTimeMs=0 mTxTimeMs[]=[0, 0, 0, 0, 0] mRxTimeMs=0 mEnergyUsed=0}
01-31 15:41:15.870  1666  1774 D NetworkStats: Resolving plan for NetworkTemplate: matchRule=MOBILE_ALL, subscriberId=310260..., matchSubscriberIds=[310260...]
01-31 15:41:15.871  1666  1774 D NetworkStats: Found active matching subId 1
01-31 15:41:15.877  1666  1774 D NetworkStats: Resolved to plan null
01-31 15:43:38.457  1666  1684 E BatteryExternalStatsWorker: modem info is invalid: ModemActivityInfo{ mTimestamp=0 mSleepTimeMs=0 mIdleTimeMs=0 mTxTimeMs[]=[0, 0, 0, 0, 0] mRxTimeMs=0 mEnergyUsed=0}
01-31 15:45:01.555  1666  1684 E BatteryExternalStatsWorker: modem info is invalid: ModemActivityInfo{ mTimestamp=0 mSleepTimeMs=0 mIdleTimeMs=0 mTxTimeMs[]=[0, 0, 0, 0, 0] mRxTimeMs=0 mEnergyUsed=0}
01-31 15:50:58.036  1666  1684 E BatteryExternalStatsWorker: modem info is invalid: ModemActivityInfo{ mTimestamp=0 mSleepTimeMs=0 mIdleTimeMs=0 mTxTimeMs[]=[0, 0, 0, 0, 0] mRxTimeMs=0 mEnergyUsed=0}
01-31 15:54:45.956  1666  1684 E BatteryExternalStatsWorker: modem info is invalid: ModemActivityInfo{ mTimestamp=0 mSleepTimeMs=0 mIdleTimeMs=0 mTxTimeMs[]=[0, 0, 0, 0, 0] mRxTimeMs=0 mEnergyUsed=0}
01-31 15:58:06.474  1666  1684 E BatteryExternalStatsWorker: modem info is invalid: ModemActivityInfo{ mTimestamp=0 mSleepTimeMs=0 mIdleTimeMs=0 mTxTimeMs[]=[0, 0, 0, 0, 0] mRxTimeMs=0 mEnergyUsed=0}
01-31 16:04:28.836  1666  1684 E BatteryExternalStatsWorker: modem info is invalid: ModemActivityInfo{ mTimestamp=0 mSleepTimeMs=0 mIdleTimeMs=0 mTxTimeMs[]=[0, 0, 0, 0, 0] mRxTimeMs=0 mEnergyUsed=0}
01-31 16:10:56.047  1666  1684 E BatteryExternalStatsWorker: no controller energy info supplied for wifi
01-31 16:10:56.052  1666  1684 E KernelCpuSpeedReader: Failed to read cpu-freq: /sys/devices/system/cpu/cpu0/cpufreq/stats/time_in_state (No such file or directory)
01-31 16:10:56.054  1666  1684 E BatteryExternalStatsWorker: modem info is invalid: ModemActivityInfo{ mTimestamp=0 mSleepTimeMs=0 mIdleTimeMs=0 mTxTimeMs[]=[0, 0, 0, 0, 0] mRxTimeMs=0 mEnergyUsed=0}
01-31 16:11:29.336  1666  3626 I ActivityManager: Start proc 1549:com.google.android.gms.ui/u0a12 for service com.google.android.gms/.chimera.UiIntentOperationService
01-31 16:11:29.360  1666  4581 I ActivityManager: Start proc 1574:com.google.android.apps.messaging/u0a71 for broadcast com.google.android.apps.messaging/.shared.experiments.BuglePhenotypeBroadcastReceiver
01-31 16:11:29.476  1666 13246 I ActivityManager: Start proc 1703:com.google.android.apps.messaging:rcs/u0a71 for broadcast com.google.android.apps.messaging/com.google.android.ims.library.phenotype.PhenotypeConfigurationReceiver
01-31 16:11:29.491  1666  4581 D MmsServiceBroker: getCarrierConfigValues() by com.google.android.apps.messaging
01-31 16:11:29.501  1666  4581 D MmsServiceBroker: getCarrierConfigValues() by com.google.android.apps.messaging
01-31 16:11:29.506  1666  1678 D MmsServiceBroker: getCarrierConfigValues() by com.google.android.apps.messaging
01-31 16:11:29.563  1666  1678 I ActivityManager: Start proc 1736:com.google.process.gapps/u0a12 for content provider com.google.android.gsf/.settings.GoogleSettingsProvider
01-31 16:11:29.570  1666  1967 D ConnectivityService: Returning BLOCKED NetworkInfo to uid=10071
01-31 16:11:29.681  1666 13246 I ActivityManager: Start proc 1833:com.google.android.dialer/u0a18 for broadcast com.google.android.dialer/com.google.android.apps.dialer.phenotype.UpdateBroadcastReceiver
01-31 16:11:29.695  1666 29709 I ActivityManager: Start proc 1853:android.process.acore/u0a1 for content provider com.android.providers.contacts/.ContactsProvider2
01-31 16:11:29.754  1666  1968 I ActivityManager: Start proc 1888:com.google.android.gms.feedback/u0a12 for service com.google.android.gms/.feedback.FeedbackService
01-31 16:11:29.808  1666  1678 I ActivityManager: Killing 25520:android.process.media/u0a11 (adj 906): empty for 14009s
01-31 16:11:29.841  1666 29709 D CountryDetector: The first listener is added
01-31 16:11:29.951  1666  4581 I ActivityManager: Killing 28349:com.android.keychain/1000 (adj 906): empty for 4325s
01-31 16:11:29.951  1666  4581 I ActivityManager: Killing 28631:com.google.android.talk/u0a59 (adj 906): empty for 6808s
01-31 16:11:30.000  1666  1968 I ActivityManager: Start proc 1947:com.google.android.calendar/u0a43 for broadcast com.google.android.calendar/com.google.android.apps.calendar.config.phenotypesupport.PhenotypeBroadcastReceiver
01-31 16:11:30.039  1666  1678 I ActivityManager: Start proc 1965:com.android.providers.calendar/u0a3 for content provider com.android.providers.calendar/.CalendarProvider2
01-31 16:11:30.160  1666 13246 I ActivityManager: Killing 28320:com.android.defcontainer/u0a8 (adj 906): empty for 4315s
01-31 16:11:37.385  1666  3626 I ActivityManager: Killing 25506:com.google.android.partnersetup/u0a20 (adj 906): empty for 3216s
01-31 16:11:39.236  1666  1684 E BatteryExternalStatsWorker: modem info is invalid: ModemActivityInfo{ mTimestamp=0 mSleepTimeMs=0 mIdleTimeMs=0 mTxTimeMs[]=[0, 0, 0, 0, 0] mRxTimeMs=0 mEnergyUsed=0}
01-31 16:11:49.698  1666  3626 I ActivityManager: Killing 25093:com.google.android.gms.unstable/u0a12 (adj 906): empty for 3162s
01-31 16:12:16.028  1666  1774 D NetworkStats: Resolving plan for NetworkTemplate: matchRule=MOBILE_ALL, subscriberId=310260..., matchSubscriberIds=[310260...]
01-31 16:12:16.031  1666  1774 D NetworkStats: Found active matching subId 1
01-31 16:12:16.036  1666  1774 D NetworkStats: Resolved to plan null
01-31 16:14:18.316  1666  1684 E BatteryExternalStatsWorker: modem info is invalid: ModemActivityInfo{ mTimestamp=0 mSleepTimeMs=0 mIdleTimeMs=0 mTxTimeMs[]=[0, 0, 0, 0, 0] mRxTimeMs=0 mEnergyUsed=0}
01-31 16:15:39.276  1666  1684 E BatteryExternalStatsWorker: modem info is invalid: ModemActivityInfo{ mTimestamp=0 mSleepTimeMs=0 mIdleTimeMs=0 mTxTimeMs[]=[0, 0, 0, 0, 0] mRxTimeMs=0 mEnergyUsed=0}
01-31 16:16:39.297  1666  1684 E BatteryExternalStatsWorker: modem info is invalid: ModemActivityInfo{ mTimestamp=0 mSleepTimeMs=0 mIdleTimeMs=0 mTxTimeMs[]=[0, 0, 0, 0, 0] mRxTimeMs=0 mEnergyUsed=0}
01-31 16:19:01.031  1666  1666 I ActivityManager: Start proc 2106:com.google.android.partnersetup/u0a20 for service com.google.android.partnersetup/.InstalledAppJobService
01-31 16:19:12.455  1666  1684 E BatteryExternalStatsWorker: modem info is invalid: ModemActivityInfo{ mTimestamp=0 mSleepTimeMs=0 mIdleTimeMs=0 mTxTimeMs[]=[0, 0, 0, 0, 0] mRxTimeMs=0 mEnergyUsed=0}
01-31 16:23:12.516  1666  1684 E BatteryExternalStatsWorker: modem info is invalid: ModemActivityInfo{ mTimestamp=0 mSleepTimeMs=0 mIdleTimeMs=0 mTxTimeMs[]=[0, 0, 0, 0, 0] mRxTimeMs=0 mEnergyUsed=0}
01-31 16:24:12.515  1666  1684 E BatteryExternalStatsWorker: modem info is invalid: ModemActivityInfo{ mTimestamp=0 mSleepTimeMs=0 mIdleTimeMs=0 mTxTimeMs[]=[0, 0, 0, 0, 0] mRxTimeMs=0 mEnergyUsed=0}
01-31 16:28:04.495  1666  1684 E BatteryExternalStatsWorker: modem info is invalid: ModemActivityInfo{ mTimestamp=0 mSleepTimeMs=0 mIdleTimeMs=0 mTxTimeMs[]=[0, 0, 0, 0, 0] mRxTimeMs=0 mEnergyUsed=0}
01-31 16:31:29.662  1666  1680 I UsageStatsService: User[0] Flushing usage stats to disk
01-31 16:34:59.376  1666  1684 E BatteryExternalStatsWorker: modem info is invalid: ModemActivityInfo{ mTimestamp=0 mSleepTimeMs=0 mIdleTimeMs=0 mTxTimeMs[]=[0, 0, 0, 0, 0] mRxTimeMs=0 mEnergyUsed=0}
01-31 16:39:28.595  1666  4581 I ActivityManager: Start proc 2333:com.google.android.gms.unstable/u0a12 for service com.google.android.gms/.droidguard.DroidGuardService
01-31 16:39:40.315  1666  1684 E BatteryExternalStatsWorker: modem info is invalid: ModemActivityInfo{ mTimestamp=0 mSleepTimeMs=0 mIdleTimeMs=0 mTxTimeMs[]=[0, 0, 0, 0, 0] mRxTimeMs=0 mEnergyUsed=0}
01-31 16:40:26.435  1666  1684 E BatteryExternalStatsWorker: modem info is invalid: ModemActivityInfo{ mTimestamp=0 mSleepTimeMs=0 mIdleTimeMs=0 mTxTimeMs[]=[0, 0, 0, 0, 0] mRxTimeMs=0 mEnergyUsed=0}
01-31 16:40:56.054  1666  1684 E BatteryExternalStatsWorker: no controller energy info supplied for wifi
01-31 16:40:56.056  1666  1684 E KernelCpuSpeedReader: Failed to read cpu-freq: /sys/devices/system/cpu/cpu0/cpufreq/stats/time_in_state (No such file or directory)
01-31 16:40:56.057  1666  1684 E BatteryExternalStatsWorker: modem info is invalid: ModemActivityInfo{ mTimestamp=0 mSleepTimeMs=0 mIdleTimeMs=0 mTxTimeMs[]=[0, 0, 0, 0, 0] mRxTimeMs=0 mEnergyUsed=0}
01-31 16:41:15.858  1666  1774 D NetworkStats: Resolving plan for NetworkTemplate: matchRule=MOBILE_ALL, subscriberId=310260..., matchSubscriberIds=[310260...]
01-31 16:41:15.859  1666  1774 D NetworkStats: Found active matching subId 1
01-31 16:41:15.861  1666  1774 D NetworkStats: Resolved to plan null
01-31 16:41:41.934  1666  3626 I ActivityManager: Killing 1888:com.google.android.gms.feedback/u0a12 (adj 904): empty for 1812s
01-31 16:41:41.939  1666  3626 I ActivityManager: Killing 1853:android.process.acore/u0a1 (adj 904): empty for 1812s
01-31 16:41:41.940  1666  3626 I ActivityManager: Killing 1833:com.google.android.dialer/u0a18 (adj 904): empty for 1812s
01-31 16:41:41.941  1666  3626 I ActivityManager: Killing 1736:com.google.process.gapps/u0a12 (adj 906): empty for 1812s
01-31 16:41:41.941  1666  3626 I ActivityManager: Killing 1549:com.google.android.gms.ui/u0a12 (adj 906): empty for 1812s
01-31 16:41:41.980  1666  2496 D CountryDetector: No listener is left
01-31 16:41:41.983  1666  4611 W ActivityManager: Exception when unbinding service com.google.android.gms/.feedback.FeedbackService
01-31 16:41:41.983  1666  4611 W ActivityManager: android.os.DeadObjectException
01-31 16:41:41.983  1666  4611 W ActivityManager: 	at android.os.BinderProxy.transactNative(Native Method)
01-31 16:41:41.983  1666  4611 W ActivityManager: 	at android.os.BinderProxy.transact(Binder.java:764)
01-31 16:41:41.983  1666  4611 W ActivityManager: 	at android.app.IApplicationThread$Stub$Proxy.scheduleUnbindService(IApplicationThread.java:1508)
01-31 16:41:41.983  1666  4611 W ActivityManager: 	at com.android.server.am.ActiveServices.removeConnectionLocked(ActiveServices.java:2652)
01-31 16:41:41.983  1666  4611 W ActivityManager: 	at com.android.server.am.ActiveServices.killServicesLocked(ActiveServices.java:3051)
01-31 16:41:41.983  1666  4611 W ActivityManager: 	at com.android.server.am.ActivityManagerService.cleanUpApplicationRecordLocked(ActivityManagerService.java:18048)
01-31 16:41:41.983  1666  4611 W ActivityManager: 	at com.android.server.am.ActivityManagerService.handleAppDiedLocked(ActivityManagerService.java:5274)
01-31 16:41:41.983  1666  4611 W ActivityManager: 	at com.android.server.am.ActivityManagerService.appDiedLocked(ActivityManagerService.java:5464)
01-31 16:41:41.983  1666  4611 W ActivityManager: 	at com.android.server.am.ActivityManagerService$AppDeathRecipient.binderDied(ActivityManagerService.java:1626)
01-31 16:41:41.983  1666  4611 W ActivityManager: 	at android.os.BinderProxy.sendDeathNotice(Binder.java:844)
01-31 16:41:51.958  1666  1684 E BatteryExternalStatsWorker: modem info is invalid: ModemActivityInfo{ mTimestamp=0 mSleepTimeMs=0 mIdleTimeMs=0 mTxTimeMs[]=[0, 0, 0, 0, 0] mRxTimeMs=0 mEnergyUsed=0}
01-31 16:43:40.375  1666  1684 E BatteryExternalStatsWorker: modem info is invalid: ModemActivityInfo{ mTimestamp=0 mSleepTimeMs=0 mIdleTimeMs=0 mTxTimeMs[]=[0, 0, 0, 0, 0] mRxTimeMs=0 mEnergyUsed=0}
01-31 16:44:26.354  1666  1684 I chatty  : uid=1000(system) batterystats-wo identical 1 line
01-31 16:44:40.336  1666  1684 E BatteryExternalStatsWorker: modem info is invalid: ModemActivityInfo{ mTimestamp=0 mSleepTimeMs=0 mIdleTimeMs=0 mTxTimeMs[]=[0, 0, 0, 0, 0] mRxTimeMs=0 mEnergyUsed=0}
01-31 16:50:11.655  1666  1684 E BatteryExternalStatsWorker: modem info is invalid: ModemActivityInfo{ mTimestamp=0 mSleepTimeMs=0 mIdleTimeMs=0 mTxTimeMs[]=[0, 0, 0, 0, 0] mRxTimeMs=0 mEnergyUsed=0}
01-31 16:57:26.715  1666  1684 E BatteryExternalStatsWorker: modem info is invalid: ModemActivityInfo{ mTimestamp=0 mSleepTimeMs=0 mIdleTimeMs=0 mTxTimeMs[]=[0, 0, 0, 0, 0] mRxTimeMs=0 mEnergyUsed=0}
01-31 16:59:28.696  1666  1680 I UsageStatsService: User[0] Flushing usage stats to disk
01-31 17:06:33.916  1666  1684 E BatteryExternalStatsWorker: modem info is invalid: ModemActivityInfo{ mTimestamp=0 mSleepTimeMs=0 mIdleTimeMs=0 mTxTimeMs[]=[0, 0, 0, 0, 0] mRxTimeMs=0 mEnergyUsed=0}
01-31 17:07:38.715  1666  1684 E BatteryExternalStatsWorker: modem info is invalid: ModemActivityInfo{ mTimestamp=0 mSleepTimeMs=0 mIdleTimeMs=0 mTxTimeMs[]=[0, 0, 0, 0, 0] mRxTimeMs=0 mEnergyUsed=0}
01-31 17:10:56.057  1666  1684 E BatteryExternalStatsWorker: no controller energy info supplied for wifi
01-31 17:10:56.062  1666  1684 E KernelCpuSpeedReader: Failed to read cpu-freq: /sys/devices/system/cpu/cpu0/cpufreq/stats/time_in_state (No such file or directory)
01-31 17:10:56.064  1666  1684 E BatteryExternalStatsWorker: modem info is invalid: ModemActivityInfo{ mTimestamp=0 mSleepTimeMs=0 mIdleTimeMs=0 mTxTimeMs[]=[0, 0, 0, 0, 0] mRxTimeMs=0 mEnergyUsed=0}
01-31 17:11:15.792  1666  1774 D NetworkStats: Resolving plan for NetworkTemplate: matchRule=MOBILE_ALL, subscriberId=310260..., matchSubscriberIds=[310260...]
01-31 17:11:15.793  1666  1774 D NetworkStats: Found active matching subId 1
01-31 17:11:15.796  1666  1774 D NetworkStats: Resolved to plan null
01-31 17:11:44.394  1666  1684 E BatteryExternalStatsWorker: modem info is invalid: ModemActivityInfo{ mTimestamp=0 mSleepTimeMs=0 mIdleTimeMs=0 mTxTimeMs[]=[0, 0, 0, 0, 0] mRxTimeMs=0 mEnergyUsed=0}
01-31 17:19:27.415  1666  1684 E BatteryExternalStatsWorker: modem info is invalid: ModemActivityInfo{ mTimestamp=0 mSleepTimeMs=0 mIdleTimeMs=0 mTxTimeMs[]=[0, 0, 0, 0, 0] mRxTimeMs=0 mEnergyUsed=0}
01-31 17:19:55.614  1666  1684 E BatteryExternalStatsWorker: modem info is invalid: ModemActivityInfo{ mTimestamp=0 mSleepTimeMs=0 mIdleTimeMs=0 mTxTimeMs[]=[0, 0, 0, 0, 0] mRxTimeMs=0 mEnergyUsed=0}
01-31 17:23:27.455  1666  1684 E BatteryExternalStatsWorker: modem info is invalid: ModemActivityInfo{ mTimestamp=0 mSleepTimeMs=0 mIdleTimeMs=0 mTxTimeMs[]=[0, 0, 0, 0, 0] mRxTimeMs=0 mEnergyUsed=0}
01-31 17:24:27.454  1666  1684 E BatteryExternalStatsWorker: modem info is invalid: ModemActivityInfo{ mTimestamp=0 mSleepTimeMs=0 mIdleTimeMs=0 mTxTimeMs[]=[0, 0, 0, 0, 0] mRxTimeMs=0 mEnergyUsed=0}
01-31 17:25:33.836  1666  1684 E BatteryExternalStatsWorker: modem info is invalid: ModemActivityInfo{ mTimestamp=0 mSleepTimeMs=0 mIdleTimeMs=0 mTxTimeMs[]=[0, 0, 0, 0, 0] mRxTimeMs=0 mEnergyUsed=0}
01-31 17:31:01.656  1666  1684 E BatteryExternalStatsWorker: modem info is invalid: ModemActivityInfo{ mTimestamp=0 mSleepTimeMs=0 mIdleTimeMs=0 mTxTimeMs[]=[0, 0, 0, 0, 0] mRxTimeMs=0 mEnergyUsed=0}
01-31 17:35:38.715  1666  1684 E BatteryExternalStatsWorker: modem info is invalid: ModemActivityInfo{ mTimestamp=0 mSleepTimeMs=0 mIdleTimeMs=0 mTxTimeMs[]=[0, 0, 0, 0, 0] mRxTimeMs=0 mEnergyUsed=0}
01-31 17:36:08.952  1666  1684 E BatteryExternalStatsWorker: modem info is invalid: ModemActivityInfo{ mTimestamp=0 mSleepTimeMs=0 mIdleTimeMs=0 mTxTimeMs[]=[0, 0, 0, 0, 0] mRxTimeMs=0 mEnergyUsed=0}
01-31 17:38:01.474  1666  1684 E BatteryExternalStatsWorker: modem info is invalid: ModemActivityInfo{ mTimestamp=0 mSleepTimeMs=0 mIdleTimeMs=0 mTxTimeMs[]=[0, 0, 0, 0, 0] mRxTimeMs=0 mEnergyUsed=0}
01-31 17:40:56.067  1666  1684 E BatteryExternalStatsWorker: no controller energy info supplied for wifi
01-31 17:40:56.072  1666  1684 E KernelCpuSpeedReader: Failed to read cpu-freq: /sys/devices/system/cpu/cpu0/cpufreq/stats/time_in_state (No such file or directory)
01-31 17:40:56.075  1666  1684 E BatteryExternalStatsWorker: modem info is invalid: ModemActivityInfo{ mTimestamp=0 mSleepTimeMs=0 mIdleTimeMs=0 mTxTimeMs[]=[0, 0, 0, 0, 0] mRxTimeMs=0 mEnergyUsed=0}
01-31 17:47:34.795  1666  1684 E BatteryExternalStatsWorker: modem info is invalid: ModemActivityInfo{ mTimestamp=0 mSleepTimeMs=0 mIdleTimeMs=0 mTxTimeMs[]=[0, 0, 0, 0, 0] mRxTimeMs=0 mEnergyUsed=0}
01-31 17:49:15.985  1666  1774 D NetworkStats: Resolving plan for NetworkTemplate: matchRule=MOBILE_ALL, subscriberId=310260..., matchSubscriberIds=[310260...]
01-31 17:49:15.987  1666  1774 D NetworkStats: Found active matching subId 1
01-31 17:49:15.990  1666  1774 D NetworkStats: Resolved to plan null
01-31 17:49:27.635  1666  1684 E BatteryExternalStatsWorker: modem info is invalid: ModemActivityInfo{ mTimestamp=0 mSleepTimeMs=0 mIdleTimeMs=0 mTxTimeMs[]=[0, 0, 0, 0, 0] mRxTimeMs=0 mEnergyUsed=0}
