02-08 11:24:20.276  3427  3468 V Bugle   : Executing sticker action: com.google.android.apps.messaging.shared.datamodel.sticker.SyncStickerSetListAction
02-08 11:24:20.278  2394  3304 W MediaProvider: Missing volume for /system/media/audio/ringtones/Nairobi.ogg; assuming invalid
02-08 11:24:20.281  2394  3304 W MediaProvider: Missing volume for /system/media/audio/ringtones/Nassau.ogg; assuming invalid
02-08 11:24:20.284  2394  3304 W MediaProvider: Missing volume for /system/media/audio/ringtones/NewPlayer.ogg; assuming invalid
02-08 11:24:20.284  3427  3490 V BugleRcs: RcsAvailability updated but unchanged: We aren't the default SMS app
02-08 11:24:20.285  1683  2425 I chatty  : uid=1000(system) Binder:1683_8 expire 33 lines
02-08 11:24:20.285  2394  3304 W MediaProvider: Missing volume for /system/media/audio/ringtones/No_Limits.ogg; assuming invalid
02-08 11:24:20.287  2394  3304 W MediaProvider: Missing volume for /system/media/audio/ringtones/Noises1.ogg; assuming invalid
02-08 11:24:20.288  2394  3304 W MediaProvider: Missing volume for /system/media/audio/ringtones/Noises2.ogg; assuming invalid
02-08 11:24:20.293  2394  3304 W MediaProvider: Missing volume for /system/media/audio/ringtones/Noises3.ogg; assuming invalid
02-08 11:24:20.295  2394  3304 W MediaProvider: Missing volume for /system/media/audio/ringtones/OrganDub.ogg; assuming invalid
02-08 11:24:20.300  2394  3304 W MediaProvider: Missing volume for /system/media/audio/ringtones/Orion.ogg; assuming invalid
02-08 11:24:20.308  1683  2468 D VoldConnector: SND -> {44 volume mkdirs /storage/emulated/0/Android/data/com.google.android.inputmethod.latin/cache/}
02-08 11:24:20.309  1683  1799 D VoldConnector: RCV <- {200 44 Command succeeded}
02-08 11:24:20.310  1683  2467 D VoldConnector: SND -> {45 volume mkdirs /storage/1EFB-0916/Android/data/com.google.android.inputmethod.latin/cache/}
02-08 11:24:20.311  2394  3304 W MediaProvider: Missing volume for /system/media/audio/ringtones/PERSEUS.ogg; assuming invalid
02-08 11:24:20.312  2394  3304 W MediaProvider: Missing volume for /system/media/audio/ringtones/Paradise_Island.ogg; assuming invalid
02-08 11:24:20.312  3493  3520 D CarrierServices: log_saver already enabled
02-08 11:24:20.313  1683  1799 D VoldConnector: RCV <- {200 45 Command succeeded}
02-08 11:24:20.316  2394  3304 W MediaProvider: Missing volume for /system/media/audio/ringtones/Pegasus.ogg; assuming invalid
02-08 11:24:20.317  2394  3304 W MediaProvider: Missing volume for /system/media/audio/ringtones/Perseus.ogg; assuming invalid
02-08 11:24:20.318  2394  3304 E SQLiteDatabase: Error inserting title_key=G1KM1QM parent=71 is_music=false title=Perseus _size=236343 duration=10170 bucket_id=293500348 is_alarm=false album_artist=null media_type=2 storage_id=0 is_notification=false track=0 bucket_display_name=ringtones _data=/system/media/audio/ringtones/Perseus.ogg is_drm=false _display_name=Perseus.ogg composer=null format=47362 is_ringtone=true artist_id=1 is_podcast=false date_added=1518117860 date_modified=1510953133 mime_type=application/ogg album_id=4
02-08 11:24:20.318  2394  3304 E SQLiteDatabase: android.database.sqlite.SQLiteConstraintException: UNIQUE constraint failed: files._data (code 2067)
02-08 11:24:20.318  2394  3304 E SQLiteDatabase: 	at android.database.sqlite.SQLiteConnection.nativeExecuteForLastInsertedRowId(Native Method)
02-08 11:24:20.318  2394  3304 E SQLiteDatabase: 	at android.database.sqlite.SQLiteConnection.executeForLastInsertedRowId(SQLiteConnection.java:783)
02-08 11:24:20.318  2394  3304 E SQLiteDatabase: 	at android.database.sqlite.SQLiteSession.executeForLastInsertedRowId(SQLiteSession.java:788)
02-08 11:24:20.318  2394  3304 E SQLiteDatabase: 	at android.database.sqlite.SQLiteStatement.executeInsert(SQLiteStatement.java:86)
02-08 11:24:20.318  2394  3304 E SQLiteDatabase: 	at android.database.sqlite.SQLiteDatabase.insertWithOnConflict(SQLiteDatabase.java:1548)
02-08 11:24:20.318  2394  3304 E SQLiteDatabase: 	at android.database.sqlite.SQLiteDatabase.insert(SQLiteDatabase.java:1417)
02-08 11:24:20.318  2394  3304 E SQLiteDatabase: 	at com.android.providers.media.MediaProvider.insertFile(MediaProvider.java:2264)
02-08 11:24:20.318  2394  3304 E SQLiteDatabase: 	at com.android.providers.media.MediaProvider.insertInternal(MediaProvider.java:2497)
02-08 11:24:20.318  2394  3304 E SQLiteDatabase: 	at com.android.providers.media.MediaProvider.bulkInsert(MediaProvider.java:1870)
02-08 11:24:20.318  2394  3304 E SQLiteDatabase: 	at android.content.ContentProvider$Transport.bulkInsert(ContentProvider.java:280)
02-08 11:24:20.318  2394  3304 E SQLiteDatabase: 	at android.content.ContentProviderClient.bulkInsert(ContentProviderClient.java:290)
02-08 11:24:20.318  2394  3304 E SQLiteDatabase: 	at android.media.MediaInserter.flush(MediaInserter.java:91)
02-08 11:24:20.318  2394  3304 E SQLiteDatabase: 	at android.media.MediaInserter.flushAll(MediaInserter.java:74)
02-08 11:24:20.318  2394  3304 E SQLiteDatabase: 	at android.media.MediaScanner.scanDirectories(MediaScanner.java:1408)
02-08 11:24:20.318  2394  3304 E SQLiteDatabase: 	at com.android.providers.media.MediaScannerService.scan(MediaScannerService.java:82)
02-08 11:24:20.318  2394  3304 E SQLiteDatabase: 	at com.android.providers.media.MediaScannerService.-wrap1(Unknown Source:0)
02-08 11:24:20.318  2394  3304 E SQLiteDatabase: 	at com.android.providers.media.MediaScannerService$ServiceHandler.handleMessage(MediaScannerService.java:252)
02-08 11:24:20.318  2394  3304 E SQLiteDatabase: 	at android.os.Handler.dispatchMessage(Handler.java:106)
02-08 11:24:20.318  2394  3304 E SQLiteDatabase: 	at android.os.Looper.loop(Looper.java:164)
02-08 11:24:20.318  2394  3304 E SQLiteDatabase: 	at com.android.providers.media.MediaScannerService.run(MediaScannerService.java:161)
02-08 11:24:20.318  2394  3304 E SQLiteDatabase: 	at java.lang.Thread.run(Thread.java:764)
02-08 11:24:20.319  2394  3304 W MediaProvider: Missing volume for /system/media/audio/ringtones/Playa.ogg; assuming invalid
02-08 11:24:20.320  2394  3304 W MediaProvider: Missing volume for /system/media/audio/ringtones/Pyxis.ogg; assuming invalid
02-08 11:24:20.321  2394  3304 W MediaProvider: Missing volume for /system/media/audio/ringtones/Rasalas.ogg; assuming invalid
02-08 11:24:20.321  2394  3304 W MediaProvider: Missing volume for /system/media/audio/ringtones/Revelation.ogg; assuming invalid
02-08 11:24:20.322  2394  3304 W MediaProvider: Missing volume for /system/media/audio/ringtones/Rigel.ogg; assuming invalid
02-08 11:24:20.323  2394  3304 W MediaProvider: Missing volume for /system/media/audio/ringtones/Ring_Classic_02.ogg; assuming invalid
02-08 11:24:20.323  1596  1952 E MetadataRetrieverClient: failed to extract an album art
02-08 11:24:20.325  2394  3304 W MediaProvider: Missing volume for /system/media/audio/ringtones/Ring_Digital_02.ogg; assuming invalid
02-08 11:24:20.326  2394  3304 W MediaProvider: Missing volume for /system/media/audio/ringtones/Ring_Synth_02.ogg; assuming invalid
02-08 11:24:20.327  2394  3304 W MediaProvider: Missing volume for /system/media/audio/ringtones/Ring_Synth_04.ogg; assuming invalid
02-08 11:24:20.328  2394  3304 W MediaProvider: Missing volume for /system/media/audio/ringtones/Road_Trip.ogg; assuming invalid
02-08 11:24:20.329  2394  3304 W MediaProvider: Missing volume for /system/media/audio/ringtones/RomancingTheTone.ogg; assuming invalid
02-08 11:24:20.330  2394  3304 W MediaProvider: Missing volume for /system/media/audio/ringtones/Safari.ogg; assuming invalid
02-08 11:24:20.332  2394  3304 W MediaProvider: Missing volume for /system/media/audio/ringtones/Savannah.ogg; assuming invalid
02-08 11:24:20.334  2394  3304 W MediaProvider: Missing volume for /system/media/audio/ringtones/Scarabaeus.ogg; assuming invalid
02-08 11:24:20.336  2394  3304 W MediaProvider: Missing volume for /system/media/audio/ringtones/Sceptrum.ogg; assuming invalid
02-08 11:24:20.338  2394  3304 W MediaProvider: Missing volume for /system/media/audio/ringtones/Seville.ogg; assuming invalid
02-08 11:24:20.341  2394  3304 W MediaProvider: Missing volume for /system/media/audio/ringtones/Shes_All_That.ogg; assuming invalid
02-08 11:24:20.343  2394  3304 W MediaProvider: Missing volume for /system/media/audio/ringtones/SilkyWay.ogg; assuming invalid
02-08 11:24:20.344  2394  3304 W MediaProvider: Missing volume for /system/media/audio/ringtones/SitarVsSitar.ogg; assuming invalid
02-08 11:24:20.348  2394  3304 W MediaProvider: Missing volume for /system/media/audio/ringtones/Solarium.ogg; assuming invalid
02-08 11:24:20.352  2394  3304 W MediaProvider: Missing volume for /system/media/audio/ringtones/SpringyJalopy.ogg; assuming invalid
02-08 11:24:20.354  2394  3304 W MediaProvider: Missing volume for /system/media/audio/ringtones/Steppin_Out.ogg; assuming invalid
02-08 11:24:20.358  2394  3304 W MediaProvider: Missing volume for /system/media/audio/ringtones/Terminated.ogg; assuming invalid
02-08 11:24:20.360  2394  3304 W MediaProvider: Missing volume for /system/media/audio/ringtones/Testudo.ogg; assuming invalid
02-08 11:24:20.361  2394  3304 W MediaProvider: Missing volume for /system/media/audio/ringtones/Themos.ogg; assuming invalid
02-08 11:24:20.362  2394  3304 W MediaProvider: Missing volume for /system/media/audio/ringtones/Third_Eye.ogg; assuming invalid
02-08 11:24:20.362  2394  3304 W MediaProvider: Missing volume for /system/media/audio/ringtones/Thunderfoot.ogg; assuming invalid
02-08 11:24:20.363  2394  3304 W MediaProvider: Missing volume for /system/media/audio/ringtones/TwirlAway.ogg; assuming invalid
02-08 11:24:20.364  2394  3304 W MediaProvider: Missing volume for /system/media/audio/ringtones/URSAMINOR.ogg; assuming invalid
02-08 11:24:20.366  2394  3304 W MediaProvider: Missing volume for /system/media/audio/ringtones/UrsaMinor.ogg; assuming invalid
02-08 11:24:20.367  2394  3304 E SQLiteDatabase: Error inserting title_key=QKM)A9CEK parent=71 is_music=false title=UrsaMinor _size=185005 duration=12800 bucket_id=293500348 is_alarm=false album_artist=null media_type=2 storage_id=0 is_notification=false track=0 bucket_display_name=ringtones _data=/system/media/audio/ringtones/UrsaMinor.ogg is_drm=false _display_name=UrsaMinor.ogg composer=null format=47362 is_ringtone=true artist_id=1 is_podcast=false date_added=1518117860 date_modified=1510953133 mime_type=application/ogg album_id=4
02-08 11:24:20.367  2394  3304 E SQLiteDatabase: android.database.sqlite.SQLiteConstraintException: UNIQUE constraint failed: files._data (code 2067)
02-08 11:24:20.367  2394  3304 E SQLiteDatabase: 	at android.database.sqlite.SQLiteConnection.nativeExecuteForLastInsertedRowId(Native Method)
02-08 11:24:20.367  2394  3304 E SQLiteDatabase: 	at android.database.sqlite.SQLiteConnection.executeForLastInsertedRowId(SQLiteConnection.java:783)
02-08 11:24:20.367  2394  3304 E SQLiteDatabase: 	at android.database.sqlite.SQLiteSession.executeForLastInsertedRowId(SQLiteSession.java:788)
02-08 11:24:20.367  2394  3304 E SQLiteDatabase: 	at android.database.sqlite.SQLiteStatement.executeInsert(SQLiteStatement.java:86)
02-08 11:24:20.367  2394  3304 E SQLiteDatabase: 	at android.database.sqlite.SQLiteDatabase.insertWithOnConflict(SQLiteDatabase.java:1548)
02-08 11:24:20.367  2394  3304 E SQLiteDatabase: 	at android.database.sqlite.SQLiteDatabase.insert(SQLiteDatabase.java:1417)
02-08 11:24:20.367  2394  3304 E SQLiteDatabase: 	at com.android.providers.media.MediaProvider.insertFile(MediaProvider.java:2264)
02-08 11:24:20.367  2394  3304 E SQLiteDatabase: 	at com.android.providers.media.MediaProvider.insertInternal(MediaProvider.java:2497)
02-08 11:24:20.367  2394  3304 E SQLiteDatabase: 	at com.android.providers.media.MediaProvider.bulkInsert(MediaProvider.java:1870)
02-08 11:24:20.367  2394  3304 E SQLiteDatabase: 	at android.content.ContentProvider$Transport.bulkInsert(ContentProvider.java:280)
02-08 11:24:20.367  2394  3304 E SQLiteDatabase: 	at android.content.ContentProviderClient.bulkInsert(ContentProviderClient.java:290)
02-08 11:24:20.367  2394  3304 E SQLiteDatabase: 	at android.media.MediaInserter.flush(MediaInserter.java:91)
02-08 11:24:20.367  2394  3304 E SQLiteDatabase: 	at android.media.MediaInserter.flushAll(MediaInserter.java:74)
02-08 11:24:20.367  2394  3304 E SQLiteDatabase: 	at android.media.MediaScanner.scanDirectories(MediaScanner.java:1408)
02-08 11:24:20.367  2394  3304 E SQLiteDatabase: 	at com.android.providers.media.MediaScannerService.scan(MediaScannerService.java:82)
02-08 11:24:20.367  2394  3304 E SQLiteDatabase: 	at com.android.providers.media.MediaScannerService.-wrap1(Unknown Source:0)
02-08 11:24:20.367  2394  3304 E SQLiteDatabase: 	at com.android.providers.media.MediaScannerService$ServiceHandler.handleMessage(MediaScannerService.java:252)
02-08 11:24:20.367  2394  3304 E SQLiteDatabase: 	at android.os.Handler.dispatchMessage(Handler.java:106)
02-08 11:24:20.367  2394  3304 E SQLiteDatabase: 	at android.os.Looper.loop(Looper.java:164)
02-08 11:24:20.367  2394  3304 E SQLiteDatabase: 	at com.android.providers.media.MediaScannerService.run(MediaScannerService.java:161)
02-08 11:24:20.367  2394  3304 E SQLiteDatabase: 	at java.lang.Thread.run(Thread.java:764)
02-08 11:24:20.371  2394  3304 W MediaProvider: Missing volume for /system/media/audio/ringtones/VeryAlarmed.ogg; assuming invalid
02-08 11:24:20.382  2394  3304 W MediaProvider: Missing volume for /system/media/audio/ringtones/Vespa.ogg; assuming invalid
02-08 11:24:20.389  2394  3304 W MediaProvider: Missing volume for /system/media/audio/ringtones/World.ogg; assuming invalid
02-08 11:24:20.398  2394  3304 W MediaProvider: Missing volume for /system/media/audio/ringtones/Zeta.ogg; assuming invalid
02-08 11:24:20.404  2394  3304 W MediaProvider: Missing volume for /system/media/audio/ringtones/hydra.ogg; assuming invalid
02-08 11:24:20.404  2394  3304 E SQLiteDatabase: Error inserting title_key=7Y/K) parent=71 is_music=false title=Hydra _size=22962 duration=5000 bucket_id=293500348 is_alarm=false album_artist=null media_type=2 storage_id=0 is_notification=false track=2 bucket_display_name=ringtones _data=/system/media/audio/ringtones/hydra.ogg is_drm=false _display_name=hydra.ogg composer=null format=47362 is_ringtone=true artist_id=2 is_podcast=false date_added=1518117860 date_modified=1510953133 mime_type=application/ogg album_id=4
02-08 11:24:20.404  2394  3304 E SQLiteDatabase: android.database.sqlite.SQLiteConstraintException: UNIQUE constraint failed: files._data (code 2067)
02-08 11:24:20.404  2394  3304 E SQLiteDatabase: 	at android.database.sqlite.SQLiteConnection.nativeExecuteForLastInsertedRowId(Native Method)
02-08 11:24:20.404  2394  3304 E SQLiteDatabase: 	at android.database.sqlite.SQLiteConnection.executeForLastInsertedRowId(SQLiteConnection.java:783)
02-08 11:24:20.404  2394  3304 E SQLiteDatabase: 	at android.database.sqlite.SQLiteSession.executeForLastInsertedRowId(SQLiteSession.java:788)
02-08 11:24:20.404  2394  3304 E SQLiteDatabase: 	at android.database.sqlite.SQLiteStatement.executeInsert(SQLiteStatement.java:86)
02-08 11:24:20.404  2394  3304 E SQLiteDatabase: 	at android.database.sqlite.SQLiteDatabase.insertWithOnConflict(SQLiteDatabase.java:1548)
02-08 11:24:20.404  2394  3304 E SQLiteDatabase: 	at android.database.sqlite.SQLiteDatabase.insert(SQLiteDatabase.java:1417)
02-08 11:24:20.404  2394  3304 E SQLiteDatabase: 	at com.android.providers.media.MediaProvider.insertFile(MediaProvider.java:2264)
02-08 11:24:20.404  2394  3304 E SQLiteDatabase: 	at com.android.providers.media.MediaProvider.insertInternal(MediaProvider.java:2497)
02-08 11:24:20.404  2394  3304 E SQLiteDatabase: 	at com.android.providers.media.MediaProvider.bulkInsert(MediaProvider.java:1870)
02-08 11:24:20.404  2394  3304 E SQLiteDatabase: 	at android.content.ContentProvider$Transport.bulkInsert(ContentProvider.java:280)
02-08 11:24:20.404  2394  3304 E SQLiteDatabase: 	at android.content.ContentProviderClient.bulkInsert(ContentProviderClient.java:290)
02-08 11:24:20.404  2394  3304 E SQLiteDatabase: 	at android.media.MediaInserter.flush(MediaInserter.java:91)
02-08 11:24:20.404  2394  3304 E SQLiteDatabase: 	at android.media.MediaInserter.flushAll(MediaInserter.java:74)
02-08 11:24:20.404  2394  3304 E SQLiteDatabase: 	at android.media.MediaScanner.scanDirectories(MediaScanner.java:1408)
02-08 11:24:20.404  2394  3304 E SQLiteDatabase: 	at com.android.providers.media.MediaScannerService.scan(MediaScannerService.java:82)
02-08 11:24:20.404  2394  3304 E SQLiteDatabase: 	at com.android.providers.media.MediaScannerService.-wrap1(Unknown Source:0)
02-08 11:24:20.404  2394  3304 E SQLiteDatabase: 	at com.android.providers.media.MediaScannerService$ServiceHandler.handleMessage(MediaScannerService.java:252)
02-08 11:24:20.404  2394  3304 E SQLiteDatabase: 	at android.os.Handler.dispatchMessage(Handler.java:106)
02-08 11:24:20.404  2394  3304 E SQLiteDatabase: 	at android.os.Looper.loop(Looper.java:164)
02-08 11:24:20.404  2394  3304 E SQLiteDatabase: 	at com.android.providers.media.MediaScannerService.run(MediaScannerService.java:161)
02-08 11:24:20.404  2394  3304 E SQLiteDatabase: 	at java.lang.Thread.run(Thread.java:764)
02-08 11:24:20.409  1596  1952 E MetadataRetrieverClient: failed to extract an album art
02-08 11:24:20.412  2394  3304 W MediaProvider: Missing volume for /system/media/audio/ui/Dock.ogg; assuming invalid
02-08 11:24:20.413  2394  3304 W MediaProvider: Missing volume for /system/media/audio/ui/Effect_Tick.ogg; assuming invalid
02-08 11:24:20.419  2394  3304 W MediaProvider: Missing volume for /system/media/audio/ui/KeypressDelete.ogg; assuming invalid
02-08 11:24:20.425  2394  3304 W MediaProvider: Missing volume for /system/media/audio/ui/KeypressInvalid.ogg; assuming invalid
02-08 11:24:20.426  2394  3304 W MediaProvider: Missing volume for /system/media/audio/ui/KeypressReturn.ogg; assuming invalid
02-08 11:24:20.429  2394  3304 W MediaProvider: Missing volume for /system/media/audio/ui/KeypressSpacebar.ogg; assuming invalid
02-08 11:24:20.433  2394  3304 W MediaProvider: Missing volume for /system/media/audio/ui/KeypressStandard.ogg; assuming invalid
02-08 11:24:20.435  2394  3304 W MediaProvider: Missing volume for /system/media/audio/ui/Lock.ogg; assuming invalid
02-08 11:24:20.436  2394  3304 W MediaProvider: Missing volume for /system/media/audio/ui/LowBattery.ogg; assuming invalid
02-08 11:24:20.440  2394  3304 W MediaProvider: Missing volume for /system/media/audio/ui/Trusted.ogg; assuming invalid
02-08 11:24:20.445  2394  3304 W MediaProvider: Missing volume for /system/media/audio/ui/Undock.ogg; assuming invalid
02-08 11:24:20.447  2394  3304 W MediaProvider: Missing volume for /system/media/audio/ui/Unlock.ogg; assuming invalid
02-08 11:24:20.452  2394  3304 W MediaProvider: Missing volume for /system/media/audio/ui/VideoRecord.ogg; assuming invalid
02-08 11:24:20.455  2394  3304 W MediaProvider: Missing volume for /system/media/audio/ui/VideoStop.ogg; assuming invalid
02-08 11:24:20.466  2394  3304 W MediaProvider: Missing volume for /system/media/audio/ui/WirelessChargingStarted.ogg; assuming invalid
02-08 11:24:20.470  2394  3304 W MediaProvider: Missing volume for /system/media/audio/ui/camera_click.ogg; assuming invalid
02-08 11:24:20.474  2394  3304 W MediaProvider: Missing volume for /system/media/audio/ui/camera_focus.ogg; assuming invalid
02-08 11:24:20.477  4239  4239 W zygote  : Unexpected CPU variant for X86 using defaults: x86
02-08 11:24:20.483  1683  1862 I ActivityManager: Start proc 4239:com.google.android.youtube/u0a78 for service com.google.android.youtube/com.google.android.apps.youtube.app.common.ads.AdIdListenerService
02-08 11:24:20.491  4239  4246 E zygote  : Failed sending reply to debugger: Broken pipe
02-08 11:24:20.491  4239  4246 I zygote  : Debugger is no longer active
02-08 11:24:20.493  4239  4239 I zygote  : The ClassLoaderContext is a special shared library.
02-08 11:24:20.502  1593  1611 I DrmHal  : makeDrmFactories: factory instance default is Remote
02-08 11:24:20.502  1593  1611 I DrmHal  : makeDrmFactories: factory instance widevine is Remote
02-08 11:24:20.503  1430  1430 D WVCdm   : Instantiating CDM.
02-08 11:24:20.505  1430  1430 I WVCdm   : CdmEngine::QueryStatus
02-08 11:24:20.505  1430  4257 I WVCdm   : Level3 Library 4464 May 19 2017 16:59:48
02-08 11:24:20.507  1430  1430 I WVCdm   : L3 Initialized. Trying L1.
02-08 11:24:20.507  1430  1430 W WVCdm   : Could not load liboemcrypto.so. Falling back to L3.  dlopen failed: library "liboemcrypto.so" not found
02-08 11:24:20.507  1430  1430 I WVCdm   : CdmEngine::OpenSession
02-08 11:24:20.508  1430  4258 I WVCdm   : Level3 Library 4464 May 19 2017 16:59:48
02-08 11:24:20.510  1430  1430 I WVCdm   : L3 Initialized. Trying L1.
02-08 11:24:20.510  1430  1430 W WVCdm   : Could not load liboemcrypto.so. Falling back to L3.  dlopen failed: library "liboemcrypto.so" not found
02-08 11:24:20.510  1430  1430 D WVCdm   : CryptoSession::Open: Lock: requested_security_level: Default
02-08 11:24:20.513  1430  1430 I WVCdm   : CdmEngine::QueryOemCryptoSessionId
02-08 11:24:20.514  1430  1430 I WVCdm   : CdmEngine::GenerateKeyRequest
02-08 11:24:20.514  1430  1430 D WVCdm   : PrepareKeyRequest: nonce=1987938558
02-08 11:24:20.545  2628  4259 I chatty  : uid=10013(com.google.android.gms) expire 2 lines
02-08 11:24:20.607  4239  4270 W YouTube : Fetching the Gservices key 'failsafe_maxnumbercrash_12_15' before the end of the bulk initialization
02-08 11:24:20.613  4239  4266 I zygote  : The ClassLoaderContext is a special shared library.
02-08 11:24:20.615  4239  4265 W YouTube : Fetching the Gservices key 'disable_binder_callback_flush' before the end of the bulk initialization
02-08 11:24:20.616  4239  4266 I zygote  : The ClassLoaderContext is a special shared library.
02-08 11:24:20.618  4239  4266 I zygote  : The ClassLoaderContext is a special shared library.
02-08 11:24:20.634  4239  4266 V NativeCrypto: Registering com/google/android/gms/org/conscrypt/NativeCrypto's 259 native methods...
02-08 11:24:20.644  4239  4266 D NetworkSecurityConfig: No Network Security Config specified, using platform default
02-08 11:24:20.658  4239  4266 I ProviderInstaller: Installed default security provider GmsCore_OpenSSL
02-08 11:24:20.688  4239  4269 W zygote  : Unsupported class loader
02-08 11:24:20.688  4239  4269 W zygote  : Skipping duplicate class check due to unsupported classloader
02-08 11:24:20.697  4239  4269 D DynamitePackage: Instantiated singleton DynamitePackage.
02-08 11:24:20.697  4239  4269 D DynamitePackage: Instantiating com.google.android.gms.ads.adshield.ChimeraAdShieldCreatorImpl
02-08 11:24:20.701  4239  4239 V MediaRouter: Adding route: RouteInfo{ name=Phone, description=null, status=null, category=RouteCategory{ name=System types=ROUTE_TYPE_LIVE_AUDIO ROUTE_TYPE_LIVE_VIDEO  groupable=false }, supportedTypes=ROUTE_TYPE_LIVE_AUDIO ROUTE_TYPE_LIVE_VIDEO , presentationDisplay=null }
02-08 11:24:20.703  4239  4239 V MediaRouter: Selecting route: RouteInfo{ name=Phone, description=null, status=null, category=RouteCategory{ name=System types=ROUTE_TYPE_LIVE_AUDIO ROUTE_TYPE_LIVE_VIDEO  groupable=false }, supportedTypes=ROUTE_TYPE_LIVE_AUDIO ROUTE_TYPE_LIVE_VIDEO , presentationDisplay=null }
02-08 11:24:20.732  1683  3697 D PackageManager: Ephemeral installer not found with new action; try old one
02-08 11:24:20.732  1683  3697 D PackageManager: Clear ephemeral installer activity
02-08 11:24:20.736  1426  1628 V EmulatedCamera_Camera: getCameraInfo
02-08 11:24:20.736  1426  1628 V EmulatedCamera_BaseCamera: getCameraInfo
02-08 11:24:20.736  1426  1628 V EmulatedCamera_Camera: getCameraInfo
02-08 11:24:20.736  1426  1628 V EmulatedCamera_BaseCamera: getCameraInfo
02-08 11:24:20.745  4305  4305 W dex2oat : Unexpected CPU variant for X86 using defaults: x86
02-08 11:24:20.745  4305  4305 I dex2oat : The ClassLoaderContext is a special shared library.
02-08 11:24:20.745  4305  4305 W dex2oat : Mismatch between dex2oat instruction set features (ISA: X86 Feature string: -ssse3,-sse4.1,-sse4.2,-avx,-avx2,-popcnt) and those of dex2oat executable (ISA: X86 Feature string: ssse3,-sse4.1,-sse4.2,-avx,-avx2,-popcnt) for the command line:
02-08 11:24:20.745  4305  4305 W dex2oat : /system/bin/dex2oat --instruction-set=x86 --instruction-set-features=ssse3,-sse4.1,-sse4.2,-avx,-avx2,-popcnt --runtime-arg -Xrelocate --boot-image=/system/framework/boot.art --runtime-arg -Xms64m --runtime-arg -Xmx512m --instruction-set-variant=x86 --instruction-set-features=default --dex-file=/data/data/com.google.android.youtube/cache/1496809943795.jar --output-vdex-fd=44 --oat-fd=45 --oat-location=/data/data/com.google.android.youtube/cache/oat/x86/1496809943795.odex --compiler-filter=quicken --class-loader-context=&
02-08 11:24:20.748  4305  4305 I dex2oat : /system/bin/dex2oat --dex-file=/data/data/com.google.android.youtube/cache/1496809943795.jar --output-vdex-fd=44 --oat-fd=45 --oat-location=/data/data/com.google.android.youtube/cache/oat/x86/1496809943795.odex --compiler-filter=quicken --class-loader-context=&
02-08 11:24:20.751  4305  4305 W dex2oat : Could not reserve sentinel fault page
02-08 11:24:20.770  1683  2470 D VoldConnector: SND -> {46 volume mkdirs /storage/emulated/0/Android/data/com.google.android.youtube/files/}
02-08 11:24:20.771  1683  1799 D VoldConnector: RCV <- {200 46 Command succeeded}
02-08 11:24:20.772  1683  2470 D VoldConnector: SND -> {47 volume mkdirs /storage/1EFB-0916/Android/data/com.google.android.youtube/files/}
02-08 11:24:20.773  1683  1799 D VoldConnector: RCV <- {200 47 Command succeeded}
02-08 11:24:20.786  4239  4303 W YouTube : ECatcher disabled: level: WARNING, category: initialization, message: Initialization Exception
02-08 11:24:20.786  4239  4303 W YouTube : java.lang.IllegalArgumentException
02-08 11:24:20.786  4239  4303 W YouTube : 	at adac.a(SourceFile:2)
02-08 11:24:20.786  4239  4303 W YouTube : 	at poo.a(SourceFile:4)
02-08 11:24:20.786  4239  4303 W YouTube : 	at poa.a(SourceFile:1)
02-08 11:24:20.786  4239  4303 W YouTube : 	at vlj.g(SourceFile:107)
02-08 11:24:20.786  4239  4303 W YouTube : 	at vlj.c(SourceFile:90)
02-08 11:24:20.786  4239  4303 W YouTube : 	at vfr.c(SourceFile:53)
02-08 11:24:20.786  4239  4303 W YouTube : 	at eiy.a(SourceFile:10)
02-08 11:24:20.786  4239  4303 W YouTube : 	at cfw.run(SourceFile:4)
02-08 11:24:20.786  4239  4303 W YouTube : 	at java.util.concurrent.Executors$RunnableAdapter.call(Executors.java:457)
02-08 11:24:20.786  4239  4303 W YouTube : 	at java.util.concurrent.FutureTask.run(FutureTask.java:266)
02-08 11:24:20.786  4239  4303 W YouTube : 	at java.util.concurrent.ScheduledThreadPoolExecutor$ScheduledFutureTask.run(ScheduledThreadPoolExecutor.java:301)
02-08 11:24:20.786  4239  4303 W YouTube : 	at java.util.concurrent.ThreadPoolExecutor.runWorker(ThreadPoolExecutor.java:1162)
02-08 11:24:20.786  4239  4303 W YouTube : 	at java.util.concurrent.ThreadPoolExecutor$Worker.run(ThreadPoolExecutor.java:636)
02-08 11:24:20.786  4239  4303 W YouTube : 	at poc.run(SourceFile:24)
02-08 11:24:20.786  4239  4303 W YouTube : 	at java.lang.Thread.run(Thread.java:764)
02-08 11:24:20.831  4239  4239 V MediaRouter: Selecting route: RouteInfo{ name=Phone, description=null, status=null, category=RouteCategory{ name=System types=ROUTE_TYPE_LIVE_AUDIO ROUTE_TYPE_LIVE_VIDEO  groupable=false }, supportedTypes=ROUTE_TYPE_LIVE_AUDIO ROUTE_TYPE_LIVE_VIDEO , presentationDisplay=null }
02-08 11:24:20.836  1683  2470 W ActivityManager: Permission Denial: Accessing service ComponentInfo{com.google.android.music/com.google.android.music.dial.DialMediaRouteProviderService} from pid=4239, uid=10078 that is not exported from uid 10066
02-08 11:24:20.839  4305  4305 I dex2oat : dex2oat took 93.388ms (32.834ms cpu) (threads: 4) arena alloc=6KB (6744B) java alloc=32KB (32784B) native alloc=987KB (1011064B) free=1572KB (1610376B)
02-08 11:24:20.872  4239  4269 I zygote  : The ClassLoaderContext is a special shared library.
02-08 11:24:20.872  4239  4269 W zygote  : Failed to find OatDexFile for DexFile /data/user/0/com.google.android.youtube/cache/1496809943795.jar (canonical path /data/user/0/com.google.android.youtube/cache/1496809943795.jar) in OatFile /data/data/com.google.android.youtube/cache/oat/x86/1496809943795.odex
02-08 11:24:20.872  4239  4269 W zygote  : Unable to open '/data/user/0/com.google.android.youtube/cache/1496809943795.jar' : No such file or directory
02-08 11:24:20.883  4239  4269 E DexLoadReporter: Failed to get the real path of secondary dex /data/user/0/com.google.android.youtube/cache/1496809943795.jar:realpath failed: ENOENT (No such file or directory)
02-08 11:24:20.929  1683  2012 I chatty  : uid=1000(system) Binder:1683_7 expire 23 lines
02-08 11:24:21.287  1593  1611 I DrmHal  : makeDrmFactories: factory instance default is Remote
02-08 11:24:21.287  1593  1611 I DrmHal  : makeDrmFactories: factory instance widevine is Remote
02-08 11:24:21.288  1430  4193 I WVCdm   : CdmEngine::QueryStatus
02-08 11:24:21.288  1430  4357 I WVCdm   : Level3 Library 4464 May 19 2017 16:59:48
02-08 11:24:21.290  1430  4193 I WVCdm   : L3 Initialized. Trying L1.
02-08 11:24:21.290  1430  4193 W WVCdm   : Could not load liboemcrypto.so. Falling back to L3.  dlopen failed: library "liboemcrypto.so" not found
02-08 11:24:21.290  1430  4193 I WVCdm   : CdmEngine::OpenSession
02-08 11:24:21.290  1430  4358 I WVCdm   : Level3 Library 4464 May 19 2017 16:59:48
02-08 11:24:21.292  1430  4193 I WVCdm   : L3 Initialized. Trying L1.
02-08 11:24:21.292  1430  4193 W WVCdm   : Could not load liboemcrypto.so. Falling back to L3.  dlopen failed: library "liboemcrypto.so" not found
02-08 11:24:21.292  1430  4193 D WVCdm   : CryptoSession::Open: Lock: requested_security_level: Default
02-08 11:24:21.294  1430  4193 I WVCdm   : CdmEngine::QueryOemCryptoSessionId
02-08 11:24:21.294  1430  4193 I WVCdm   : CdmEngine::GenerateKeyRequest
02-08 11:24:21.295  1430  4193 D WVCdm   : PrepareKeyRequest: nonce=1987938558
02-08 11:24:21.371  4239  4310 I qtaguid : Untagging socket -1 failed errno=-9
02-08 11:24:21.371  4239  4310 W NetworkManagementSocketTagger: untagSocket(-1) failed with errno -9
02-08 11:24:21.488  4239  4312 W zygote  : Long monitor contention with owner init4-1 (4302) at java.net.InetAddress[] libcore.io.Linux.android_getaddrinfo(java.lang.String, android.system.StructAddrinfo, int)(Linux.java:-2) waiters=0 in unv unr.c() for 574ms
02-08 11:24:21.940  4239  4312 I qtaguid : Untagging socket -1 failed errno=-9
02-08 11:24:21.940  4239  4312 W NetworkManagementSocketTagger: untagSocket(-1) failed with errno -9
02-08 11:24:22.181  1854  2106 D EGL_emulation: eglMakeCurrent: 0x8b074800: ver 3 1 (tinfo 0x8bb18880)
02-08 11:24:22.849  3664  3669 I chatty  : uid=10079(com.android.volvocars.sensortestview) expire 6 lines
02-08 11:24:24.241  2493  2600 E QsbUiManager: Unable to register for configuration changes, UI changes will be reset
02-08 11:24:24.243  2493  2600 E ActivityThread: Failed to find provider info for com.google.android.googlequicksearchbox.GsaPublicContentProvider
02-08 11:24:24.243  2493  2600 D QsbUiManager: Unable to get content provider client, skipping
02-08 11:24:24.243  1683  2468 W ActivityManager: Permission Denial: Accessing service ComponentInfo{com.google.android.music/com.google.android.music.dial.DialMediaRouteProviderService} from pid=4239, uid=10078 that is not exported from uid 10066
02-08 11:24:24.255  1683  2467 I PackageManager: Replacing preferred activity com.google.android.apps.messaging/.ui.conversation.LaunchConversationActivity for user 0:
02-08 11:24:24.256  1683  4146 I PackageManager: Replacing preferred activity com.google.android.apps.messaging/.ui.conversation.LaunchConversationActivity for user 0:
02-08 11:24:24.256  1683  4146 I chatty  : uid=1000(system) Binder:1683_14 expire 20 lines
02-08 11:24:24.258  1683  2425 W ActivityManager: Permission Denial: Accessing service ComponentInfo{com.google.android.music/com.google.android.music.dial.DialMediaRouteProviderService} from pid=4239, uid=10078 that is not exported from uid 10066
02-08 11:24:24.258  1683  4146 I PackageManager: Replacing preferred activity com.google.android.apps.messaging/.ui.conversation.LaunchConversationActivity for user 0:
02-08 11:24:24.260  1683  2466 W ActivityManager: Permission Denial: Accessing service ComponentInfo{com.google.android.music/com.google.android.music.dial.DialMediaRouteProviderService} from pid=4239, uid=10078 that is not exported from uid 10066
02-08 11:24:24.260  1683  2467 I PackageManager: Replacing preferred activity com.google.android.apps.messaging/.ui.conversation.LaunchConversationActivity for user 0:
02-08 11:24:24.266  1683  2466 W ActivityManager: Permission Denial: Accessing service ComponentInfo{com.google.android.music/com.google.android.music.dial.DialMediaRouteProviderService} from pid=4239, uid=10078 that is not exported from uid 10066
02-08 11:24:24.271  1683  1683 I Telecom : DefaultDialerCache: Refreshing default dialer for user 0: now com.google.android.dialer: DDC.oR@AGg
02-08 11:24:24.273  1683  4146 W ActivityManager: Permission Denial: Accessing service ComponentInfo{com.google.android.music/com.google.android.music.dial.DialMediaRouteProviderService} from pid=4239, uid=10078 that is not exported from uid 10066
02-08 11:24:24.274  1683  2466 W ActivityManager: Permission Denial: Accessing service ComponentInfo{com.google.android.music/com.google.android.music.dial.DialMediaRouteProviderService} from pid=4239, uid=10078 that is not exported from uid 10066
02-08 11:24:24.275  1683  2467 W ActivityManager: Permission Denial: Accessing service ComponentInfo{com.google.android.music/com.google.android.music.dial.DialMediaRouteProviderService} from pid=4239, uid=10078 that is not exported from uid 10066
02-08 11:24:24.276  1683  2466 W ActivityManager: Permission Denial: Accessing service ComponentInfo{com.google.android.music/com.google.android.music.dial.DialMediaRouteProviderService} from pid=4239, uid=10078 that is not exported from uid 10066
02-08 11:24:24.279  1975  1975 D ImsResolver: maybeAddedImsService, packageName: com.google.android.youtube
02-08 11:24:24.281  1975  1975 D CarrierSvcBindHelper: No carrier app for: 0
02-08 11:24:24.285  1683  1683 I Telecom : DefaultDialerCache: Refreshing default dialer for user 0: now com.google.android.dialer: DDC.oR@AGk
02-08 11:24:24.305  1683  1683 I Telecom : DefaultDialerCache: Refreshing default dialer for user 0: now com.google.android.dialer: DDC.oR@AGo
02-08 11:24:24.311  1683  1683 I Telecom : DefaultDialerCache: Refreshing default dialer for user 0: now com.google.android.dialer: DDC.oR@AGs
02-08 11:24:24.317  1683  1683 I Telecom : DefaultDialerCache: Refreshing default dialer for user 0: now com.google.android.dialer: DDC.oR@AGw
02-08 11:24:24.322  1683  1683 I Telecom : DefaultDialerCache: Refreshing default dialer for user 0: now com.google.android.dialer: DDC.oR@AG0
02-08 11:24:24.312  1975  1975 I chatty  : uid=1001(radio) com.android.phone identical 2 lines
02-08 11:24:24.319  1975  1975 D CarrierSvcBindHelper: No carrier app for: 0
02-08 11:24:24.328  1683  1683 I Telecom : DefaultDialerCache: Refreshing default dialer for user 0: now com.google.android.dialer: DDC.oR@AG4
02-08 11:24:24.328  1975  1975 D CarrierSvcBindHelper: No carrier app for: 0
02-08 11:24:24.333  1683  1683 I Telecom : DefaultDialerCache: Refreshing default dialer for user 0: now com.google.android.dialer: DDC.oR@AG8
02-08 11:24:24.341  1975  1975 D CarrierSvcBindHelper: No carrier app for: 0
02-08 11:24:24.349  2351  2351 I chatty  : uid=10013 com.google.android.gms.persistent expire 39 lines
02-08 11:24:24.358  1975  1975 D CarrierSvcBindHelper: No carrier app for: 0
02-08 11:24:24.377  1975  1975 D CarrierSvcBindHelper: No carrier app for: 0
02-08 11:24:24.377  1975  1975 D ImsResolver: maybeAddedImsService, packageName: com.google.android.googlequicksearchbox
02-08 11:24:24.378  1975  1975 D ImsResolver: maybeAddedImsService, packageName: com.google.android.gm
02-08 11:24:24.378  1975  1975 D ImsResolver: maybeAddedImsService, packageName: com.google.android.setupwizard
02-08 11:24:24.378  1975  1975 D ImsResolver: maybeAddedImsService, packageName: com.google.android.gms
02-08 11:24:24.378  1975  1975 D ImsResolver: maybeAddedImsService, packageName: com.google.android.gsf
02-08 11:24:24.379  1975  1975 D ImsResolver: maybeAddedImsService, packageName: com.google.android.videos
02-08 11:24:24.379  1975  1975 D ImsResolver: maybeAddedImsService, packageName: com.google.android.talk
02-08 11:24:24.485  1683  2012 W ActivityManager: Unable to start service Intent { act=com.google.android.gms.analytics.service.START cmp=com.google.android.gms/.analytics.service.AnalyticsService (has extras) } U=0: not found
02-08 11:24:24.485  3729  4195 W GAV2    : Thread[Service Reconnect,5,main]: Service unavailable (code=1), using local store.
02-08 11:24:24.869  1683  2468 I ActivityManager: Killing 2602:com.android.managedprovisioning/u0a21 (adj 906): empty #17
02-08 11:24:24.874  1683  1702 I chatty  : uid=1000(system) ActivityManager expire 34 lines
02-08 11:24:24.944  1683  2468 I chatty  : uid=1000(system) Binder:1683_D expire 12 lines
02-08 11:24:25.250  2561  2561 W SearchService: Abort, client detached.
02-08 11:24:27.777  1683  2425 I ActivityManager: Killing 3372:com.google.android.gms.ui/u0a13 (adj 906): empty #17
02-08 11:24:29.141  2561  2710 W NamedFutures: Timeout future task has been cancelled: 10000 milliseconds
02-08 11:24:29.143  2561  2561 E SearchServiceStarter: Task 174 failed or timed out. Client 11264915232782962 disconnecting from SearchService!
02-08 11:24:29.143  2561  2561 E SearchServiceStarter: java.util.concurrent.CancellationException: Task was cancelled.
02-08 11:24:29.143  2561  2561 E SearchServiceStarter: 	at com.google.common.util.concurrent.d.da(SourceFile:80)
02-08 11:24:29.143  2561  2561 E SearchServiceStarter: 	at com.google.common.util.concurrent.d.get(SourceFile:62)
02-08 11:24:29.143  2561  2561 E SearchServiceStarter: 	at com.google.common.util.concurrent.cf.o(SourceFile:2)
02-08 11:24:29.143  2561  2561 E SearchServiceStarter: 	at com.google.common.util.concurrent.ax.m(SourceFile:50)
02-08 11:24:29.143  2561  2561 E SearchServiceStarter: 	at com.google.common.util.concurrent.az.run(SourceFile:5)
02-08 11:24:29.143  2561  2561 E SearchServiceStarter: 	at com.google.android.apps.gsa.shared.util.concurrent.a.bf.run(SourceFile:2)
02-08 11:24:29.143  2561  2561 E SearchServiceStarter: 	at android.os.Handler.handleCallback(Handler.java:790)
02-08 11:24:29.143  2561  2561 E SearchServiceStarter: 	at android.os.Handler.dispatchMessage(Handler.java:99)
02-08 11:24:29.143  2561  2561 E SearchServiceStarter: 	at android.os.Looper.loop(Looper.java:164)
02-08 11:24:29.143  2561  2561 E SearchServiceStarter: 	at android.app.ActivityThread.main(ActivityThread.java:6494)
02-08 11:24:29.143  2561  2561 E SearchServiceStarter: 	at java.lang.reflect.Method.invoke(Native Method)
02-08 11:24:29.143  2561  2561 E SearchServiceStarter: 	at com.android.internal.os.RuntimeInit$MethodAndArgsCaller.run(RuntimeInit.java:438)
02-08 11:24:29.143  2561  2561 E SearchServiceStarter: 	at com.android.internal.os.ZygoteInit.main(ZygoteInit.java:807)
02-08 11:24:29.176  1683  2468 D PackageManager: Ephemeral installer not found with new action; try old one
02-08 11:24:29.176  1683  2468 D PackageManager: Clear ephemeral installer activity
02-08 11:24:29.199  4465  4465 I chatty  : uid=10013 com.google.android.gms.ui expire 8 lines
02-08 11:24:29.201  1683  2425 I ActivityManager: Start proc 4465:com.google.android.gms.ui/u0a13 for service com.google.android.gms/.chimera.UiIntentOperationService
02-08 11:24:29.216  1683  2465 I chatty  : uid=1000(system) Binder:1683_A expire 5 lines
02-08 11:24:29.244  2394  2394 D MediaScannerReceiver: action: android.intent.action.MEDIA_SCANNER_SCAN_FILE path: /storage/emulated/0/Android/media/com.google.android.talk/Notifications/hangouts_message.ogg
02-08 11:24:29.348  2394  2394 D MediaScannerReceiver: action: android.intent.action.MEDIA_SCANNER_SCAN_FILE path: /storage/emulated/0/Android/media/com.google.android.talk/Ringtones/hangouts_incoming_call.ogg
02-08 11:24:29.365  2270  2270 I Dialer  : VvmTaskReceiver - task received
02-08 11:24:29.365  2270  2270 I Dialer  : VvmTaskReceiver - TaskExecutor already running
02-08 11:24:29.366  2270  2270 I Dialer  : Task.createTask - create task:com.android.voicemail.impl.ActivationTask
02-08 11:24:29.366  2270  2270 I Dialer  : TaskQueue.add - duplicated task added
02-08 11:24:29.366  2270  2270 I Dialer  : VvmTaskExecutor - com.android.voicemail.impl.ActivationTask@888fe7d added
02-08 11:24:29.401  2628  2628 I chatty  : uid=10013(com.google.android.gms) expire 9 lines
02-08 11:24:29.404  1596  1956 E MetadataRetrieverClient: failed to extract an album art
02-08 11:24:29.461  1596  1629 E MetadataRetrieverClient: failed to extract an album art
02-08 11:24:29.466  1426  1628 V EmulatedCamera_Camera: getCameraInfo
02-08 11:24:29.466  1426  1628 V EmulatedCamera_BaseCamera: getCameraInfo
02-08 11:24:29.466  2628  4464 I chatty  : uid=10013(com.google.android.gms) expire 3 lines
02-08 11:24:29.466  1683  2464 D PackageManager: Ephemeral installer not found with new action; try old one
02-08 11:24:29.466  1683  2464 D PackageManager: Clear ephemeral installer activity
02-08 11:24:29.467  1683  2464 D PackageManager: Ephemeral installer not found with new action; try old one
02-08 11:24:29.467  1683  2464 D PackageManager: Clear ephemeral installer activity
02-08 11:24:29.517  2394  4505 D DownloadManager: [2] Starting
02-08 11:24:29.525  2394  4505 D NetworkSecurityConfig: No Network Security Config specified, using platform default
02-08 11:24:29.536  2351  4510 I chatty  : uid=10013 com.google.android.gms.persistent expire 2 lines
02-08 11:24:29.546  2351  3897 I chatty  : uid=10013 com.google.android.gms.persistent expire 3 lines
02-08 11:24:29.547  2351  4511 I chatty  : uid=10013 com.google.android.gms.persistent expire 2 lines
02-08 11:24:29.548  2628  4504 I chatty  : uid=10013(com.google.android.gms) expire 1 line
02-08 11:24:29.558  1683  2466 D PackageManager: Ephemeral installer not found with new action; try old one
02-08 11:24:29.558  1683  2466 D PackageManager: Clear ephemeral installer activity
02-08 11:24:29.559  1683  2425 W ActivityManager: Unable to start service Intent { cmp=com.google.android.gms/.analytics.service.RefreshEnabledStateService } U=0: not found
02-08 11:24:29.611  1683  3697 D PackageManager: Ephemeral installer not found with new action; try old one
02-08 11:24:29.611  1683  3697 D PackageManager: Clear ephemeral installer activity
02-08 11:24:29.612  1683  3697 D PackageManager: Ephemeral installer not found with new action; try old one
02-08 11:24:29.612  1683  3697 D PackageManager: Clear ephemeral installer activity
02-08 11:24:29.614  1683  3697 D PackageManager: Ephemeral installer not found with new action; try old one
02-08 11:24:29.614  1683  3697 D PackageManager: Clear ephemeral installer activity
02-08 11:24:29.615  1683  2468 D PackageManager: Ephemeral installer not found with new action; try old one
02-08 11:24:29.615  1683  2468 D PackageManager: Clear ephemeral installer activity
02-08 11:24:29.624  1683  3697 D PackageManager: Ephemeral installer not found with new action; try old one
02-08 11:24:29.624  1683  3697 D PackageManager: Clear ephemeral installer activity
02-08 11:24:29.636  2628  4516 I chatty  : uid=10013(com.google.android.gms) expire 6 lines
02-08 11:24:29.655  2628  4519 I chatty  : uid=10013(com.google.android.gms) expire 3 lines
02-08 11:24:29.717  2628  4529 I chatty  : uid=10013(com.google.android.gms) expire 4 lines
02-08 11:24:29.732  2628  4521 I chatty  : uid=10013(com.google.android.gms) expire 6 lines
02-08 11:24:29.738  2628  4532 I chatty  : uid=10013(com.google.android.gms) expire 4 lines
02-08 11:24:29.775  1683  2470 I ActivityManager: Killing 3618:com.google.android.apps.wallpaper/u0a31 (adj 906): empty #17
02-08 11:24:29.797  2351  4538 I chatty  : uid=10013 com.google.android.gms.persistent expire 1 line
02-08 11:24:29.820  1426  1628 V EmulatedCamera_Camera: getCameraInfo
02-08 11:24:29.820  1426  1628 V EmulatedCamera_BaseCamera: getCameraInfo
02-08 11:24:29.922  1683  3697 W ActivityManager: Unable to start service Intent { cmp=com.google.android.gms/.analytics.service.RefreshEnabledStateService } U=0: not found
02-08 11:24:29.947  2628  4517 I chatty  : uid=10013(com.google.android.gms) expire 3 lines
02-08 11:24:29.977  2628  4550 I chatty  : uid=10013(com.google.android.gms) expire 4 lines
02-08 11:24:29.984  2628  4551 I chatty  : uid=10013(com.google.android.gms) expire 4 lines
02-08 11:24:29.992  3988  4552 I PlayMovies: RefreshLicenseTaskService.onRunTask:96 On run task refresh_license_forced
02-08 11:24:29.992  3988  4552 I PlayMovies: 
02-08 11:24:30.027  2628  4518 I chatty  : uid=10013(com.google.android.gms) expire 2 lines
02-08 11:24:30.057  3988  4556 I PlayMovies: RefreshLicenseTaskService.onRunTask:96 On run task refresh_license
02-08 11:24:30.057  3988  4556 I PlayMovies: 
02-08 11:24:30.063  2351  4554 I chatty  : uid=10013 com.google.android.gms.persistent expire 1 line
02-08 11:24:30.118  3427  3427 I BuglePhenotypeBroadcastReceiver: onReceive
02-08 11:24:30.123  3427  3469 V Bugle   : Committing bugle phenotype.
02-08 11:24:30.178  1683  2008 I chatty  : uid=1000(system) Binder:1683_5 expire 18 lines
02-08 11:24:30.229  2270  2270 I Dialer  : NonUiTaskBuilder.newThread - creating serial thread
02-08 11:24:30.252  2351  4514 I chatty  : uid=10013 com.google.android.gms.persistent expire 2 lines
02-08 11:24:30.269  2394  4505 D DownloadManager: [2] Finished with status SUCCESS
02-08 11:24:30.284  4239  4283 I qtaguid : Tagging socket -1 with tag 0(0) for uid -1 failed errno=-9
02-08 11:24:30.284  4239  4283 I NetworkManagementSocketTagger: tagSocketFd(-1, 0, -1) failed with errno-9
02-08 11:24:30.325  2270  2270 I Dialer  : UpdateBroadcastReceiver.onReceive - commit succeeded: true
02-08 11:24:30.342  2561  2710 W Settings: Setting mobile_data has moved from android.provider.Settings.Secure to android.provider.Settings.Global.
02-08 11:24:30.344  2561  2829 I ModelDownloadController: Handle the downloaded hotword model
02-08 11:24:30.344  2561  2829 I ModelDownloadController: the model is already used
02-08 11:24:30.344  1683  2466 D PackageManager: Ephemeral installer not found with new action; try old one
02-08 11:24:30.344  1683  2466 D PackageManager: Clear ephemeral installer activity
02-08 11:24:30.353  1683  4146 D PackageManager: Ephemeral installer not found with new action; try old one
02-08 11:24:30.353  1683  4146 D PackageManager: Clear ephemeral installer activity
02-08 11:24:30.360  3177  3177 D PhenotypeJobService: Job scheduled successfully
02-08 11:24:30.363  2426  2426 I GsaVoiceInteractionSrv: Not calling getSupportedRecognitionModes. Availability: -2
02-08 11:24:30.365  2426  2426 I HwDetectorWithState: #performNextHotwordAction action: 3
02-08 11:24:30.367  2561  2825 I BlobLobber: Received new velour config
02-08 11:24:30.367  2561  2561 W SearchService: Abort, client detached.
02-08 11:24:30.373  2493  2493 D PhenotypeFlagCommitter: Committed to new configuration from Phenotype
02-08 11:24:30.377  2561  2825 I BlobLobber: Canceling downloads: []
02-08 11:24:30.401  2561  2824 W zygote  : Unsupported class loader
02-08 11:24:30.423  2561  2824 W zygote  : Skipping duplicate class check due to unsupported classloader
02-08 11:24:30.425  3427  3427 V Bugle   : DefaultSmsPackageChangedReceiver.onReceive Intent { act=android.provider.action.DEFAULT_SMS_PACKAGE_CHANGED flg=0x10 cmp=com.google.android.apps.messaging/.shared.receiver.DefaultSmsPackageChangedReceiver (has extras) }
02-08 11:24:30.425  3427  3427 V Bugle   : DefaultSmsPackageChangedReceiver: forceFullSync
02-08 11:24:30.426  2351  4514 W NetRec  : [240] ConfigChangedIntentOperation.onHandleIntent: Device does not support scoring, exiting
02-08 11:24:30.429  3427  3427 I BugleRcs: updating RCS availability
02-08 11:24:30.429  3427  3427 I CarrierServices: [2] a.connect: Binding to local JibeService
02-08 11:24:30.430  3427  3469 I BugleDataModel: SyncMessagesAction: Starting batch for messages from -1 to 1518117865426 (message update limit = 80, message scan limit = 4000)
02-08 11:24:30.437  3427  3427 I CarrierServices: [2] a.connect: Binding to local JibeService
02-08 11:24:30.446  2493  2493 D PhenotypeFlagCommitter: Commit finished, result:true
02-08 11:24:30.452  1683  3697 I chatty  : uid=1000(system) Binder:1683_11 expire 4 lines
02-08 11:24:30.470  1683  2465 D VoldConnector: SND -> {48 volume mkdirs /storage/emulated/0/Android/data/com.google.android.googlequicksearchbox/files/pending_blobs/}
02-08 11:24:30.471  1683  1799 D VoldConnector: RCV <- {200 48 Command succeeded}
02-08 11:24:30.472  3427  3468 I BugleDataModel: SyncMessagesAction: All messages now in sync
02-08 11:24:30.473  3427  3491 I BugleRcs: RcsAvailability updated: RCS is disabled for this carrier by Google
02-08 11:24:30.474  3427  3427 I BugleRcs: Broadcast disable RCS for availability (2)
02-08 11:24:30.476  1683  2465 D VoldConnector: SND -> {49 volume mkdirs /storage/1EFB-0916/Android/data/com.google.android.googlequicksearchbox/files/pending_blobs/}
02-08 11:24:30.480  1683  1799 D VoldConnector: RCV <- {200 49 Command succeeded}
02-08 11:24:30.489  2351  4147 W ConfigurationChimeraProvider: Got null configs for com.google.android.gms.mdm
02-08 11:24:30.490  3177  3229 I PhenotypeFlagCommitter: Experiment Configs successfully retrieved for com.google.android.calendar
