02-08 11:24:16.638  1683  2464 D PackageManager: Clear ephemeral installer activity
02-08 11:24:16.642  3928  3928 D Babel   : Scheduling babel db cleanup after reboot
02-08 11:24:16.645  1683  3875 D CryptdConnector: SND -> {5 cryptfs getpwtype}
02-08 11:24:16.645  1381  1387 D VoldCryptCmdListener: cryptfs getpwtype
02-08 11:24:16.646  1683  1800 D CryptdConnector: RCV <- {213 5 default}
02-08 11:24:16.653  3928  3928 D Babel_SmsDepUtil: imp:-1:3602
02-08 11:24:16.653  3928  3928 D Babel_SmsDep: disabled
02-08 11:24:16.653  3928  3928 D Babel_SmsDepStand: disabled
02-08 11:24:16.656  3928  3928 D Babel_SmsDepUtil: imp:-1:3602
02-08 11:24:16.656  3928  3928 D Babel_SmsDep: disabled
02-08 11:24:16.660  3928  3928 D Babel_SmsDepUtil: imp:-1:3602
02-08 11:24:16.660  3928  3928 D Babel_SmsDep: disabled
02-08 11:24:16.660  3928  3928 W Babel   : On boot, found 0 ready accounts
02-08 11:24:16.671  3988  3988 W zygote  : Unexpected CPU variant for X86 using defaults: x86
02-08 11:24:16.676  1683  3875 I ActivityManager: Start proc 3988:com.google.android.videos/u0a75 for broadcast com.google.android.videos/.service.pinning.TransferService$Receiver
02-08 11:24:16.713  3988  3988 I zygote  : The ClassLoaderContext is a special shared library.
02-08 11:24:16.755  3928  3928 I Babel_ConcService: Binding ConcurrentService
02-08 11:24:16.761  3988  3988 I MultiDex: VM with version 2.1.0 has multidex support
02-08 11:24:16.761  3988  3988 I MultiDex: install
02-08 11:24:16.761  3988  3988 I MultiDex: VM has multidex support, MultiDex support library is disabled.
02-08 11:24:16.776  3928  4008 D Babel_RtcImpressions: Type: 3772
02-08 11:24:16.799  3928  4008 D Babel_SmsDepUtil: imp:-1:3602
02-08 11:24:16.799  3928  4008 D Babel_SmsDep: disabled
02-08 11:24:16.813  3928  4008 D Babel_SmsDepUtil: imp:-1:3602
02-08 11:24:16.814  3928  4008 D Babel_SmsDep: disabled
02-08 11:24:16.824  3928  4006 I Babel_ConcService: Scheduling delay with GcmNetworkManager of 3599 s for task fyfDB_CLEANUP_36540_3 and tag :persisted
02-08 11:24:16.825  3928  4008 D Babel_SmsDepUtil: imp:-1:3602
02-08 11:24:16.825  3928  4008 D Babel_SmsDep: disabled
02-08 11:24:16.825  3928  4008 D Babel_SmsDepStand: disabled
02-08 11:24:16.838  3928  4008 D Babel_SmsDepUtil: imp:-1:3602
02-08 11:24:16.838  3928  4008 D Babel_SmsDep: disabled
02-08 11:24:16.841  3928  4008 D Babel   : checkForValidSignature could not find com.google.android.apps.hangoutsdialer
02-08 11:24:16.843  3928  4013 I Babel_ConcService: Acquired partial wake lock to keep ConcurrentService alive
02-08 11:24:16.851  3928  4019 D Babel_SmsDepNotif: disabled
02-08 11:24:16.851  3928  4019 D Babel_SmsDepUtil: imp:-1:3686
02-08 11:24:16.853  3928  4019 D Babel_RtcImpressions: Type: 3686
02-08 11:24:16.856  3928  4019 D Babel_Notif_Persistent: PersistentMessageNotifier.cancelOngoingNotification
02-08 11:24:16.858  3928  4019 D Babel_Notif_SMS: cancelOngoingNotification
02-08 11:24:16.858  3928  4014 D Babel_SmsDepUtil: imp:-1:3602
02-08 11:24:16.859  3928  4014 D Babel_SmsDep: disabled
02-08 11:24:16.864  3928  4013 D Babel_SmsDepUtil: imp:-1:3602
02-08 11:24:16.864  3928  4013 D Babel_SmsDep: disabled
02-08 11:24:16.884  3928  4014 I Babel_ConcService: Scheduling delay with GcmNetworkManager of 277745 s for task fvmaccount_reg_renewal_36758_6 and tag network_connectivity_wakeup:persisted
02-08 11:24:16.895  3427  3448 I zygote  : Waiting for a blocking GC ProfileSaver
02-08 11:24:16.901  1683  1775 W AppOps  : Finishing op nesting under-run: uid 1000 pkg android code 24 time=0 duration=0 nesting=0
02-08 11:24:16.913  3928  4013 I Babel_ConcService: Released partial wake lock as ConcurrentService became idle
02-08 11:24:16.913  3928  4036 I Babel_ConcService: Acquired partial wake lock to keep ConcurrentService alive
02-08 11:24:16.915  3928  4036 I Babel_ConcService: Released partial wake lock as ConcurrentService became idle
02-08 11:24:16.918  3928  4008 D Babel   : Force warm sync for all signed in accounts after package upgrades
02-08 11:24:16.926  3928  4008 D Babel_SmsDepUtil: imp:-1:3602
02-08 11:24:16.926  3928  4008 D Babel_SmsDep: disabled
02-08 11:24:16.928  3928  4040 I Babel_ConcService: Acquired partial wake lock to keep ConcurrentService alive
02-08 11:24:16.939  3928  4040 I Babel_ConcService: Released partial wake lock as ConcurrentService became idle
02-08 11:24:16.962  3988  3988 E PlayCommon: [2] MetalogHelper.<init>: Failed to restore PlayMetalog
02-08 11:24:16.962  3988  3988 E PlayCommon: [2] MetalogHelper.<init>: Failed to restore LogsUploadAttempt
02-08 11:24:16.973  1683  3875 I chatty  : uid=1000(system) Binder:1683_13 expire 33 lines
02-08 11:24:16.976  3664  4044 I chatty  : uid=10079(com.android.volvocars.sensortestview) expire 111 lines
02-08 11:24:16.992  1443  1787 E SurfaceFlinger: ro.sf.lcd_density must be defined as a build property
02-08 11:24:16.993  3664  4047 I chatty  : uid=10079(com.android.volvocars.sensortestview) expire 16 lines
02-08 11:24:17.003  3988  4043 E SQLiteLog: (1) no such table: video_formats
02-08 11:24:17.011  3988  4048 D NetworkSecurityConfig: No Network Security Config specified, using platform default
02-08 11:24:17.013  2394  2399 I chatty  : uid=10009(com.android.providers.media) Jit thread pool expire 3 lines
02-08 11:24:17.021  1596  2186 E MetadataRetrieverClient: failed to extract an album art
02-08 11:24:17.026  1433  1486 D gralloc_ranchu: gralloc_alloc: Creating ashmem region of size 18436096
02-08 11:24:17.032  1683  3590 W ActivityManager: Unable to start service Intent { act=com.android.vending.contentfilters.IContentFiltersService.BIND pkg=com.android.vending } U=0: not found
02-08 11:24:17.043  1443  1500 D         : HostConnection::get() New Host Connection established 0xab849d00, tid 1500
02-08 11:24:17.044  1433  1486 D gralloc_ranchu: gralloc_alloc: Creating ashmem region of size 18436096
02-08 11:24:17.049  1443  1787 E SurfaceFlinger: ro.sf.lcd_density must be defined as a build property
02-08 11:24:17.051  1683  3875 W ActivityManager: Background start not allowed: service Intent { cmp=com.google.android.videos/.service.pinning.TransferService (has extras) } to com.google.android.videos/.service.pinning.TransferService from pid=3988 uid=10075 pkg=com.google.android.videos
02-08 11:24:17.055  3988  3988 I PlayMovies: RefreshLicenseTaskService.forceLicenseRefreshNow:66 Scheduled task now refresh_license_forced
02-08 11:24:17.055  3988  3988 I PlayMovies: 
02-08 11:24:17.057  1683  3590 W ActivityManager: Background start not allowed: service Intent { cmp=com.google.android.videos/.service.pinning.TransferService (has extras) } to com.google.android.videos/.service.pinning.TransferService from pid=3988 uid=10075 pkg=com.google.android.videos
02-08 11:24:17.059  3988  3988 I PlayMovies: RefreshLicenseTaskService.forceLicenseRefreshNow:66 Scheduled task now refresh_license_forced
02-08 11:24:17.059  3988  3988 I PlayMovies: 
02-08 11:24:17.060  3988  3988 D PlayMovies: VideosGlobals.configureMobileNetworkUsageActivity:909 Enabling network usage management
02-08 11:24:17.060  3988  3988 D PlayMovies: 
02-08 11:24:17.060  1683  1966 D PackageManager: Ephemeral installer not found with new action; try old one
02-08 11:24:17.060  1683  1966 D PackageManager: Clear ephemeral installer activity
02-08 11:24:17.066  3988  4056 D PlayMovies: PersistentCache.cleanup:104 Cache is below limit, no need to shrink: [size=0, limit=5242880]
02-08 11:24:17.066  3988  4056 D PlayMovies: 
02-08 11:24:17.071  1433  1486 D gralloc_ranchu: gralloc_alloc: Creating ashmem region of size 18436096
02-08 11:24:17.074  3988  3988 I PlayMovies: RefreshLicenseTaskService.scheduleLicenseRefreshPeriodicTask:39 Scheduled task refresh_license
02-08 11:24:17.074  3988  3988 I PlayMovies: 
02-08 11:24:17.083  3988  3988 I PlayMovies: FlushLogsTaskService.scheduleFlushLogsPeriodicTask:34 Scheduled task flush_logs
02-08 11:24:17.083  3988  3988 I PlayMovies: 
02-08 11:24:17.085  3928  4010 I zygote  : The ClassLoaderContext is a special shared library.
02-08 11:24:17.089  1683  3875 D PackageManager: Ephemeral installer not found with new action; try old one
02-08 11:24:17.089  1683  3875 D PackageManager: Clear ephemeral installer activity
02-08 11:24:17.089  1683  3875 I ActivityManager: Finished processing BOOT_COMPLETED for u0
02-08 11:24:17.090  1683  3875 I ActivityManager: Killing 2236:com.android.cellbroadcastreceiver/u0a7 (adj 906): empty #17
02-08 11:24:17.086  3928  4010 I chatty  : uid=10058(com.google.android.talk) identical 1 line
02-08 11:24:17.088  3928  4010 I zygote  : The ClassLoaderContext is a special shared library.
02-08 11:24:17.124  3928  4010 V NativeCrypto: Registering com/google/android/gms/org/conscrypt/NativeCrypto's 259 native methods...
02-08 11:24:17.140  3928  4010 D NetworkSecurityConfig: No Network Security Config specified, using platform default
02-08 11:24:17.142  3928  4010 I ProviderInstaller: Installed default security provider GmsCore_OpenSSL
02-08 11:24:17.161  3664  4071 I chatty  : uid=10079(com.android.volvocars.sensortestview) expire 73 lines
02-08 11:24:17.179  2394  3304 I chatty  : uid=10009(com.android.providers.media) android.process.media expire 18 lines
02-08 11:24:17.234  1596  2186 E MetadataRetrieverClient: failed to extract an album art
02-08 11:24:17.312  1683  4080 I CertBlacklister: Certificate blacklist changed, updating...
02-08 11:24:17.317  1683  4080 I CertBlacklister: Certificate blacklist updated
02-08 11:24:17.333  1683  4081 I CertBlacklister: Certificate blacklist changed, updating...
02-08 11:24:17.335  1683  4081 I CertBlacklister: Certificate blacklist updated
02-08 11:24:17.348  1683  1707 I chatty  : uid=1000(system) android.display expire 2 lines
02-08 11:24:17.378  3928  4010 I Babel   : connection state changed from UNKNOWN to CONNECTED
02-08 11:24:17.386  1443  1443 W SurfaceFlinger: couldn't log to binary event log: overflow.
02-08 11:24:17.394  1683  2464 I ActivityManager: Killing 3276:com.android.contacts/u0a14 (adj 906): empty #17
02-08 11:24:17.386  1443  1443 W SurfaceFlinger: couldn't log to binary event log: overflow.
02-08 11:24:17.474  4087  4087 W zygote  : Unexpected CPU variant for X86 using defaults: x86
02-08 11:24:17.481  1683  2465 I ActivityManager: Start proc 4087:com.android.cellbroadcastreceiver/u0a7 for broadcast com.android.cellbroadcastreceiver/.CellBroadcastReceiver
02-08 11:24:17.497  4087  4094 I zygote  : Debugger is no longer active
02-08 11:24:17.497  4087  4087 I zygote  : The ClassLoaderContext is a special shared library.
02-08 11:24:17.534  1683  1835 E TaskPersister: File error accessing recents directory (directory doesn't exist?).
02-08 11:24:17.537  2561  2561 W SearchService: Abort, client detached.
02-08 11:24:17.542  4087  4087 D CellBroadcastReceiver: onReceive Intent { act=android.telephony.action.CARRIER_CONFIG_CHANGED flg=0x5000010 cmp=com.android.cellbroadcastreceiver/.CellBroadcastReceiver (has extras) }
02-08 11:24:17.544  4087  4087 D CellBroadcastReceiver: Start Cell Broadcast configuration.
02-08 11:24:17.563  4087  4087 D CellBroadcastReceiver: Default interval 0 did not change.
02-08 11:24:17.566  1975  1975 D OtaspSimStateReceiver: Received intent: android.telephony.action.CARRIER_CONFIG_CHANGED
02-08 11:24:17.568  1975  1975 D OtaspSimStateReceiver: otasp activation not needed: no supported carrier
02-08 11:24:17.576  1975  1975 I VvmSimStateTracker: android.telephony.action.CARRIER_CONFIG_CHANGED
02-08 11:24:17.577  1975  1975 I VvmSimStateTracker: Service connected on ComponentInfo{com.android.phone/com.android.services.telephony.TelephonyConnectionService}, [e2f7d48dd2b5ca523e7313cf4ba0f6ea830b6281], UserHandle{0}
02-08 11:24:17.578  4087  4105 D CellBroadcastConfigService: Enable CellBroadcast on sub 1
02-08 11:24:17.585  1975  2261 D IccSmsInterfaceManager: [IccSmsInterfaceManager] Calling setCdmaBroadcastConfig with 1 configurations
02-08 11:24:17.588  1975  1975 I RemoteVvmTaskManager: Binding to ComponentInfo{com.google.android.dialer/com.android.voicemail.impl.OmtpService}
02-08 11:24:17.596  1975  2261 D IccSmsInterfaceManager: [IccSmsInterfaceManager] Failed to add cdma broadcast subscription for MID range 4096 to 4096 from client com.android.cellbroadcastreceiver
02-08 11:24:17.597  2351  2957 I chatty  : uid=10013 com.google.android.gms.persistent expire 9 lines
02-08 11:24:17.598  2270  2270 I Dialer  : VvmOmtpService - onCellServiceConnected
02-08 11:24:17.599  1975  2261 D IccSmsInterfaceManager: [IccSmsInterfaceManager] Calling setCdmaBroadcastConfig with 1 configurations
02-08 11:24:17.600  1975  2261 D IccSmsInterfaceManager: [IccSmsInterfaceManager] Failed to add cdma broadcast subscription for MID range 4097 to 4097 from client com.android.cellbroadcastreceiver
02-08 11:24:17.603  1975  2261 D IccSmsInterfaceManager: [IccSmsInterfaceManager] Calling setCdmaBroadcastConfig with 1 configurations
02-08 11:24:17.603  1975  2261 D IccSmsInterfaceManager: [IccSmsInterfaceManager] Failed to add cdma broadcast subscription for MID range 4098 to 4098 from client com.android.cellbroadcastreceiver
02-08 11:24:17.608  1975  2261 D IccSmsInterfaceManager: [IccSmsInterfaceManager] Calling setCdmaBroadcastConfig with 1 configurations
02-08 11:24:17.611  1975  2261 D IccSmsInterfaceManager: [IccSmsInterfaceManager] Failed to add cdma broadcast subscription for MID range 4099 to 4099 from client com.android.cellbroadcastreceiver
02-08 11:24:17.616  1975  2263 D IccSmsInterfaceManager: [IccSmsInterfaceManager] Failed to remove cdma broadcast subscription for MID range 4100 to 4100 from client com.android.cellbroadcastreceiver
02-08 11:24:17.619  1975  2263 D IccSmsInterfaceManager: [IccSmsInterfaceManager] Calling setGsmBroadcastConfig with 1 configurations
02-08 11:24:17.621  1975  2263 D IccSmsInterfaceManager: [IccSmsInterfaceManager] Failed to add GSM cell broadcast subscription for MID range 4352 to 4354 from client com.android.cellbroadcastreceiver
02-08 11:24:17.622  1975  2232 D IccSmsInterfaceManager: [IccSmsInterfaceManager] Calling setGsmBroadcastConfig with 1 configurations
02-08 11:24:17.623  1975  2232 D IccSmsInterfaceManager: [IccSmsInterfaceManager] Failed to add GSM cell broadcast subscription for MID range 4356 to 4356 from client com.android.cellbroadcastreceiver
02-08 11:24:17.624  1975  2232 D IccSmsInterfaceManager: [IccSmsInterfaceManager] Failed to remove GSM cell broadcast subscription for MID range 4355 to 4355 from client com.android.cellbroadcastreceiver
02-08 11:24:17.632  1975  2261 D IccSmsInterfaceManager: [IccSmsInterfaceManager] Calling setGsmBroadcastConfig with 1 configurations
02-08 11:24:17.633  1975  2261 D IccSmsInterfaceManager: [IccSmsInterfaceManager] Failed to add GSM cell broadcast subscription for MID range 4370 to 4370 from client com.android.cellbroadcastreceiver
02-08 11:24:17.634  1975  2261 D IccSmsInterfaceManager: [IccSmsInterfaceManager] Calling setGsmBroadcastConfig with 1 configurations
02-08 11:24:17.636  1975  2261 D IccSmsInterfaceManager: [IccSmsInterfaceManager] Failed to add GSM cell broadcast subscription for MID range 4371 to 4372 from client com.android.cellbroadcastreceiver
02-08 11:24:17.637  1975  2261 D IccSmsInterfaceManager: [IccSmsInterfaceManager] Calling setGsmBroadcastConfig with 1 configurations
02-08 11:24:17.639  1975  2261 D IccSmsInterfaceManager: [IccSmsInterfaceManager] Failed to add GSM cell broadcast subscription for MID range 4373 to 4378 from client com.android.cellbroadcastreceiver
02-08 11:24:17.641  1975  2261 D IccSmsInterfaceManager: [IccSmsInterfaceManager] Calling setGsmBroadcastConfig with 1 configurations
02-08 11:24:17.642  1975  2261 D IccSmsInterfaceManager: [IccSmsInterfaceManager] Failed to add GSM cell broadcast subscription for MID range 4379 to 4379 from client com.android.cellbroadcastreceiver
02-08 11:24:17.643  1975  2261 D IccSmsInterfaceManager: [IccSmsInterfaceManager] Failed to remove GSM cell broadcast subscription for MID range 4380 to 4382 from client com.android.cellbroadcastreceiver
02-08 11:24:17.645  1975  2261 D IccSmsInterfaceManager: [IccSmsInterfaceManager] Calling setGsmBroadcastConfig with 1 configurations
02-08 11:24:17.646  1975  2261 D IccSmsInterfaceManager: [IccSmsInterfaceManager] Failed to add GSM cell broadcast subscription for MID range 4383 to 4383 from client com.android.cellbroadcastreceiver
02-08 11:24:17.647  1975  2232 D IccSmsInterfaceManager: [IccSmsInterfaceManager] Calling setGsmBroadcastConfig with 1 configurations
02-08 11:24:17.648  1975  2232 D IccSmsInterfaceManager: [IccSmsInterfaceManager] Failed to add GSM cell broadcast subscription for MID range 4384 to 4385 from client com.android.cellbroadcastreceiver
02-08 11:24:17.649  1975  2232 D IccSmsInterfaceManager: [IccSmsInterfaceManager] Calling setGsmBroadcastConfig with 1 configurations
02-08 11:24:17.652  2270  2270 I Dialer  : VvmTaskReceiver - task received
02-08 11:24:17.652  2270  2270 I Dialer  : VvmTaskReceiver - scheduling new job
02-08 11:24:17.653  1975  2232 D IccSmsInterfaceManager: [IccSmsInterfaceManager] Failed to add GSM cell broadcast subscription for MID range 4386 to 4391 from client com.android.cellbroadcastreceiver
02-08 11:24:17.655  1975  2261 D IccSmsInterfaceManager: [IccSmsInterfaceManager] Calling setGsmBroadcastConfig with 1 configurations
02-08 11:24:17.656  1975  2261 D IccSmsInterfaceManager: [IccSmsInterfaceManager] Failed to add GSM cell broadcast subscription for MID range 4392 to 4392 from client com.android.cellbroadcastreceiver
02-08 11:24:17.656  1975  2261 D IccSmsInterfaceManager: [IccSmsInterfaceManager] Failed to remove GSM cell broadcast subscription for MID range 4393 to 4395 from client com.android.cellbroadcastreceiver
02-08 11:24:17.657  1683  2465 I ActivityManager: Killing 2197:com.android.deskclock/u0a44 (adj 906): empty #17
02-08 11:24:17.658  2270  2270 I Dialer  : TaskSchedulerJobService - scheduling job with 1 tasks
02-08 11:24:17.661  2270  2270 I Dialer  : TaskSchedulerJobService - running job instantly.
02-08 11:24:17.662  2270  2270 I Dialer  : TaskSchedulerJobService - job 0 scheduled
02-08 11:24:17.665  2270  2270 I Dialer  : TaskSchedulerJobService - starting 0
02-08 11:24:17.684  2351  3020 I chatty  : uid=10013(com.google.android.gms) netscheduler-qu expire 3 lines
02-08 11:24:17.689  2351  2803 I chatty  : uid=10013(com.google.android.gms) lowpool[3] expire 9 lines
02-08 11:24:17.697  2270  2270 I Dialer  : VvmTaskExecutor - onStartJob
02-08 11:24:17.697  2270  2270 I Dialer  : Task.createTask - create task:com.android.voicemail.impl.ActivationTask
02-08 11:24:17.697  2270  4115 I Dialer  : VvmTaskExecutor - executing task com.android.voicemail.impl.ActivationTask@2cb7628
02-08 11:24:17.704  2270  4115 I Dialer  : PreOMigrationHandler - migrating ComponentInfo{com.android.phone/com.android.services.telephony.TelephonyConnectionService}, [e2f7d48dd2b5ca523e7313cf4ba0f6ea830b6281], UserHandle{0}
02-08 11:24:17.704  2270  4115 I Dialer  : PreOMigrationHandler.migrateSettings - migrating settings
02-08 11:24:17.774  1975  1980 I zygote  : Compiler allocated 4MB to compile void android.hardware.radio.V1_1.IRadioResponse$Stub.onTransact(int, android.os.HwParcel, android.os.HwParcel, int)
02-08 11:24:17.864  2270  4115 I Dialer  : VvmActivationTask - VVM content provider configured - vvm_type_cvvm
02-08 11:24:17.866  2270  4115 I Dialer  : OmtpVvmCarrierCfgHlpr - OmtpEvent:CONFIG_ACTIVATING
02-08 11:24:17.892  3320  3320 I zygote  : Deoptimizing aotc aotc.a(int, java.lang.Object[]) due to JIT inline cache
02-08 11:24:17.902  2270  4115 I Dialer  : TelephonyMangerCompat.setVisualVoicemailSmsFilterSettings - using TelephonyManager
02-08 11:24:17.915  2270  4115 I Dialer  : TelephonyMangerCompat.sendVisualVoicemailSms - using TelephonyManager
02-08 11:24:17.962  2394  3304 I MediaScanner: forcing rescan of /system/media/audio/ringtones/Cairo.ogg since build fingerprint changed
02-08 11:24:17.970  2394  3304 I MediaScanner: forcing rescan of /system/media/audio/ringtones/Calypso_Steel.ogg since build fingerprint changed
02-08 11:24:17.981  2394  3304 I MediaScanner: forcing rescan of /system/media/audio/ringtones/CanisMajor.ogg since build fingerprint changed
02-08 11:24:18.004  2394  3304 I MediaScanner: forcing rescan of /system/media/audio/ringtones/CaribbeanIce.ogg since build fingerprint changed
02-08 11:24:18.041  2394  3304 I MediaScanner: forcing rescan of /system/media/audio/ringtones/Carina.ogg since build fingerprint changed
02-08 11:24:18.064  2369  3450 I chatty  : uid=10013(com.google.android.gms) Binder:2369_C expire 1 line
02-08 11:24:18.077  3560  3575 I zygote  : Waiting for a blocking GC ProfileSaver
02-08 11:24:18.085  3320  3320 W zygote  : Long monitor contention with owner DefaultPool6 (3397) at void android.database.sqlite.SQLiteConnection.nativeExecute(long, long)(SQLiteConnection.java:-2) waiters=0 in void wba.a(android.app.Application) for 131ms
02-08 11:24:18.097  2394  3304 I MediaScanner: forcing rescan of /system/media/audio/ringtones/Centaurus.ogg since build fingerprint changed
02-08 11:24:18.163  3427  3427 I BugleRcs: updating RCS availability
02-08 11:24:18.170  3427  3427 I CarrierServices: [2] a.connect: Binding to local JibeService
02-08 11:24:18.175  2394  3304 I MediaScanner: forcing rescan of /system/media/audio/ringtones/Champagne_Edition.ogg since build fingerprint changed
02-08 11:24:18.180  3427  3468 V Bugle   : Executing sticker action: com.google.android.apps.messaging.shared.datamodel.sticker.SyncStickerSetListAction
02-08 11:24:18.197  3427  3427 I CarrierServices: [2] a.connect: Binding to local JibeService
02-08 11:24:18.236  1683  2467 I chatty  : uid=1000(system) Binder:1683_C expire 13 lines
02-08 11:24:18.242  3427  3490 V BugleRcs: RcsAvailability updated but unchanged: We aren't the default SMS app
02-08 11:24:18.251  2394  3304 I MediaScanner: forcing rescan of /system/media/audio/ringtones/Club_Cubano.ogg since build fingerprint changed
02-08 11:24:18.260  2628  3226 E ActivityThread: Failed to find provider info for com.google.android.wearable.settings
02-08 11:24:18.263  2394  3304 I MediaScanner: forcing rescan of /system/media/audio/ringtones/CrayonRock.ogg since build fingerprint changed
02-08 11:24:18.266  3320  3386 I zygote  : The ClassLoaderContext is a special shared library.
02-08 11:24:18.266  3320  3386 I chatty  : uid=10065(com.google.android.apps.maps) identical 1 line
02-08 11:24:18.268  3320  3386 I zygote  : The ClassLoaderContext is a special shared library.
02-08 11:24:18.294  2394  3304 I MediaScanner: forcing rescan of /system/media/audio/ringtones/CrazyDream.ogg since build fingerprint changed
02-08 11:24:18.327  3493  4139 D CarrierServices: log_saver already enabled
02-08 11:24:18.333  3320  3386 V NativeCrypto: Registering com/google/android/gms/org/conscrypt/NativeCrypto's 259 native methods...
02-08 11:24:18.383  3320  3386 D NetworkSecurityConfig: No Network Security Config specified, using platform default
02-08 11:24:18.389  3320  3386 I ProviderInstaller: Installed default security provider GmsCore_OpenSSL
02-08 11:24:18.421  2394  3304 I MediaScanner: forcing rescan of /system/media/audio/ringtones/CurveBall.ogg since build fingerprint changed
02-08 11:24:18.503  2394  3304 I MediaScanner: forcing rescan of /system/media/audio/ringtones/Cygnus.ogg since build fingerprint changed
02-08 11:24:18.528  2394  3304 I MediaScanner: forcing rescan of /system/media/audio/ringtones/DancinFool.ogg since build fingerprint changed
02-08 11:24:18.541  2351  4119 I chatty  : uid=10013 com.google.android.gms.persistent expire 4 lines
02-08 11:24:18.564  2394  3304 I MediaScanner: forcing rescan of /system/media/audio/ringtones/Ding.ogg since build fingerprint changed
02-08 11:24:18.580  2394  3304 I MediaScanner: forcing rescan of /system/media/audio/ringtones/DonMessWivIt.ogg since build fingerprint changed
02-08 11:24:18.609  2394  3304 I MediaScanner: forcing rescan of /system/media/audio/ringtones/Draco.ogg since build fingerprint changed
02-08 11:24:18.651  1683  2425 W BroadcastQueue: Background execution not allowed: receiving Intent { act=com.google.android.gms.location.reporting.SETTINGS_CHANGED flg=0x10 } to com.google.android.googlequicksearchbox/com.google.android.apps.gsa.search.core.udc.UdcSettingBroadcastReceiver
02-08 11:24:18.659  3618  3636 I zygote  : Waiting for a blocking GC ProfileSaver
02-08 11:24:18.666  2561  2568 I zygote  : Do partial code cache collection, code=101KB, data=75KB
02-08 11:24:18.666  2561  2568 I zygote  : After code cache collection, code=94KB, data=73KB
02-08 11:24:18.666  2561  2568 I zygote  : Increasing code cache capacity to 512KB
02-08 11:24:18.667  3618  3636 I zygote  : WaitForGcToComplete blocked ProfileSaver on HeapTrim for 8.306ms
02-08 11:24:18.668  2394  3304 I MediaScanner: forcing rescan of /system/media/audio/ringtones/DreamTheme.ogg since build fingerprint changed
02-08 11:24:18.711  1683  1862 I chatty  : uid=1000(system) Binder:1683_3 expire 15 lines
02-08 11:24:18.736  2394  3304 I MediaScanner: forcing rescan of /system/media/audio/ringtones/Eastern_Sky.ogg since build fingerprint changed
02-08 11:24:18.759  2394  3304 I MediaScanner: forcing rescan of /system/media/audio/ringtones/Enter_the_Nexus.ogg since build fingerprint changed
02-08 11:24:18.792  2394  3304 I MediaScanner: forcing rescan of /system/media/audio/ringtones/Eridani.ogg since build fingerprint changed
02-08 11:24:18.831  2394  3304 I MediaScanner: forcing rescan of /system/media/audio/ringtones/EtherShake.ogg since build fingerprint changed
02-08 11:24:18.860  2394  3304 I MediaScanner: forcing rescan of /system/media/audio/ringtones/FreeFlight.ogg since build fingerprint changed
02-08 11:24:18.923  2394  3304 I MediaScanner: forcing rescan of /system/media/audio/ringtones/FriendlyGhost.ogg since build fingerprint changed
02-08 11:24:18.950  2394  3304 I MediaScanner: forcing rescan of /system/media/audio/ringtones/Funk_Yall.ogg since build fingerprint changed
02-08 11:24:18.958  1683  3697 W BroadcastQueue: Background execution not allowed: receiving Intent { act=android.intent.action.PACKAGE_ADDED dat=package:com.android.volvocars.sensortestview flg=0x4000010 (has extras) } to com.google.android.googlequicksearchbox/com.google.android.apps.gsa.googlequicksearchbox.GelStubAppWatcher
02-08 11:24:18.963  2351  2815 I chatty  : uid=10013(com.google.android.gms) Binder:2351_6 expire 2 lines
02-08 11:24:18.978  2628  3830 I chatty  : uid=10013(com.google.android.gms) expire 1 line
02-08 11:24:19.048  2394  3304 I MediaScanner: forcing rescan of /system/media/audio/ringtones/GameOverGuitar.ogg since build fingerprint changed
02-08 11:24:19.084  2394  3304 I MediaScanner: forcing rescan of /system/media/audio/ringtones/Gimme_Mo_Town.ogg since build fingerprint changed
02-08 11:24:19.099  2394  3304 I MediaScanner: forcing rescan of /system/media/audio/ringtones/Girtab.ogg since build fingerprint changed
02-08 11:24:19.139  2394  3304 I MediaScanner: forcing rescan of /system/media/audio/ringtones/Glacial_Groove.ogg since build fingerprint changed
02-08 11:24:19.144  2561  2561 E WorkerLoader: No worker found for workerId bisto.
02-08 11:24:19.184  2394  3304 I MediaScanner: forcing rescan of /system/media/audio/ringtones/Growl.ogg since build fingerprint changed
02-08 11:24:19.214  2628  4172 I chatty  : uid=10013(com.google.android.gms) expire 1 line
02-08 11:24:19.239  2394  3304 I MediaScanner: forcing rescan of /system/media/audio/ringtones/HalfwayHome.ogg since build fingerprint changed
02-08 11:24:19.257  2394  3304 I MediaScanner: forcing rescan of /system/media/audio/ringtones/Hydra.ogg since build fingerprint changed
02-08 11:24:19.268  2394  3304 I MediaScanner: forcing rescan of /system/media/audio/ringtones/InsertCoin.ogg since build fingerprint changed
02-08 11:24:19.274  2394  3304 I MediaScanner: forcing rescan of /system/media/audio/ringtones/Kuma.ogg since build fingerprint changed
02-08 11:24:19.288  2394  3304 I MediaScanner: forcing rescan of /system/media/audio/ringtones/LoopyLounge.ogg since build fingerprint changed
02-08 11:24:19.318  2394  3304 I MediaScanner: forcing rescan of /system/media/audio/ringtones/LoveFlute.ogg since build fingerprint changed
02-08 11:24:19.333  2394  3304 I MediaScanner: forcing rescan of /system/media/audio/ringtones/Lyra.ogg since build fingerprint changed
02-08 11:24:19.354  2394  3304 I MediaScanner: forcing rescan of /system/media/audio/ringtones/Machina.ogg since build fingerprint changed
02-08 11:24:19.384  2394  3304 I MediaScanner: forcing rescan of /system/media/audio/ringtones/MidEvilJaunt.ogg since build fingerprint changed
02-08 11:24:19.389  2628  3346 E ActivityThread: Failed to find provider info for com.google.android.wearable.settings
02-08 11:24:19.400  2394  3304 I MediaScanner: forcing rescan of /system/media/audio/ringtones/MildlyAlarming.ogg since build fingerprint changed
02-08 11:24:19.407  2394  3304 I MediaScanner: forcing rescan of /system/media/audio/ringtones/Nairobi.ogg since build fingerprint changed
02-08 11:24:19.423  2394  3304 I MediaScanner: forcing rescan of /system/media/audio/ringtones/Nassau.ogg since build fingerprint changed
02-08 11:24:19.454  1683  2466 I chatty  : uid=1000(system) Binder:1683_B expire 6 lines
02-08 11:24:19.457  1593  1611 I DrmHal  : makeDrmFactories: factory instance default is Remote
02-08 11:24:19.458  1593  1611 I DrmHal  : makeDrmFactories: factory instance widevine is Remote
02-08 11:24:19.460  1430  1430 D WVCdm   : Instantiating CDM.
02-08 11:24:19.464  1430  1430 I WVCdm   : CdmEngine::QueryStatus
02-08 11:24:19.467  1430  4192 I WVCdm   : Level3 Library 4464 May 19 2017 16:59:48
02-08 11:24:19.469  2394  3304 I MediaScanner: forcing rescan of /system/media/audio/ringtones/NewPlayer.ogg since build fingerprint changed
02-08 11:24:19.470  1430  4192 W WVCdm   : Could not read /data/mediadrm/IDM1013/L3/ay64.dat: No such file or directory
02-08 11:24:19.479  1430  1430 I WVCdm   : L3 Initialized. Trying L1.
02-08 11:24:19.484  2394  3304 I MediaScanner: forcing rescan of /system/media/audio/ringtones/No_Limits.ogg since build fingerprint changed
02-08 11:24:19.484  1683  2466 W ActivityManager: Unable to start service Intent { act=com.google.android.gms.analytics.service.START cmp=com.google.android.gms/.analytics.service.AnalyticsService (has extras) } U=0: not found
02-08 11:24:19.484  3729  3769 W GAV2    : Thread[GAThread,5,main]: Service unavailable (code=1), will retry.
02-08 11:24:19.487  1430  1430 W WVCdm   : Could not load liboemcrypto.so. Falling back to L3.  dlopen failed: library "liboemcrypto.so" not found
02-08 11:24:19.495  1430  1430 I WVCdm   : CdmEngine::OpenSession
02-08 11:24:19.499  2394  3304 I MediaScanner: forcing rescan of /system/media/audio/ringtones/Noises1.ogg since build fingerprint changed
02-08 11:24:19.501  1430  4196 I WVCdm   : Level3 Library 4464 May 19 2017 16:59:48
02-08 11:24:19.502  1430  1430 I WVCdm   : L3 Initialized. Trying L1.
02-08 11:24:19.502  1430  1430 W WVCdm   : Could not load liboemcrypto.so. Falling back to L3.  dlopen failed: library "liboemcrypto.so" not found
02-08 11:24:19.502  1430  1430 D WVCdm   : CryptoSession::Open: Lock: requested_security_level: Default
02-08 11:24:19.502  1430  1430 W WVCdm   : DeviceFiles::RetrieveHashedFile: /data/mediadrm/IDM1013/L3/usgtable.bin does not exist
02-08 11:24:19.502  1430  1430 W WVCdm   : Could not read /data/mediadrm/IDM1013/L3/ay64.dat5: No such file or directory
02-08 11:24:19.502  1430  1430 W WVCdm   : Could not read /data/mediadrm/IDM1013/L3/ay64.dat5: No such file or directory
02-08 11:24:19.508  2394  3304 I MediaScanner: forcing rescan of /system/media/audio/ringtones/Noises2.ogg since build fingerprint changed
02-08 11:24:19.510  3233  3246 I chatty  : uid=10013 com.google.android.gms.unstable expire 58 lines
02-08 11:24:19.512  1430  1430 W WVCdm   : DeviceFiles::RetrieveHashedFile: /data/mediadrm/IDM1013/L3/cert.bin does not exist
02-08 11:24:19.514  3233  4187 I chatty  : uid=10013 com.google.android.gms.unstable expire 1 line
02-08 11:24:19.526  1430  4199 I WVCdm   : Level3 Library 4464 May 19 2017 16:59:48
02-08 11:24:19.530  1430  1430 I WVCdm   : L3 Initialized. Trying L1.
02-08 11:24:19.531  1430  1430 W WVCdm   : Could not load liboemcrypto.so. Falling back to L3.  dlopen failed: library "liboemcrypto.so" not found
02-08 11:24:19.531  1430  1430 D WVCdm   : CryptoSession::Open: Lock: requested_security_level: Default
02-08 11:24:19.533  2394  3304 I MediaScanner: forcing rescan of /system/media/audio/ringtones/Noises3.ogg since build fingerprint changed
02-08 11:24:19.552  2394  3304 I MediaScanner: forcing rescan of /system/media/audio/ringtones/OrganDub.ogg since build fingerprint changed
02-08 11:24:19.564  2394  3304 I MediaScanner: forcing rescan of /system/media/audio/ringtones/Orion.ogg since build fingerprint changed
02-08 11:24:19.576  3233  4202 I chatty  : uid=10013 com.google.android.gms.unstable expire 1 line
02-08 11:24:19.593  2394  3304 I MediaScanner: forcing rescan of /system/media/audio/ringtones/PERSEUS.ogg since build fingerprint changed
02-08 11:24:19.620  2394  3304 I MediaScanner: forcing rescan of /system/media/audio/ringtones/Paradise_Island.ogg since build fingerprint changed
02-08 11:24:19.637  2394  3304 I MediaScanner: forcing rescan of /system/media/audio/ringtones/Pegasus.ogg since build fingerprint changed
02-08 11:24:19.692  1683  3697 I chatty  : uid=1000(system) Binder:1683_11 expire 20 lines
02-08 11:24:19.692  2394  3304 I MediaScanner: forcing rescan of /system/media/audio/ringtones/Perseus.ogg since build fingerprint changed
02-08 11:24:19.711  2351  2960 I chatty  : uid=10013(com.google.android.gms) Binder:2351_7 expire 2 lines
02-08 11:24:19.728  2628  3880 I chatty  : uid=10013(com.google.android.gms) lowpool[5] expire 10 lines
02-08 11:24:19.763  2394  3304 I MediaScanner: forcing rescan of /system/media/audio/ringtones/Playa.ogg since build fingerprint changed
02-08 11:24:19.793  2394  3304 I MediaScanner: forcing rescan of /system/media/audio/ringtones/Pyxis.ogg since build fingerprint changed
02-08 11:24:19.804  2394  3304 I MediaScanner: forcing rescan of /system/media/audio/ringtones/Rasalas.ogg since build fingerprint changed
02-08 11:24:19.816  2394  3304 I MediaScanner: forcing rescan of /system/media/audio/ringtones/Revelation.ogg since build fingerprint changed
02-08 11:24:19.824  2394  3304 I MediaScanner: forcing rescan of /system/media/audio/ringtones/Rigel.ogg since build fingerprint changed
02-08 11:24:19.837  2394  3304 I MediaScanner: forcing rescan of /system/media/audio/ringtones/Ring_Classic_02.ogg since build fingerprint changed
02-08 11:24:19.845  2394  3304 I MediaScanner: forcing rescan of /system/media/audio/ringtones/Ring_Digital_02.ogg since build fingerprint changed
02-08 11:24:19.852  2394  3304 I MediaScanner: forcing rescan of /system/media/audio/ringtones/Ring_Synth_02.ogg since build fingerprint changed
02-08 11:24:19.861  2394  3304 I MediaScanner: forcing rescan of /system/media/audio/ringtones/Ring_Synth_04.ogg since build fingerprint changed
02-08 11:24:19.868  2394  3304 I MediaScanner: forcing rescan of /system/media/audio/ringtones/Road_Trip.ogg since build fingerprint changed
02-08 11:24:19.874  2394  3304 I MediaScanner: forcing rescan of /system/media/audio/ringtones/RomancingTheTone.ogg since build fingerprint changed
02-08 11:24:19.898  2394  3304 I MediaScanner: forcing rescan of /system/media/audio/ringtones/Safari.ogg since build fingerprint changed
02-08 11:24:19.903  2394  3304 I MediaScanner: forcing rescan of /system/media/audio/ringtones/Savannah.ogg since build fingerprint changed
02-08 11:24:19.909  2394  3304 I MediaScanner: forcing rescan of /system/media/audio/ringtones/Scarabaeus.ogg since build fingerprint changed
02-08 11:24:19.918  2394  3304 I MediaScanner: forcing rescan of /system/media/audio/ringtones/Sceptrum.ogg since build fingerprint changed
02-08 11:24:19.942  2394  3304 I MediaScanner: forcing rescan of /system/media/audio/ringtones/Seville.ogg since build fingerprint changed
02-08 11:24:19.950  2394  3304 I MediaScanner: forcing rescan of /system/media/audio/ringtones/Shes_All_That.ogg since build fingerprint changed
02-08 11:24:19.959  2394  3304 I MediaScanner: forcing rescan of /system/media/audio/ringtones/SilkyWay.ogg since build fingerprint changed
02-08 11:24:19.966  2394  3304 I MediaScanner: forcing rescan of /system/media/audio/ringtones/SitarVsSitar.ogg since build fingerprint changed
02-08 11:24:19.971  2394  3304 I MediaScanner: forcing rescan of /system/media/audio/ringtones/Solarium.ogg since build fingerprint changed
02-08 11:24:19.982  2394  3304 I MediaScanner: forcing rescan of /system/media/audio/ringtones/SpringyJalopy.ogg since build fingerprint changed
02-08 11:24:19.986  2394  3304 I MediaScanner: forcing rescan of /system/media/audio/ringtones/Steppin_Out.ogg since build fingerprint changed
02-08 11:24:20.004  2394  3304 I MediaScanner: forcing rescan of /system/media/audio/ringtones/Terminated.ogg since build fingerprint changed
02-08 11:24:20.008  2394  3304 I MediaScanner: forcing rescan of /system/media/audio/ringtones/Testudo.ogg since build fingerprint changed
02-08 11:24:20.013  2394  3304 I MediaScanner: forcing rescan of /system/media/audio/ringtones/Themos.ogg since build fingerprint changed
02-08 11:24:20.019  2394  3304 I MediaScanner: forcing rescan of /system/media/audio/ringtones/Third_Eye.ogg since build fingerprint changed
02-08 11:24:20.023  2394  3304 I MediaScanner: forcing rescan of /system/media/audio/ringtones/Thunderfoot.ogg since build fingerprint changed
02-08 11:24:20.028  2394  3304 I MediaScanner: forcing rescan of /system/media/audio/ringtones/TwirlAway.ogg since build fingerprint changed
02-08 11:24:20.033  2394  3304 I MediaScanner: forcing rescan of /system/media/audio/ringtones/URSAMINOR.ogg since build fingerprint changed
02-08 11:24:20.049  2394  3304 I MediaScanner: forcing rescan of /system/media/audio/ringtones/UrsaMinor.ogg since build fingerprint changed
02-08 11:24:20.074  2394  3304 I MediaScanner: forcing rescan of /system/media/audio/ringtones/VeryAlarmed.ogg since build fingerprint changed
02-08 11:24:20.079  2394  3304 I MediaScanner: forcing rescan of /system/media/audio/ringtones/Vespa.ogg since build fingerprint changed
02-08 11:24:20.083  2394  3304 I MediaScanner: forcing rescan of /system/media/audio/ringtones/World.ogg since build fingerprint changed
02-08 11:24:20.087  2394  3304 I MediaScanner: forcing rescan of /system/media/audio/ringtones/Zeta.ogg since build fingerprint changed
02-08 11:24:20.094  2394  3304 I MediaScanner: forcing rescan of /system/media/audio/ringtones/hydra.ogg since build fingerprint changed
02-08 11:24:20.194  2394  3304 W MediaScanner: Error opening directory '/oem/media/', skipping: No such file or directory.
02-08 11:24:20.195  2394  3304 W MediaProvider: Missing volume for /system/media/audio/ui; assuming invalid
02-08 11:24:20.197  2394  3304 W MediaProvider: Missing volume for /system/media/bootanimation.zip; assuming invalid
02-08 11:24:20.199  2394  3304 W MediaProvider: Missing volume for /system/media/audio/ringtones/Aquila.ogg; assuming invalid
02-08 11:24:20.200  2394  3304 W MediaProvider: Missing volume for /system/media/audio/ringtones/ArgoNavis.ogg; assuming invalid
02-08 11:24:20.200  2394  3304 W MediaProvider: Missing volume for /system/media/audio/ringtones/Atria.ogg; assuming invalid
02-08 11:24:20.201  2394  3304 W MediaProvider: Missing volume for /system/media/audio/ringtones/BOOTES.ogg; assuming invalid
02-08 11:24:20.202  2394  3304 W MediaProvider: Missing volume for /system/media/audio/ringtones/Backroad.ogg; assuming invalid
02-08 11:24:20.203  2394  3304 W MediaProvider: Missing volume for /system/media/audio/ringtones/BeatPlucker.ogg; assuming invalid
02-08 11:24:20.204  2394  3304 W MediaProvider: Missing volume for /system/media/audio/ringtones/BentleyDubs.ogg; assuming invalid
02-08 11:24:20.204  2394  3304 W MediaProvider: Missing volume for /system/media/audio/ringtones/Big_Easy.ogg; assuming invalid
02-08 11:24:20.205  2394  3304 W MediaProvider: Missing volume for /system/media/audio/ringtones/BirdLoop.ogg; assuming invalid
02-08 11:24:20.206  2394  3304 W MediaProvider: Missing volume for /system/media/audio/ringtones/Bollywood.ogg; assuming invalid
02-08 11:24:20.207  2394  3304 W MediaProvider: Missing volume for /system/media/audio/ringtones/BussaMove.ogg; assuming invalid
02-08 11:24:20.207  2394  3304 W MediaProvider: Missing volume for /system/media/audio/ringtones/CANISMAJOR.ogg; assuming invalid
02-08 11:24:20.208  2394  3304 W MediaProvider: Missing volume for /system/media/audio/ringtones/CASSIOPEIA.ogg; assuming invalid
02-08 11:24:20.209  2394  3304 W MediaProvider: Missing volume for /system/media/audio/ringtones/Cairo.ogg; assuming invalid
02-08 11:24:20.210  2394  3304 W MediaProvider: Missing volume for /system/media/audio/ringtones/Calypso_Steel.ogg; assuming invalid
02-08 11:24:20.210  2394  3304 W MediaProvider: Missing volume for /system/media/audio/ringtones/CanisMajor.ogg; assuming invalid
02-08 11:24:20.211  2394  3304 E SQLiteDatabase: Error inserting title_key=-)C9MA);EK parent=71 is_music=false title=Canis Major _size=31133 duration=3498 bucket_id=293500348 is_alarm=false album_artist=null media_type=2 storage_id=0 is_notification=false track=0 bucket_display_name=ringtones _data=/system/media/audio/ringtones/CanisMajor.ogg is_drm=false _display_name=CanisMajor.ogg composer=null format=47362 is_ringtone=true artist_id=1 is_podcast=false date_added=1518117860 date_modified=1510953133 mime_type=application/ogg album_id=4
02-08 11:24:20.211  2394  3304 E SQLiteDatabase: android.database.sqlite.SQLiteConstraintException: UNIQUE constraint failed: files._data (code 2067)
02-08 11:24:20.211  2394  3304 E SQLiteDatabase: 	at android.database.sqlite.SQLiteConnection.nativeExecuteForLastInsertedRowId(Native Method)
02-08 11:24:20.211  2394  3304 E SQLiteDatabase: 	at android.database.sqlite.SQLiteConnection.executeForLastInsertedRowId(SQLiteConnection.java:783)
02-08 11:24:20.211  2394  3304 E SQLiteDatabase: 	at android.database.sqlite.SQLiteSession.executeForLastInsertedRowId(SQLiteSession.java:788)
02-08 11:24:20.211  2394  3304 E SQLiteDatabase: 	at android.database.sqlite.SQLiteStatement.executeInsert(SQLiteStatement.java:86)
02-08 11:24:20.211  2394  3304 E SQLiteDatabase: 	at android.database.sqlite.SQLiteDatabase.insertWithOnConflict(SQLiteDatabase.java:1548)
02-08 11:24:20.211  2394  3304 E SQLiteDatabase: 	at android.database.sqlite.SQLiteDatabase.insert(SQLiteDatabase.java:1417)
02-08 11:24:20.211  2394  3304 E SQLiteDatabase: 	at com.android.providers.media.MediaProvider.insertFile(MediaProvider.java:2264)
02-08 11:24:20.211  2394  3304 E SQLiteDatabase: 	at com.android.providers.media.MediaProvider.insertInternal(MediaProvider.java:2497)
02-08 11:24:20.211  2394  3304 E SQLiteDatabase: 	at com.android.providers.media.MediaProvider.bulkInsert(MediaProvider.java:1870)
02-08 11:24:20.211  2394  3304 E SQLiteDatabase: 	at android.content.ContentProvider$Transport.bulkInsert(ContentProvider.java:280)
02-08 11:24:20.211  2394  3304 E SQLiteDatabase: 	at android.content.ContentProviderClient.bulkInsert(ContentProviderClient.java:290)
02-08 11:24:20.211  2394  3304 E SQLiteDatabase: 	at android.media.MediaInserter.flush(MediaInserter.java:91)
02-08 11:24:20.211  2394  3304 E SQLiteDatabase: 	at android.media.MediaInserter.flushAll(MediaInserter.java:74)
02-08 11:24:20.211  2394  3304 E SQLiteDatabase: 	at android.media.MediaScanner.scanDirectories(MediaScanner.java:1408)
02-08 11:24:20.211  2394  3304 E SQLiteDatabase: 	at com.android.providers.media.MediaScannerService.scan(MediaScannerService.java:82)
02-08 11:24:20.211  2394  3304 E SQLiteDatabase: 	at com.android.providers.media.MediaScannerService.-wrap1(Unknown Source:0)
02-08 11:24:20.211  2394  3304 E SQLiteDatabase: 	at com.android.providers.media.MediaScannerService$ServiceHandler.handleMessage(MediaScannerService.java:252)
02-08 11:24:20.211  2394  3304 E SQLiteDatabase: 	at android.os.Handler.dispatchMessage(Handler.java:106)
02-08 11:24:20.211  2394  3304 E SQLiteDatabase: 	at android.os.Looper.loop(Looper.java:164)
02-08 11:24:20.211  2394  3304 E SQLiteDatabase: 	at com.android.providers.media.MediaScannerService.run(MediaScannerService.java:161)
02-08 11:24:20.211  2394  3304 E SQLiteDatabase: 	at java.lang.Thread.run(Thread.java:764)
02-08 11:24:20.211  2394  3304 W MediaProvider: Missing volume for /system/media/audio/ringtones/CaribbeanIce.ogg; assuming invalid
02-08 11:24:20.212  2394  3304 W MediaProvider: Missing volume for /system/media/audio/ringtones/Carina.ogg; assuming invalid
02-08 11:24:20.214  2394  3304 W MediaProvider: Missing volume for /system/media/audio/ringtones/Centaurus.ogg; assuming invalid
02-08 11:24:20.215  2394  3304 W MediaProvider: Missing volume for /system/media/audio/ringtones/Champagne_Edition.ogg; assuming invalid
02-08 11:24:20.215  2394  3304 W MediaProvider: Missing volume for /system/media/audio/ringtones/Club_Cubano.ogg; assuming invalid
02-08 11:24:20.217  2394  3304 W MediaProvider: Missing volume for /system/media/audio/ringtones/CrayonRock.ogg; assuming invalid
02-08 11:24:20.217  2394  3304 W MediaProvider: Missing volume for /system/media/audio/ringtones/CrazyDream.ogg; assuming invalid
02-08 11:24:20.218  2394  3304 W MediaProvider: Missing volume for /system/media/audio/ringtones/CurveBall.ogg; assuming invalid
02-08 11:24:20.218  2394  3304 W MediaProvider: Missing volume for /system/media/audio/ringtones/Cygnus.ogg; assuming invalid
02-08 11:24:20.219  2394  3304 W MediaProvider: Missing volume for /system/media/audio/ringtones/DancinFool.ogg; assuming invalid
02-08 11:24:20.219  2394  3304 W MediaProvider: Missing volume for /system/media/audio/ringtones/Ding.ogg; assuming invalid
02-08 11:24:20.220  2394  3304 W MediaProvider: Missing volume for /system/media/audio/ringtones/DonMessWivIt.ogg; assuming invalid
02-08 11:24:20.221  2394  3304 W MediaProvider: Missing volume for /system/media/audio/ringtones/Draco.ogg; assuming invalid
02-08 11:24:20.221  2394  3304 W MediaProvider: Missing volume for /system/media/audio/ringtones/DreamTheme.ogg; assuming invalid
02-08 11:24:20.222  2394  3304 W MediaProvider: Missing volume for /system/media/audio/ringtones/Eastern_Sky.ogg; assuming invalid
02-08 11:24:20.223  2394  3304 W MediaProvider: Missing volume for /system/media/audio/ringtones/Enter_the_Nexus.ogg; assuming invalid
02-08 11:24:20.224  2369  2382 I chatty  : uid=10013(com.google.android.gms) Binder:2369_2 expire 1 line
02-08 11:24:20.228  2394  3304 W MediaProvider: Missing volume for /system/media/audio/ringtones/Eridani.ogg; assuming invalid
02-08 11:24:20.244  2394  3304 W MediaProvider: Missing volume for /system/media/audio/ringtones/EtherShake.ogg; assuming invalid
02-08 11:24:20.247  2394  3304 W MediaProvider: Missing volume for /system/media/audio/ringtones/FreeFlight.ogg; assuming invalid
02-08 11:24:20.250  2394  3304 W MediaProvider: Missing volume for /system/media/audio/ringtones/FriendlyGhost.ogg; assuming invalid
02-08 11:24:20.254  3427  3427 I BugleRcs: updating RCS availability
02-08 11:24:20.257  2394  3304 W MediaProvider: Missing volume for /system/media/audio/ringtones/Funk_Yall.ogg; assuming invalid
02-08 11:24:20.258  2394  3304 W MediaProvider: Missing volume for /system/media/audio/ringtones/GameOverGuitar.ogg; assuming invalid
02-08 11:24:20.259  2394  3304 W MediaProvider: Missing volume for /system/media/audio/ringtones/Gimme_Mo_Town.ogg; assuming invalid
02-08 11:24:20.260  2394  3304 W MediaProvider: Missing volume for /system/media/audio/ringtones/Girtab.ogg; assuming invalid
02-08 11:24:20.260  2394  3304 W MediaProvider: Missing volume for /system/media/audio/ringtones/Glacial_Groove.ogg; assuming invalid
02-08 11:24:20.261  2394  3304 W MediaProvider: Missing volume for /system/media/audio/ringtones/Growl.ogg; assuming invalid
02-08 11:24:20.261  2394  3304 W MediaProvider: Missing volume for /system/media/audio/ringtones/HalfwayHome.ogg; assuming invalid
02-08 11:24:20.262  2394  3304 W MediaProvider: Missing volume for /system/media/audio/ringtones/Hydra.ogg; assuming invalid
02-08 11:24:20.263  2394  3304 W MediaProvider: Missing volume for /system/media/audio/ringtones/InsertCoin.ogg; assuming invalid
02-08 11:24:20.264  2394  3304 W MediaProvider: Missing volume for /system/media/audio/ringtones/Kuma.ogg; assuming invalid
02-08 11:24:20.264  2394  3304 W MediaProvider: Missing volume for /system/media/audio/ringtones/LoopyLounge.ogg; assuming invalid
02-08 11:24:20.265  2394  3304 W MediaProvider: Missing volume for /system/media/audio/ringtones/LoveFlute.ogg; assuming invalid
02-08 11:24:20.266  2394  3304 W MediaProvider: Missing volume for /system/media/audio/ringtones/Lyra.ogg; assuming invalid
02-08 11:24:20.267  2394  3304 W MediaProvider: Missing volume for /system/media/audio/ringtones/Machina.ogg; assuming invalid
02-08 11:24:20.269  2394  3304 W MediaProvider: Missing volume for /system/media/audio/ringtones/MidEvilJaunt.ogg; assuming invalid
02-08 11:24:20.271  3427  3427 I CarrierServices: [2] a.connect: Binding to local JibeService
02-08 11:24:20.273  2628  3346 E ActivityThread: Failed to find provider info for com.google.android.wearable.settings
02-08 11:24:20.275  2394  3304 W MediaProvider: Missing volume for /system/media/audio/ringtones/MildlyAlarming.ogg; assuming invalid
02-08 11:24:20.276  3427  3427 I CarrierServices: [2] a.connect: Binding to local JibeService
