02-02 01:19:33.208  1430 14828 W WVCdm   : Could not load liboemcrypto.so. Falling back to L3.  dlopen failed: library "liboemcrypto.so" not found
02-02 01:19:33.208  1430 14828 I WVCdm   : CdmEngine::OpenSession
02-02 01:19:33.208  1430 25046 I WVCdm   : Level3 Library 4464 May 19 2017 16:59:48
02-02 01:19:33.210  1430 14828 I WVCdm   : L3 Initialized. Trying L1.
02-02 01:19:33.210  1430 14828 W WVCdm   : Could not load liboemcrypto.so. Falling back to L3.  dlopen failed: library "liboemcrypto.so" not found
02-02 01:19:33.210  1430 14828 D WVCdm   : CryptoSession::Open: Lock: requested_security_level: Default
02-02 01:19:33.214  1430 14828 I WVCdm   : CdmEngine::QueryOemCryptoSessionId
02-02 01:19:33.215  1430 14828 I WVCdm   : CdmEngine::GenerateKeyRequest
02-02 01:19:33.215  1430 14828 D WVCdm   : PrepareKeyRequest: nonce=2981246387
02-02 01:19:33.272  1584 28638 D MediaAnalyticsService: MediaAnalyticsService::newSummarizerSet
02-02 01:19:33.272  1584 28638 D MediaAnalyticsService: Deleting oldest record set....
02-02 01:19:33.581  2590 14092 I chatty  : uid=10012(com.google.android.gms) lowpool[11] expire 3 lines
02-02 01:19:33.823 25015 25030 I chatty  : uid=10012(com.google.android.gms) Binder:25015_4 expire 24 lines
02-02 01:19:33.921 25015 25020 I chatty  : uid=10012(com.google.android.gms) Jit thread pool expire 3 lines
02-02 01:19:33.925 25053 25053 I chatty  : uid=10012(com.google.android.gms) /system/bin/dex2oat expire 7 lines
02-02 01:19:34.164  2590 25059 I chatty  : uid=10012(com.google.android.gms) expire 1 line
02-02 01:19:34.418  2342  2776 I chatty  : uid=10012(com.google.android.gms) highpool[3] expire 7 lines
02-02 01:19:45.671  1666  1684 E BatteryExternalStatsWorker: modem info is invalid: ModemActivityInfo{ mTimestamp=0 mSleepTimeMs=0 mIdleTimeMs=0 mTxTimeMs[]=[0, 0, 0, 0, 0] mRxTimeMs=0 mEnergyUsed=0}
02-02 01:19:55.656  1666  3470 I ActivityManager: Killing 24110:com.google.android.gms.feedback/u0a12 (adj 906): empty for 3622s
02-02 01:20:05.672  1666  1684 E BatteryExternalStatsWorker: modem info is invalid: ModemActivityInfo{ mTimestamp=0 mSleepTimeMs=0 mIdleTimeMs=0 mTxTimeMs[]=[0, 0, 0, 0, 0] mRxTimeMs=0 mEnergyUsed=0}
02-02 01:20:28.090  1439  1439 I qemu-props: start adbd ...
02-02 01:20:55.657  1666  1680 I chatty  : uid=1000(system) android.bg expire 10 lines
02-02 01:21:28.096  1439  1439 I qemu-props: start adbd ...
02-02 01:21:42.141  1426  1628 V EmulatedCamera_Camera: getCameraInfo
02-02 01:21:42.141  1426  1628 V EmulatedCamera_BaseCamera: getCameraInfo
02-02 01:21:42.142  1426  1628 V EmulatedCamera_Camera: getCameraInfo
02-02 01:21:42.142  1426  1628 V EmulatedCamera_BaseCamera: getCameraInfo
02-02 01:22:28.098  1439  1439 I qemu-props: start adbd ...
02-02 01:22:55.659  1666  1680 I chatty  : uid=1000(system) android.bg expire 12 lines
02-02 01:23:28.099  1439  1439 I qemu-props: start adbd ...
02-02 01:24:00.009  1434  1456 I chatty  : uid=1000(system) android.hardwar expire 10 lines
02-02 01:24:11.669  2504 25125 W VelvetNetworkClient: Cannot connect to server without account
02-02 01:24:28.106  1439  1439 I qemu-props: start adbd ...
02-02 01:24:33.582  2590 14092 I chatty  : uid=10012(com.google.android.gms) lowpool[11] expire 12 lines
02-02 01:25:28.109  1439  1439 I qemu-props: start adbd ...
02-02 01:26:15.781 30638 25160 I SetupWizard: [DeferredSetupNotificationSchedulerService] Deferred notification scheduled at Mon Jan 29 12:25:18 PST 2018
02-02 01:26:28.116  1439  1439 I qemu-props: start adbd ...
02-02 01:27:28.120  1439  1439 I qemu-props: start adbd ...
02-02 01:27:35.663  1666  1680 I chatty  : uid=1000(system) android.bg expire 11 lines
02-02 01:28:28.121  1439  1439 I qemu-props: start adbd ...
02-02 01:29:28.128  1439  1439 I qemu-props: start adbd ...
02-02 01:30:28.129  1439  1439 I qemu-props: start adbd ...
02-02 01:31:28.135  1439  1439 I qemu-props: start adbd ...
02-02 01:31:42.214  1426  1628 V EmulatedCamera_Camera: getCameraInfo
02-02 01:31:42.214  1426  1628 V EmulatedCamera_BaseCamera: getCameraInfo
02-02 01:31:42.215  1426  1628 V EmulatedCamera_Camera: getCameraInfo
02-02 01:31:42.215  1426  1628 V EmulatedCamera_BaseCamera: getCameraInfo
02-02 01:32:28.142  1439  1439 I qemu-props: start adbd ...
02-02 01:33:28.148  1439  1439 I qemu-props: start adbd ...
02-02 01:34:00.008  1434  1456 I chatty  : uid=1000(system) android.hardwar expire 10 lines
02-02 01:34:28.149  1439  1439 I qemu-props: start adbd ...
02-02 01:34:55.669  1666  1680 I chatty  : uid=1000(system) android.bg expire 11 lines
02-02 01:35:28.159  1439  1439 I qemu-props: start adbd ...
02-02 01:36:28.160  1439  1439 I qemu-props: start adbd ...
02-02 01:37:28.168  1439  1439 I qemu-props: start adbd ...
02-02 01:38:28.175  1439  1439 I qemu-props: start adbd ...
02-02 01:38:55.672  1666  1680 I chatty  : uid=1000(system) android.bg expire 16 lines
02-02 01:39:28.176  1439  1439 I qemu-props: start adbd ...
02-02 01:39:05.692  1666  1684 I chatty  : uid=1000(system) batterystats-wo identical 57 lines
02-02 01:39:25.692  1666  1684 E BatteryExternalStatsWorker: modem info is invalid: ModemActivityInfo{ mTimestamp=0 mSleepTimeMs=0 mIdleTimeMs=0 mTxTimeMs[]=[0, 0, 0, 0, 0] mRxTimeMs=0 mEnergyUsed=0}
02-02 01:39:33.183  1666  1680 I UsageStatsService: User[0] Flushing usage stats to disk
02-02 01:39:45.692  1666  1684 E BatteryExternalStatsWorker: modem info is invalid: ModemActivityInfo{ mTimestamp=0 mSleepTimeMs=0 mIdleTimeMs=0 mTxTimeMs[]=[0, 0, 0, 0, 0] mRxTimeMs=0 mEnergyUsed=0}
02-02 01:40:28.182  1439  1439 I qemu-props: start adbd ...
02-02 01:40:56.391  1666  1684 I chatty  : uid=1000(system) batterystats-wo expire 4 lines
02-02 01:40:56.392  1666  1777 I chatty  : uid=1000(system) WifiStateMachin expire 1 line
02-02 01:40:25.692  1666  1684 I chatty  : uid=1000(system) batterystats-wo identical 2 lines
02-02 01:40:45.691  1666  1684 E BatteryExternalStatsWorker: modem info is invalid: ModemActivityInfo{ mTimestamp=0 mSleepTimeMs=0 mIdleTimeMs=0 mTxTimeMs[]=[0, 0, 0, 0, 0] mRxTimeMs=0 mEnergyUsed=0}
02-02 01:40:56.392  1666  1684 E BatteryExternalStatsWorker: no controller energy info supplied for wifi
02-02 01:40:56.393  1666  1684 E KernelCpuSpeedReader: Failed to read cpu-freq: /sys/devices/system/cpu/cpu0/cpufreq/stats/time_in_state (No such file or directory)
02-02 01:40:56.394  1666  1684 E BatteryExternalStatsWorker: modem info is invalid: ModemActivityInfo{ mTimestamp=0 mSleepTimeMs=0 mIdleTimeMs=0 mTxTimeMs[]=[0, 0, 0, 0, 0] mRxTimeMs=0 mEnergyUsed=0}
02-02 01:41:15.800 30638 25362 I SetupWizard: [DeferredSetupNotificationSchedulerService] Deferred notification scheduled at Mon Jan 29 12:25:18 PST 2018
02-02 01:41:15.802  1666  1774 I chatty  : uid=1000(system) NetworkPolicy expire 3 lines
02-02 01:41:05.695  1666  1684 E BatteryExternalStatsWorker: modem info is invalid: ModemActivityInfo{ mTimestamp=0 mSleepTimeMs=0 mIdleTimeMs=0 mTxTimeMs[]=[0, 0, 0, 0, 0] mRxTimeMs=0 mEnergyUsed=0}
02-02 01:41:15.803  1666  1774 D NetworkStats: Resolving plan for NetworkTemplate: matchRule=MOBILE_ALL, subscriberId=310260..., matchSubscriberIds=[310260...]
02-02 01:41:15.806  1666  1774 D NetworkStats: Found active matching subId 1
02-02 01:41:15.811  1666  1774 D NetworkStats: Resolved to plan null
02-02 01:41:25.691  1666  1684 E BatteryExternalStatsWorker: modem info is invalid: ModemActivityInfo{ mTimestamp=0 mSleepTimeMs=0 mIdleTimeMs=0 mTxTimeMs[]=[0, 0, 0, 0, 0] mRxTimeMs=0 mEnergyUsed=0}
02-02 01:41:28.187  1439  1439 I qemu-props: start adbd ...
02-02 01:41:42.221  1426  1628 V EmulatedCamera_Camera: getCameraInfo
02-02 01:41:42.221  1426  1628 V EmulatedCamera_BaseCamera: getCameraInfo
02-02 01:41:42.223  1426  1628 V EmulatedCamera_Camera: getCameraInfo
02-02 01:41:42.223  1426  1628 V EmulatedCamera_BaseCamera: getCameraInfo
02-02 01:42:28.193  1439  1439 I qemu-props: start adbd ...
02-02 01:43:28.200  1439  1439 I qemu-props: start adbd ...
02-02 01:44:00.007  1434  1456 I chatty  : uid=1000(system) android.hardwar expire 10 lines
02-02 01:44:28.206  1439  1439 I qemu-props: start adbd ...
02-02 01:44:33.582  2590 14092 I chatty  : uid=10012(com.google.android.gms) lowpool[11] expire 9 lines
02-02 01:45:28.209  1439  1439 I qemu-props: start adbd ...
02-02 01:46:28.215  1439  1439 I qemu-props: start adbd ...
02-02 01:47:28.217  1439  1439 I qemu-props: start adbd ...
02-02 01:48:28.220  1439  1439 I qemu-props: start adbd ...
02-02 01:48:55.681  1666  1680 I chatty  : uid=1000(system) android.bg expire 20 lines
02-02 01:49:28.225  1439  1439 I qemu-props: start adbd ...
02-02 01:50:28.228  1439  1439 I qemu-props: start adbd ...
02-02 01:50:55.683  1666  1680 I chatty  : uid=1000(system) android.bg expire 10 lines
02-02 01:51:28.229  1439  1439 I qemu-props: start adbd ...
02-02 01:51:42.238  1426  1628 V EmulatedCamera_Camera: getCameraInfo
02-02 01:51:42.238  1426  1628 V EmulatedCamera_BaseCamera: getCameraInfo
02-02 01:51:42.240  1426  1628 V EmulatedCamera_Camera: getCameraInfo
02-02 01:51:42.240  1426  1628 V EmulatedCamera_BaseCamera: getCameraInfo
02-02 01:52:28.237  1439  1439 I qemu-props: start adbd ...
02-02 01:52:55.685  1666  1680 I chatty  : uid=1000(system) android.bg expire 10 lines
02-02 01:53:28.244  1439  1439 I qemu-props: start adbd ...
02-02 01:54:00.005  1434  1456 I chatty  : uid=1000(system) android.hardwar expire 10 lines
02-02 01:54:28.250  1439  1439 I qemu-props: start adbd ...
02-02 01:55:28.257  1439  1439 I qemu-props: start adbd ...
02-02 01:56:28.259  1439  1439 I qemu-props: start adbd ...
02-02 01:57:28.260  1439  1439 I qemu-props: start adbd ...
02-02 01:57:35.688  1666  1680 I chatty  : uid=1000(system) android.bg expire 10 lines
02-02 01:58:28.266  1439  1439 I qemu-props: start adbd ...
02-02 01:59:28.268  1439  1439 I qemu-props: start adbd ...
02-02 01:59:29.936 30638 25609 I SetupWizard: [DeferredSetupNotificationSchedulerService] Deferred notification scheduled at Mon Jan 29 12:25:18 PST 2018
02-02 01:59:29.961  1666  1785 I chatty  : uid=1000(system) notification-sq expire 1 line
02-02 01:59:29.973  2590 25616 I chatty  : uid=10012(com.google.android.gms) expire 1 line
02-02 01:59:33.583  2590 14092 I chatty  : uid=10012(com.google.android.gms) lowpool[11] expire 12 lines
02-02 02:00:28.273  1439  1439 I qemu-props: start adbd ...
02-02 02:00:55.691  1666  1680 I chatty  : uid=1000(system) android.bg expire 18 lines
02-02 02:01:28.279  1439  1439 I qemu-props: start adbd ...
02-02 02:01:42.312  1426  1628 V EmulatedCamera_Camera: getCameraInfo
02-02 02:01:42.312  1426  1628 V EmulatedCamera_BaseCamera: getCameraInfo
02-02 02:01:42.313  1426  1628 V EmulatedCamera_Camera: getCameraInfo
02-02 02:01:42.313  1426  1628 V EmulatedCamera_BaseCamera: getCameraInfo
02-02 02:02:28.285  1439  1439 I qemu-props: start adbd ...
02-02 02:03:28.289  1439  1439 I qemu-props: start adbd ...
02-02 02:04:00.006  1434  1456 I chatty  : uid=1000(system) android.hardwar expire 10 lines
02-02 02:04:28.291  1439  1439 I qemu-props: start adbd ...
02-02 02:05:28.298  1439  1439 I qemu-props: start adbd ...
02-02 02:06:28.306  1439  1439 I qemu-props: start adbd ...
02-02 02:07:28.312  1439  1439 I qemu-props: start adbd ...
02-02 02:08:28.318  1439  1439 I qemu-props: start adbd ...
02-02 02:08:55.698  1666  1680 I chatty  : uid=1000(system) android.bg expire 16 lines
02-02 02:09:28.323  1439  1439 I qemu-props: start adbd ...
02-02 02:10:28.330  1439  1439 I qemu-props: start adbd ...
02-02 02:10:56.394  1666  1684 I chatty  : uid=1000(system) batterystats-wo expire 4 lines
02-02 02:10:56.394  1666  1777 I chatty  : uid=1000(system) WifiStateMachin expire 1 line
02-02 02:10:25.712  1666  1684 I chatty  : uid=1000(system) batterystats-wo identical 87 lines
02-02 02:10:45.711  1666  1684 E BatteryExternalStatsWorker: modem info is invalid: ModemActivityInfo{ mTimestamp=0 mSleepTimeMs=0 mIdleTimeMs=0 mTxTimeMs[]=[0, 0, 0, 0, 0] mRxTimeMs=0 mEnergyUsed=0}
02-02 02:10:56.395  1666  1684 E BatteryExternalStatsWorker: no controller energy info supplied for wifi
02-02 02:10:56.396  1666  1684 E KernelCpuSpeedReader: Failed to read cpu-freq: /sys/devices/system/cpu/cpu0/cpufreq/stats/time_in_state (No such file or directory)
02-02 02:10:56.397  1666  1684 E BatteryExternalStatsWorker: modem info is invalid: ModemActivityInfo{ mTimestamp=0 mSleepTimeMs=0 mIdleTimeMs=0 mTxTimeMs[]=[0, 0, 0, 0, 0] mRxTimeMs=0 mEnergyUsed=0}
02-02 02:11:28.330  1439  1439 I qemu-props: start adbd ...
02-02 02:11:29.954  2504 25777 W VelvetNetworkClient: Cannot connect to server without account
02-02 02:11:29.955 30638 25778 I SetupWizard: [DeferredSetupNotificationSchedulerService] Deferred notification scheduled at Mon Jan 29 12:25:18 PST 2018
02-02 02:11:29.963  1666  1774 I chatty  : uid=1000(system) NetworkPolicy expire 3 lines
02-02 02:11:05.714  1666  1684 I chatty  : uid=1000(system) batterystats-wo identical 1 line
02-02 02:11:25.712  1666  1684 E BatteryExternalStatsWorker: modem info is invalid: ModemActivityInfo{ mTimestamp=0 mSleepTimeMs=0 mIdleTimeMs=0 mTxTimeMs[]=[0, 0, 0, 0, 0] mRxTimeMs=0 mEnergyUsed=0}
02-02 02:11:29.964  1666  1774 D NetworkStats: Resolving plan for NetworkTemplate: matchRule=MOBILE_ALL, subscriberId=310260..., matchSubscriberIds=[310260...]
02-02 02:11:29.965  1666  1774 D NetworkStats: Found active matching subId 1
02-02 02:11:29.967  1666  1774 D NetworkStats: Resolved to plan null
02-02 02:11:42.323  1426  1628 V EmulatedCamera_Camera: getCameraInfo
02-02 02:11:42.323  1426  1628 V EmulatedCamera_BaseCamera: getCameraInfo
02-02 02:11:42.324  1426  1628 V EmulatedCamera_Camera: getCameraInfo
02-02 02:11:42.324  1426  1628 V EmulatedCamera_BaseCamera: getCameraInfo
02-02 02:11:45.712  1666  1684 E BatteryExternalStatsWorker: modem info is invalid: ModemActivityInfo{ mTimestamp=0 mSleepTimeMs=0 mIdleTimeMs=0 mTxTimeMs[]=[0, 0, 0, 0, 0] mRxTimeMs=0 mEnergyUsed=0}
02-02 02:12:28.331  1439  1439 I qemu-props: start adbd ...
02-02 02:13:28.336  1439  1439 I qemu-props: start adbd ...
02-02 02:14:00.015  1434  1456 I chatty  : uid=1000(system) android.hardwar expire 10 lines
02-02 02:14:28.346  1439  1439 I qemu-props: start adbd ...
02-02 02:15:28.350  1439  1439 I qemu-props: start adbd ...
02-02 02:16:06.168  2342 25852 I chatty  : uid=10012 com.google.android.gms.persistent expire 2 lines
02-02 02:16:28.357  1439  1439 I qemu-props: start adbd ...
02-02 02:16:55.705  1666  1680 I chatty  : uid=1000(system) android.bg expire 22 lines
02-02 02:17:28.364  1439  1439 I qemu-props: start adbd ...
02-02 02:17:47.865  1586  1645 D MDnsDS  : MDnsSdListener::Monitor poll timed out
02-02 02:17:47.865  1586  1645 D MDnsDS  : Going to poll with pollCount 1
02-02 02:18:28.370  1439  1439 I qemu-props: start adbd ...
02-02 02:19:28.371  1439  1439 I qemu-props: start adbd ...
02-02 02:19:33.057  1666  2452 I chatty  : uid=1000(system) Binder:1666_A expire 3 lines
02-02 02:19:33.057  2504 25899 W Settings: Setting mobile_data has moved from android.provider.Settings.Secure to android.provider.Settings.Global.
02-02 02:19:33.103  2590 25905 I chatty  : uid=10012(com.google.android.gms) expire 1 line
02-02 02:19:33.584  2590 14092 I chatty  : uid=10012(com.google.android.gms) lowpool[11] expire 11 lines
02-02 02:20:28.378  1439  1439 I qemu-props: start adbd ...
02-02 02:20:33.054  1666  1680 I chatty  : uid=1000(system) android.bg expire 12 lines
02-02 02:21:28.379  1439  1439 I qemu-props: start adbd ...
02-02 02:21:42.331  1426  1628 V EmulatedCamera_Camera: getCameraInfo
02-02 02:21:42.331  1426  1628 V EmulatedCamera_BaseCamera: getCameraInfo
02-02 02:21:42.332  1426  1628 V EmulatedCamera_Camera: getCameraInfo
02-02 02:21:42.332  1426  1628 V EmulatedCamera_BaseCamera: getCameraInfo
02-02 02:22:28.385  1439  1439 I qemu-props: start adbd ...
02-02 02:22:55.710  1666  1680 I chatty  : uid=1000(system) android.bg expire 12 lines
02-02 02:23:28.390  1439  1439 I qemu-props: start adbd ...
02-02 02:23:39.446  2504 25900 W Settings: Setting mobile_data has moved from android.provider.Settings.Secure to android.provider.Settings.Global.
02-02 02:23:39.446  2504 25902 W UriRequestData: URL param or header with a key: "X-Google-Use-Geolocation-For-Country-Code" has an empty value.
02-02 02:23:39.448  2504 25899 W Settings: Setting mobile_data has moved from android.provider.Settings.Secure to android.provider.Settings.Global.
02-02 02:24:00.014  1434  1456 I chatty  : uid=1000(system) android.hardwar expire 10 lines
02-02 02:24:28.390  1439  1439 I qemu-props: start adbd ...
02-02 02:25:28.398  1439  1439 I qemu-props: start adbd ...
02-02 02:26:15.781 30638 26000 I SetupWizard: [DeferredSetupNotificationSchedulerService] Deferred notification scheduled at Mon Jan 29 12:25:18 PST 2018
02-02 02:26:28.402  1439  1439 I qemu-props: start adbd ...
02-02 02:27:28.409  1439  1439 I qemu-props: start adbd ...
02-02 02:27:35.714  1666  1680 I chatty  : uid=1000(system) android.bg expire 12 lines
02-02 02:28:28.416  1439  1439 I qemu-props: start adbd ...
02-02 02:29:28.417  1439  1439 I qemu-props: start adbd ...
02-02 02:30:28.423  1439  1439 I qemu-props: start adbd ...
02-02 02:31:28.428  1439  1439 I qemu-props: start adbd ...
02-02 02:31:42.345  1426  1628 V EmulatedCamera_Camera: getCameraInfo
02-02 02:31:42.345  1426  1628 V EmulatedCamera_BaseCamera: getCameraInfo
02-02 02:31:42.346  1426  1628 V EmulatedCamera_Camera: getCameraInfo
02-02 02:31:42.346  1426  1628 V EmulatedCamera_BaseCamera: getCameraInfo
02-02 02:32:28.437  1439  1439 I qemu-props: start adbd ...
02-02 02:33:28.440  1439  1439 I qemu-props: start adbd ...
02-02 02:34:00.006  1434  1456 I chatty  : uid=1000(system) android.hardwar expire 10 lines
02-02 02:34:28.440  1439  1439 I qemu-props: start adbd ...
02-02 02:34:33.586  2590 14092 I chatty  : uid=10012(com.google.android.gms) lowpool[11] expire 4 lines
02-02 02:35:28.449  1439  1439 I qemu-props: start adbd ...
02-02 02:36:28.455  1439  1439 I qemu-props: start adbd ...
02-02 02:36:35.721  1666  1680 I chatty  : uid=1000(system) android.bg expire 10 lines
02-02 02:37:28.459  1439  1439 I qemu-props: start adbd ...
02-02 02:38:28.469  1439  1439 I qemu-props: start adbd ...
02-02 02:39:00.003  1666  1680 I chatty  : uid=1000(system) android.bg expire 16 lines
02-02 02:39:28.474  1439  1439 I qemu-props: start adbd ...
02-02 02:40:28.480  1439  1439 I qemu-props: start adbd ...
02-02 02:40:56.397  1666  1684 I chatty  : uid=1000(system) batterystats-wo expire 4 lines
02-02 02:40:56.397  1666  1777 I chatty  : uid=1000(system) WifiStateMachin expire 1 line
02-02 02:40:25.752  1666  1684 I chatty  : uid=1000(system) batterystats-wo identical 86 lines
02-02 02:40:45.752  1666  1684 E BatteryExternalStatsWorker: modem info is invalid: ModemActivityInfo{ mTimestamp=0 mSleepTimeMs=0 mIdleTimeMs=0 mTxTimeMs[]=[0, 0, 0, 0, 0] mRxTimeMs=0 mEnergyUsed=0}
02-02 02:40:56.398  1666  1684 E BatteryExternalStatsWorker: no controller energy info supplied for wifi
02-02 02:40:56.399  1666  1684 E KernelCpuSpeedReader: Failed to read cpu-freq: /sys/devices/system/cpu/cpu0/cpufreq/stats/time_in_state (No such file or directory)
02-02 02:40:56.400  1666  1684 E BatteryExternalStatsWorker: modem info is invalid: ModemActivityInfo{ mTimestamp=0 mSleepTimeMs=0 mIdleTimeMs=0 mTxTimeMs[]=[0, 0, 0, 0, 0] mRxTimeMs=0 mEnergyUsed=0}
02-02 02:41:05.760  1666  1684 E BatteryExternalStatsWorker: modem info is invalid: ModemActivityInfo{ mTimestamp=0 mSleepTimeMs=0 mIdleTimeMs=0 mTxTimeMs[]=[0, 0, 0, 0, 0] mRxTimeMs=0 mEnergyUsed=0}
02-02 02:41:15.728  1666  1689 W ProcessCpuTracker: Skipping unknown process pid 26201
02-02 02:41:15.798 30638 26202 I SetupWizard: [DeferredSetupNotificationSchedulerService] Deferred notification scheduled at Mon Jan 29 12:25:18 PST 2018
02-02 02:41:15.800  1666  1774 I chatty  : uid=1000(system) NetworkPolicy expire 3 lines
02-02 02:41:15.802  1666  1774 D NetworkStats: Resolving plan for NetworkTemplate: matchRule=MOBILE_ALL, subscriberId=310260..., matchSubscriberIds=[310260...]
02-02 02:41:15.803  1666  1774 D NetworkStats: Found active matching subId 1
02-02 02:41:15.806  1666  1774 D NetworkStats: Resolved to plan null
02-02 02:41:25.752  1666  1684 E BatteryExternalStatsWorker: modem info is invalid: ModemActivityInfo{ mTimestamp=0 mSleepTimeMs=0 mIdleTimeMs=0 mTxTimeMs[]=[0, 0, 0, 0, 0] mRxTimeMs=0 mEnergyUsed=0}
02-02 02:41:28.487  1439  1439 I qemu-props: start adbd ...
02-02 02:41:42.419  1426  1628 V EmulatedCamera_Camera: getCameraInfo
02-02 02:41:42.419  1426  1628 V EmulatedCamera_BaseCamera: getCameraInfo
02-02 02:41:42.419  1426  1628 V EmulatedCamera_Camera: getCameraInfo
02-02 02:41:42.420  1426  1628 V EmulatedCamera_BaseCamera: getCameraInfo
02-02 02:42:28.488  1439  1439 I qemu-props: start adbd ...
02-02 02:43:28.495  1439  1439 I qemu-props: start adbd ...
02-02 02:44:00.005  1434  1456 I chatty  : uid=1000(system) android.hardwar expire 10 lines
02-02 02:44:06.221  1582  4684 I DrmHal  : makeDrmFactories: factory instance default is Remote
02-02 02:44:06.223  1582  4684 I DrmHal  : makeDrmFactories: factory instance widevine is Remote
02-02 02:44:06.223  1430 14828 D WVCdm   : Instantiating CDM.
02-02 02:44:06.224  1430 14828 I WVCdm   : CdmEngine::QueryStatus
02-02 02:44:06.224  1430 26251 I WVCdm   : Level3 Library 4464 May 19 2017 16:59:48
02-02 02:44:06.225  1430 14828 I WVCdm   : L3 Initialized. Trying L1.
02-02 02:44:06.225  1430 14828 W WVCdm   : Could not load liboemcrypto.so. Falling back to L3.  dlopen failed: library "liboemcrypto.so" not found
02-02 02:44:06.225  1430 14828 I WVCdm   : CdmEngine::OpenSession
02-02 02:44:06.225  1430 26252 I WVCdm   : Level3 Library 4464 May 19 2017 16:59:48
02-02 02:44:06.226  1430 14828 I WVCdm   : L3 Initialized. Trying L1.
02-02 02:44:06.226  1430 14828 W WVCdm   : Could not load liboemcrypto.so. Falling back to L3.  dlopen failed: library "liboemcrypto.so" not found
02-02 02:44:06.226  1430 14828 D WVCdm   : CryptoSession::Open: Lock: requested_security_level: Default
02-02 02:44:06.227 25015 25032 I chatty  : uid=10012(com.google.android.gms) Profile Saver expire 2 lines
02-02 02:44:06.228  1430 14828 I WVCdm   : CdmEngine::QueryOemCryptoSessionId
02-02 02:44:06.228  1430 14828 I WVCdm   : CdmEngine::GenerateKeyRequest
02-02 02:44:06.229  1430 14828 D WVCdm   : PrepareKeyRequest: nonce=1382066695
02-02 02:44:06.279  1584 28638 D MediaAnalyticsService: MediaAnalyticsService::newSummarizerSet
02-02 02:44:06.279  1584 28638 D MediaAnalyticsService: Deleting oldest record set....
02-02 02:44:06.955 25015 25030 I chatty  : uid=10012(com.google.android.gms) Binder:25015_4 expire 19 lines
02-02 02:44:07.291  2342  2771 I chatty  : uid=10012(com.google.android.gms) highpool[1] expire 7 lines
02-02 02:44:28.501  1439  1439 I qemu-props: start adbd ...
02-02 02:44:33.585  2590 14092 I chatty  : uid=10012(com.google.android.gms) lowpool[11] expire 12 lines
02-02 02:45:28.508  1439  1439 I qemu-props: start adbd ...
02-02 02:46:28.514  1439  1439 I qemu-props: start adbd ...
02-02 02:47:15.732  1666  1680 I chatty  : uid=1000(system) android.bg expire 11 lines
02-02 02:47:28.520  1439  1439 I qemu-props: start adbd ...
02-02 02:48:28.526  1439  1439 I qemu-props: start adbd ...
02-02 02:49:28.531  1439  1439 I qemu-props: start adbd ...
02-02 02:50:05.774  1666  1680 I chatty  : uid=1000(system) android.bg expire 11 lines
02-02 02:50:28.538  1439  1439 I qemu-props: start adbd ...
02-02 02:51:28.544  1439  1439 I qemu-props: start adbd ...
02-02 02:51:35.734  1666  1680 I chatty  : uid=1000(system) android.bg expire 10 lines
02-02 02:51:42.432  1426  1628 V EmulatedCamera_Camera: getCameraInfo
02-02 02:51:42.432  1426  1628 V EmulatedCamera_BaseCamera: getCameraInfo
02-02 02:51:42.433  1426  1628 V EmulatedCamera_Camera: getCameraInfo
02-02 02:51:42.433  1426  1628 V EmulatedCamera_BaseCamera: getCameraInfo
02-02 02:52:28.550  1439  1439 I qemu-props: start adbd ...
02-02 02:53:28.554  1439  1439 I qemu-props: start adbd ...
02-02 02:54:00.005  1434  1456 I chatty  : uid=1000(system) android.hardwar expire 10 lines
02-02 02:54:15.736  1666  1680 I chatty  : uid=1000(system) android.bg expire 10 lines
02-02 02:54:28.559  1439  1439 I qemu-props: start adbd ...
02-02 02:55:28.565  1439  1439 I qemu-props: start adbd ...
02-02 02:56:28.569  1439  1439 I qemu-props: start adbd ...
02-02 02:57:28.574  1439  1439 I qemu-props: start adbd ...
02-02 02:58:28.580  1439  1439 I qemu-props: start adbd ...
02-02 02:59:25.128  1666  1680 I chatty  : uid=1000(system) android.bg expire 10 lines
02-02 02:59:25.135 30638 26455 I SetupWizard: [DeferredSetupNotificationSchedulerService] Deferred notification scheduled at Mon Jan 29 12:25:18 PST 2018
02-02 02:59:25.137  2504 26456 W VelvetNetworkClient: Cannot connect to server without account
02-02 02:59:25.223  2590 26471 I chatty  : uid=10012(com.google.android.gms) expire 1 line
02-02 02:59:28.582  1439  1439 I qemu-props: start adbd ...
02-02 03:00:28.589  1439  1439 I qemu-props: start adbd ...
02-02 03:01:25.133  1666  1680 I chatty  : uid=1000(system) android.bg expire 16 lines
02-02 03:01:28.595  1439  1439 I qemu-props: start adbd ...
02-02 03:01:42.446  1426  1628 V EmulatedCamera_Camera: getCameraInfo
02-02 03:01:42.446  1426  1628 V EmulatedCamera_BaseCamera: getCameraInfo
02-02 03:01:42.447  1426  1628 V EmulatedCamera_Camera: getCameraInfo
02-02 03:01:42.447  1426  1628 V EmulatedCamera_BaseCamera: getCameraInfo
02-02 03:02:28.600  1439  1439 I qemu-props: start adbd ...
02-02 03:03:28.602  1439  1439 I qemu-props: start adbd ...
02-02 03:04:00.005  1434  1456 I chatty  : uid=1000(system) android.hardwar expire 10 lines
02-02 03:03:45.759  1666  1684 I chatty  : uid=1000(system) batterystats-wo identical 67 lines
02-02 03:04:05.752  1666  1684 E BatteryExternalStatsWorker: modem info is invalid: ModemActivityInfo{ mTimestamp=0 mSleepTimeMs=0 mIdleTimeMs=0 mTxTimeMs[]=[0, 0, 0, 0, 0] mRxTimeMs=0 mEnergyUsed=0}
02-02 03:04:06.318  1666  1680 I UsageStatsService: User[0] Flushing usage stats to disk
02-02 03:04:25.751  1666  1684 E BatteryExternalStatsWorker: modem info is invalid: ModemActivityInfo{ mTimestamp=0 mSleepTimeMs=0 mIdleTimeMs=0 mTxTimeMs[]=[0, 0, 0, 0, 0] mRxTimeMs=0 mEnergyUsed=0}
02-02 03:04:28.602  1439  1439 I qemu-props: start adbd ...
02-02 03:04:33.586  2590 14092 I chatty  : uid=10012(com.google.android.gms) lowpool[11] expire 12 lines
02-02 03:05:28.608  1439  1439 I qemu-props: start adbd ...
02-02 03:06:28.609  1439  1439 I qemu-props: start adbd ...
02-02 03:07:25.151  1666  1680 I chatty  : uid=1000(system) android.bg expire 20 lines
02-02 03:07:28.617  1439  1439 I qemu-props: start adbd ...
02-02 03:08:28.619  1439  1439 I qemu-props: start adbd ...
02-02 03:09:28.625  1439  1439 I qemu-props: start adbd ...
02-02 03:10:28.629  1439  1439 I qemu-props: start adbd ...
02-02 03:10:56.401  1666  1684 I chatty  : uid=1000(system) batterystats-wo expire 4 lines
02-02 03:10:56.401  1666  1777 I chatty  : uid=1000(system) WifiStateMachin expire 1 line
02-02 03:10:25.751  1666  1684 I chatty  : uid=1000(system) batterystats-wo identical 18 lines
02-02 03:10:45.752  1666  1684 E BatteryExternalStatsWorker: modem info is invalid: ModemActivityInfo{ mTimestamp=0 mSleepTimeMs=0 mIdleTimeMs=0 mTxTimeMs[]=[0, 0, 0, 0, 0] mRxTimeMs=0 mEnergyUsed=0}
02-02 03:10:56.402  1666  1684 E BatteryExternalStatsWorker: no controller energy info supplied for wifi
02-02 03:10:56.404  1666  1684 E KernelCpuSpeedReader: Failed to read cpu-freq: /sys/devices/system/cpu/cpu0/cpufreq/stats/time_in_state (No such file or directory)
02-02 03:10:56.404  1666  1684 E BatteryExternalStatsWorker: modem info is invalid: ModemActivityInfo{ mTimestamp=0 mSleepTimeMs=0 mIdleTimeMs=0 mTxTimeMs[]=[0, 0, 0, 0, 0] mRxTimeMs=0 mEnergyUsed=0}
02-02 03:11:05.752  1666  1684 E BatteryExternalStatsWorker: modem info is invalid: ModemActivityInfo{ mTimestamp=0 mSleepTimeMs=0 mIdleTimeMs=0 mTxTimeMs[]=[0, 0, 0, 0, 0] mRxTimeMs=0 mEnergyUsed=0}
02-02 03:11:14.594  1666  1666 I EntropyMixer: Writing entropy...
02-02 03:11:25.771  1666  1684 E BatteryExternalStatsWorker: modem info is invalid: ModemActivityInfo{ mTimestamp=0 mSleepTimeMs=0 mIdleTimeMs=0 mTxTimeMs[]=[0, 0, 0, 0, 0] mRxTimeMs=0 mEnergyUsed=0}
02-02 03:11:28.637  1439  1439 I qemu-props: start adbd ...
02-02 03:11:42.464  1426  1628 V EmulatedCamera_Camera: getCameraInfo
02-02 03:11:42.464  1426  1628 V EmulatedCamera_BaseCamera: getCameraInfo
02-02 03:11:42.465  1426  1628 V EmulatedCamera_Camera: getCameraInfo
02-02 03:11:42.465  1426  1628 V EmulatedCamera_BaseCamera: getCameraInfo
02-02 03:12:06.669  2342  2361 I chatty  : uid=10012(com.google.android.gms) Binder:2342_2 expire 1 line
02-02 03:12:25.160 18850 18850 I BugleRcs: updating RCS availability
02-02 03:12:25.160 18850 18850 I CarrierServices: [2] a.connect: Binding to local JibeService
02-02 03:12:25.161 30638 26650 I SetupWizard: [DeferredSetupNotificationSchedulerService] Deferred notification scheduled at Mon Jan 29 12:25:18 PST 2018
02-02 03:12:25.163 18850 18850 I CarrierServices: [2] a.connect: Binding to local JibeService
02-02 03:12:25.165  1666  1774 I chatty  : uid=1000(system) NetworkPolicy expire 9 lines
02-02 03:11:45.771  1666  1684 I chatty  : uid=1000(system) batterystats-wo identical 1 line
02-02 03:12:05.771  1666  1684 E BatteryExternalStatsWorker: modem info is invalid: ModemActivityInfo{ mTimestamp=0 mSleepTimeMs=0 mIdleTimeMs=0 mTxTimeMs[]=[0, 0, 0, 0, 0] mRxTimeMs=0 mEnergyUsed=0}
02-02 03:12:25.167  1666  1774 D NetworkStats: Resolving plan for NetworkTemplate: matchRule=MOBILE_ALL, subscriberId=310260..., matchSubscriberIds=[310260...]
02-02 03:12:25.168  1666  1774 D NetworkStats: Found active matching subId 1
02-02 03:12:25.173  1666  1774 D NetworkStats: Resolved to plan null
02-02 03:12:25.177 18850 26651 V BugleRcs: RcsAvailability updated but unchanged: RCS is disabled for this carrier by Google
02-02 03:12:25.205  1666  1774 D NetworkStats: Resolving plan for NetworkTemplate: matchRule=MOBILE_ALL, subscriberId=310260..., matchSubscriberIds=[310260...]
02-02 03:12:25.205  1666  1774 D NetworkStats: Found active matching subId 1
02-02 03:12:25.207 18850 18880 E Bugle   : RcsUtils. Error getting default configuration value for fallback setting
02-02 03:12:25.207 18850 18880 E Bugle   : com.google.android.rcs.client.e: Jibe SDK Service not available. Is the Jibe SDK service running? Did you call connect() and wait for the notification before calling an API function?
02-02 03:12:25.207 18850 18880 E Bugle   : 	at com.google.android.rcs.client.a.c(SourceFile:76)
02-02 03:12:25.207 18850 18880 E Bugle   : 	at com.google.android.rcs.client.profile.RcsProfileService.getRcsConfig(SourceFile:67)
02-02 03:12:25.207 18850 18880 E Bugle   : 	at com.google.android.apps.messaging.shared.sms.al.i(SourceFile:772)
02-02 03:12:25.207 18850 18880 E Bugle   : 	at com.google.android.apps.messaging.shared.analytics.RecurringTelemetryUploaderAction.doBackgroundWork(SourceFile:208)
02-02 03:12:25.207 18850 18880 E Bugle   : 	at com.google.android.apps.messaging.shared.datamodel.action.ActionExecutorImpl$BackgroundWorkerRunnable.run(SourceFile:12)
02-02 03:12:25.207 18850 18880 E Bugle   : 	at android.os.Handler.handleCallback(Handler.java:790)
02-02 03:12:25.207 18850 18880 E Bugle   : 	at android.os.Handler.dispatchMessage(Handler.java:99)
02-02 03:12:25.207 18850 18880 E Bugle   : 	at android.os.Looper.loop(Looper.java:164)
02-02 03:12:25.207 18850 18880 E Bugle   : 	at com.google.android.apps.messaging.shared.datamodel.action.c.run(SourceFile:10)
02-02 03:12:25.207  1666  1774 D NetworkStats: Resolved to plan null
02-02 03:12:25.215  1666  1774 D NetworkStats: Resolving plan for NetworkTemplate: matchRule=MOBILE_ALL, subscriberId=310260..., matchSubscriberIds=[310260...]
02-02 03:12:25.216  1666  1774 D NetworkStats: Found active matching subId 1
02-02 03:12:25.217  1666  1774 D NetworkStats: Resolved to plan null
02-02 03:12:25.773  1666  1684 E BatteryExternalStatsWorker: modem info is invalid: ModemActivityInfo{ mTimestamp=0 mSleepTimeMs=0 mIdleTimeMs=0 mTxTimeMs[]=[0, 0, 0, 0, 0] mRxTimeMs=0 mEnergyUsed=0}
02-02 03:12:28.639  1439  1439 I qemu-props: start adbd ...
02-02 03:13:28.645  1439  1439 I qemu-props: start adbd ...
02-02 03:14:00.005  1434  1456 I chatty  : uid=1000(system) android.hardwar expire 10 lines
02-02 03:14:28.649  1439  1439 I qemu-props: start adbd ...
02-02 03:14:45.770  1666  1680 I chatty  : uid=1000(system) android.bg expire 10 lines
02-02 03:15:28.657  1439  1439 I qemu-props: start adbd ...
02-02 03:16:28.666  1439  1439 I qemu-props: start adbd ...
02-02 03:17:28.670  1439  1439 I qemu-props: start adbd ...
02-02 03:18:28.672  1439  1439 I qemu-props: start adbd ...
02-02 03:19:28.678  1439  1439 I qemu-props: start adbd ...
02-02 03:19:33.153  2590 26752 I chatty  : uid=10012(com.google.android.gms) expire 1 line
02-02 03:19:33.160  2342 26751 I chatty  : uid=10012 com.google.android.gms.persistent expire 2 lines
02-02 03:20:05.771  1666  1680 I chatty  : uid=1000(system) android.bg expire 10 lines
02-02 03:20:28.679  1439  1439 I qemu-props: start adbd ...
02-02 03:21:28.688  1439  1439 I qemu-props: start adbd ...
02-02 03:21:33.083  1666  1680 I chatty  : uid=1000(system) android.bg expire 10 lines
02-02 03:21:42.520  1426  1628 V EmulatedCamera_Camera: getCameraInfo
02-02 03:21:42.520  1426  1628 V EmulatedCamera_BaseCamera: getCameraInfo
02-02 03:21:42.521  1426  1628 V EmulatedCamera_Camera: getCameraInfo
02-02 03:21:42.521  1426  1628 V EmulatedCamera_BaseCamera: getCameraInfo
02-02 03:22:28.689  1439  1439 I qemu-props: start adbd ...
02-02 03:23:28.695  1439  1439 I qemu-props: start adbd ...
02-02 03:23:33.085  1666  1680 I chatty  : uid=1000(system) android.bg expire 12 lines
02-02 03:24:00.020  1434  1456 I chatty  : uid=1000(system) android.hardwar expire 10 lines
02-02 03:24:28.702  1439  1439 I qemu-props: start adbd ...
02-02 03:24:33.587  2590 14092 I chatty  : uid=10012(com.google.android.gms) lowpool[11] expire 11 lines
02-02 03:25:28.703  1439  1439 I qemu-props: start adbd ...
02-02 03:26:15.782 30638 26846 I SetupWizard: [DeferredSetupNotificationSchedulerService] Deferred notification scheduled at Mon Jan 29 12:25:18 PST 2018
02-02 03:26:28.709  1439  1439 I qemu-props: start adbd ...
02-02 03:27:28.716  1439  1439 I qemu-props: start adbd ...
02-02 03:28:28.720  1439  1439 I qemu-props: start adbd ...
02-02 03:29:28.726  1439  1439 I qemu-props: start adbd ...
02-02 03:29:35.766  1666  1680 I chatty  : uid=1000(system) android.bg expire 10 lines
02-02 03:30:28.730  1439  1439 I qemu-props: start adbd ...
02-02 03:31:28.737  1439  1439 I qemu-props: start adbd ...
02-02 03:31:42.590  1426  1628 V EmulatedCamera_Camera: getCameraInfo
02-02 03:31:42.590  1426  1628 V EmulatedCamera_BaseCamera: getCameraInfo
02-02 03:31:42.591  1426  1628 V EmulatedCamera_Camera: getCameraInfo
02-02 03:31:42.591  1426  1628 V EmulatedCamera_BaseCamera: getCameraInfo
02-02 03:32:28.739  1439  1439 I qemu-props: start adbd ...
02-02 03:33:28.740  1439  1439 I qemu-props: start adbd ...
02-02 03:34:00.010  1434  1456 I chatty  : uid=1000(system) android.hardwar expire 10 lines
02-02 03:34:28.747  1439  1439 I qemu-props: start adbd ...
02-02 03:35:28.749  1439  1439 I qemu-props: start adbd ...
02-02 03:35:35.771  1666  1680 I chatty  : uid=1000(system) android.bg expire 10 lines
02-02 03:36:28.760  1439  1439 I qemu-props: start adbd ...
02-02 03:37:28.767  1439  1439 I qemu-props: start adbd ...
02-02 03:37:35.773  1666  1680 I chatty  : uid=1000(system) android.bg expire 14 lines
02-02 03:38:28.769  1439  1439 I qemu-props: start adbd ...
02-02 03:39:28.775  1439  1439 I qemu-props: start adbd ...
02-02 03:39:33.589  2590 14092 I chatty  : uid=10012(com.google.android.gms) lowpool[11] expire 10 lines
02-02 03:40:28.777  1439  1439 I qemu-props: start adbd ...
02-02 03:40:56.405  1666  1684 I chatty  : uid=1000(system) batterystats-wo expire 4 lines
02-02 03:40:56.405  1666  1777 I chatty  : uid=1000(system) WifiStateMachin expire 1 line
02-02 03:40:25.791  1666  1684 I chatty  : uid=1000(system) batterystats-wo identical 84 lines
02-02 03:40:45.792  1666  1684 E BatteryExternalStatsWorker: modem info is invalid: ModemActivityInfo{ mTimestamp=0 mSleepTimeMs=0 mIdleTimeMs=0 mTxTimeMs[]=[0, 0, 0, 0, 0] mRxTimeMs=0 mEnergyUsed=0}
02-02 03:40:56.405  1666  1684 E BatteryExternalStatsWorker: no controller energy info supplied for wifi
02-02 03:40:56.408  1666  1684 E KernelCpuSpeedReader: Failed to read cpu-freq: /sys/devices/system/cpu/cpu0/cpufreq/stats/time_in_state (No such file or directory)
02-02 03:40:56.409  1666  1684 E BatteryExternalStatsWorker: modem info is invalid: ModemActivityInfo{ mTimestamp=0 mSleepTimeMs=0 mIdleTimeMs=0 mTxTimeMs[]=[0, 0, 0, 0, 0] mRxTimeMs=0 mEnergyUsed=0}
02-02 03:41:28.783  1439  1439 I qemu-props: start adbd ...
02-02 03:41:42.599  1426  1628 V EmulatedCamera_Camera: getCameraInfo
02-02 03:41:42.599  1426  1628 V EmulatedCamera_BaseCamera: getCameraInfo
02-02 03:41:42.600  1426  1628 V EmulatedCamera_Camera: getCameraInfo
02-02 03:41:42.600  1426  1628 V EmulatedCamera_BaseCamera: getCameraInfo
02-02 03:42:28.783  1439  1439 I qemu-props: start adbd ...
02-02 03:43:05.791  1666  1684 I chatty  : uid=1000(system) batterystats-wo identical 7 lines
02-02 03:43:25.795  1666  1684 E BatteryExternalStatsWorker: modem info is invalid: ModemActivityInfo{ mTimestamp=0 mSleepTimeMs=0 mIdleTimeMs=0 mTxTimeMs[]=[0, 0, 0, 0, 0] mRxTimeMs=0 mEnergyUsed=0}
02-02 03:43:25.796  1666  1680 I ProcessStatsService: Pruning old procstats: /data/system/procstats/state-2018-02-01-00-36-00.bin
02-02 03:43:28.790  1439  1439 I qemu-props: start adbd ...
02-02 03:43:35.778  1666  1680 I chatty  : uid=1000(system) android.bg expire 12 lines
02-02 03:43:45.792  1666  1684 E BatteryExternalStatsWorker: modem info is invalid: ModemActivityInfo{ mTimestamp=0 mSleepTimeMs=0 mIdleTimeMs=0 mTxTimeMs[]=[0, 0, 0, 0, 0] mRxTimeMs=0 mEnergyUsed=0}
02-02 03:44:00.006  1434  1456 I chatty  : uid=1000(system) android.hardwar expire 10 lines
02-02 03:44:28.799  1439  1439 I qemu-props: start adbd ...
02-02 03:45:28.800  1439  1439 I qemu-props: start adbd ...
02-02 03:46:28.808  1439  1439 I qemu-props: start adbd ...
02-02 03:47:28.814  1439  1439 I qemu-props: start adbd ...
02-02 03:48:28.817  1439  1439 I qemu-props: start adbd ...
02-02 03:49:28.819  1439  1439 I qemu-props: start adbd ...
02-02 03:50:05.790  1666  1680 I chatty  : uid=1000(system) android.bg expire 10 lines
02-02 03:50:28.825  1439  1439 I qemu-props: start adbd ...
02-02 03:51:28.829  1439  1439 I qemu-props: start adbd ...
02-02 03:51:35.784  1666  1680 I chatty  : uid=1000(system) android.bg expire 10 lines
02-02 03:51:42.615  1426  1628 V EmulatedCamera_Camera: getCameraInfo
02-02 03:51:42.615  1426  1628 V EmulatedCamera_BaseCamera: getCameraInfo
02-02 03:51:42.616  1426  1628 V EmulatedCamera_Camera: getCameraInfo
02-02 03:51:42.616  1426  1628 V EmulatedCamera_BaseCamera: getCameraInfo
02-02 03:52:21.004  2504 27196 W VelvetNetworkClient: Cannot connect to server without account
02-02 03:52:21.006 30638 27198 I SetupWizard: [DeferredSetupNotificationSchedulerService] Deferred notification scheduled at Mon Jan 29 12:25:18 PST 2018
02-02 03:52:21.013  1666  1774 I chatty  : uid=1000(system) NetworkPolicy expire 3 lines
02-02 03:51:45.791  1666  1684 I chatty  : uid=1000(system) batterystats-wo identical 24 lines
02-02 03:52:05.791  1666  1684 E BatteryExternalStatsWorker: modem info is invalid: ModemActivityInfo{ mTimestamp=0 mSleepTimeMs=0 mIdleTimeMs=0 mTxTimeMs[]=[0, 0, 0, 0, 0] mRxTimeMs=0 mEnergyUsed=0}
02-02 03:52:21.015  1666  1774 D NetworkStats: Resolving plan for NetworkTemplate: matchRule=MOBILE_ALL, subscriberId=310260..., matchSubscriberIds=[310260...]
02-02 03:52:21.016  1666  1774 D NetworkStats: Found active matching subId 1
02-02 03:52:21.018  1666  1774 D NetworkStats: Resolved to plan null
02-02 03:52:25.792  1666  1684 E BatteryExternalStatsWorker: modem info is invalid: ModemActivityInfo{ mTimestamp=0 mSleepTimeMs=0 mIdleTimeMs=0 mTxTimeMs[]=[0, 0, 0, 0, 0] mRxTimeMs=0 mEnergyUsed=0}
02-02 03:52:28.835  1439  1439 I qemu-props: start adbd ...
02-02 03:52:55.786  1666  1680 I chatty  : uid=1000(system) android.bg expire 10 lines
02-02 03:53:28.840  1439  1439 I qemu-props: start adbd ...
02-02 03:54:00.005  1434  1456 I chatty  : uid=1000(system) android.hardwar expire 10 lines
02-02 03:54:28.850  1439  1439 I qemu-props: start adbd ...
02-02 03:55:28.856  1439  1439 I qemu-props: start adbd ...
02-02 03:56:21.021 30638 27262 I SetupWizard: [DeferredSetupNotificationSchedulerService] Deferred notification scheduled at Mon Jan 29 12:25:18 PST 2018
02-02 03:56:28.861  1439  1439 I qemu-props: start adbd ...
02-02 03:56:55.789  1666  1680 I chatty  : uid=1000(system) android.bg expire 10 lines
02-02 03:57:28.862  1439  1439 I qemu-props: start adbd ...
02-02 03:58:28.869  1439  1439 I qemu-props: start adbd ...
02-02 03:59:28.874  1439  1439 I qemu-props: start adbd ...
02-02 03:59:33.588  2590 14092 I chatty  : uid=10012(com.google.android.gms) lowpool[11] expire 6 lines
02-02 04:00:28.879  1439  1439 I qemu-props: start adbd ...
02-02 04:01:28.886  1439  1439 I qemu-props: start adbd ...
02-02 04:01:42.632  1426  1628 V EmulatedCamera_Camera: getCameraInfo
02-02 04:01:42.632  1426  1628 V EmulatedCamera_BaseCamera: getCameraInfo
02-02 04:01:42.633  1426  1628 V EmulatedCamera_Camera: getCameraInfo
02-02 04:01:42.633  1426  1628 V EmulatedCamera_BaseCamera: getCameraInfo
02-02 04:02:28.888  1439  1439 I qemu-props: start adbd ...
02-02 04:03:28.889  1439  1439 I qemu-props: start adbd ...
02-02 04:03:55.794  1666  1680 I chatty  : uid=1000(system) android.bg expire 14 lines
02-02 04:04:00.005  1434  1456 I chatty  : uid=1000(system) android.hardwar expire 10 lines
02-02 04:04:28.892  1439  1439 I qemu-props: start adbd ...
02-02 04:05:28.898  1439  1439 I qemu-props: start adbd ...
02-02 04:06:28.903  1439  1439 I qemu-props: start adbd ...
02-02 04:07:28.909  1439  1439 I qemu-props: start adbd ...
02-02 04:07:55.798  1666  1680 I chatty  : uid=1000(system) android.bg expire 10 lines
02-02 04:08:06.820  1582  1582 I DrmHal  : makeDrmFactories: factory instance default is Remote
02-02 04:08:06.820  1582  1582 I DrmHal  : makeDrmFactories: factory instance widevine is Remote
02-02 04:08:06.821  1430 14828 D WVCdm   : Instantiating CDM.
02-02 04:08:06.821  1430 14828 I WVCdm   : CdmEngine::QueryStatus
02-02 04:08:06.822  1430 27425 I WVCdm   : Level3 Library 4464 May 19 2017 16:59:48
02-02 04:08:06.823  1430 14828 I WVCdm   : L3 Initialized. Trying L1.
02-02 04:08:06.823  1430 14828 W WVCdm   : Could not load liboemcrypto.so. Falling back to L3.  dlopen failed: library "liboemcrypto.so" not found
02-02 04:08:06.823  1430 14828 I WVCdm   : CdmEngine::OpenSession
02-02 04:08:06.825  1430 27426 I WVCdm   : Level3 Library 4464 May 19 2017 16:59:48
02-02 04:08:06.826  1430 14828 I WVCdm   : L3 Initialized. Trying L1.
02-02 04:08:06.826  1430 14828 W WVCdm   : Could not load liboemcrypto.so. Falling back to L3.  dlopen failed: library "liboemcrypto.so" not found
02-02 04:08:06.826  1430 14828 D WVCdm   : CryptoSession::Open: Lock: requested_security_level: Default
02-02 04:08:06.828  1430 14828 I WVCdm   : CdmEngine::QueryOemCryptoSessionId
02-02 04:08:06.828  1430 14828 I WVCdm   : CdmEngine::GenerateKeyRequest
02-02 04:08:06.828  1430 14828 D WVCdm   : PrepareKeyRequest: nonce=3555387439
02-02 04:08:06.841  2590 27428 I chatty  : uid=10012(com.google.android.gms) expire 1 line
02-02 04:08:06.905  1584 28638 D MediaAnalyticsService: MediaAnalyticsService::newSummarizerSet
02-02 04:08:06.905  1584 28638 D MediaAnalyticsService: Deleting oldest record set....
02-02 04:08:07.495 25015 25065 I chatty  : uid=10012(com.google.android.gms) Binder:25015_6 expire 20 lines
02-02 04:08:07.904  2342  2776 I chatty  : uid=10012(com.google.android.gms) highpool[3] expire 7 lines
02-02 04:08:28.916  1439  1439 I qemu-props: start adbd ...
02-02 04:09:28.920  1439  1439 I qemu-props: start adbd ...
02-02 04:09:33.588  2590 14092 I chatty  : uid=10012(com.google.android.gms) lowpool[11] expire 9 lines
02-02 04:09:55.800  1666  1680 I chatty  : uid=1000(system) android.bg expire 10 lines
02-02 04:10:28.921  1439  1439 I qemu-props: start adbd ...
02-02 04:10:56.408  1666  1684 I chatty  : uid=1000(system) batterystats-wo expire 4 lines
02-02 04:10:56.408  1666  1777 I chatty  : uid=1000(system) WifiStateMachin expire 1 line
02-02 04:10:25.811  1666  1684 I chatty  : uid=1000(system) batterystats-wo identical 54 lines
02-02 04:10:45.813  1666  1684 E BatteryExternalStatsWorker: modem info is invalid: ModemActivityInfo{ mTimestamp=0 mSleepTimeMs=0 mIdleTimeMs=0 mTxTimeMs[]=[0, 0, 0, 0, 0] mRxTimeMs=0 mEnergyUsed=0}
02-02 04:10:56.409  1666  1684 E BatteryExternalStatsWorker: no controller energy info supplied for wifi
02-02 04:10:56.410  1666  1684 E KernelCpuSpeedReader: Failed to read cpu-freq: /sys/devices/system/cpu/cpu0/cpufreq/stats/time_in_state (No such file or directory)
02-02 04:10:56.411  1666  1684 E BatteryExternalStatsWorker: modem info is invalid: ModemActivityInfo{ mTimestamp=0 mSleepTimeMs=0 mIdleTimeMs=0 mTxTimeMs[]=[0, 0, 0, 0, 0] mRxTimeMs=0 mEnergyUsed=0}
02-02 04:11:28.924  1439  1439 I qemu-props: start adbd ...
02-02 04:11:42.647  1426  1628 V EmulatedCamera_Camera: getCameraInfo
02-02 04:11:42.647  1426  1628 V EmulatedCamera_BaseCamera: getCameraInfo
02-02 04:11:42.648  1426  1628 V EmulatedCamera_Camera: getCameraInfo
02-02 04:11:42.648  1426  1628 V EmulatedCamera_BaseCamera: getCameraInfo
02-02 04:12:28.925  1439  1439 I qemu-props: start adbd ...
02-02 04:13:28.929  1439  1439 I qemu-props: start adbd ...
02-02 04:13:55.803  1666  1680 I chatty  : uid=1000(system) android.bg expire 10 lines
02-02 04:14:00.004  1434  1456 I chatty  : uid=1000(system) android.hardwar expire 10 lines
02-02 04:14:28.930  1439  1439 I qemu-props: start adbd ...
02-02 04:15:28.938  1439  1439 I qemu-props: start adbd ...
02-02 04:16:28.940  1439  1439 I qemu-props: start adbd ...
02-02 04:17:28.940  1439  1439 I qemu-props: start adbd ...
02-02 04:18:28.947  1439  1439 I qemu-props: start adbd ...
02-02 04:19:28.953  1439  1439 I qemu-props: start adbd ...
02-02 04:19:33.110 30638 27587 I SetupWizard: [DeferredSetupNotificationSchedulerService] Deferred notification scheduled at Mon Jan 29 12:25:18 PST 2018
02-02 04:19:33.112  1666  1774 I chatty  : uid=1000(system) NetworkPolicy expire 3 lines
02-02 04:19:05.832  1666  1684 I chatty  : uid=1000(system) batterystats-wo identical 25 lines
02-02 04:19:25.832  1666  1684 E BatteryExternalStatsWorker: modem info is invalid: ModemActivityInfo{ mTimestamp=0 mSleepTimeMs=0 mIdleTimeMs=0 mTxTimeMs[]=[0, 0, 0, 0, 0] mRxTimeMs=0 mEnergyUsed=0}
02-02 04:19:33.116  1666  1774 D NetworkStats: Resolving plan for NetworkTemplate: matchRule=MOBILE_ALL, subscriberId=310260..., matchSubscriberIds=[310260...]
02-02 04:19:33.117  1666  1774 D NetworkStats: Found active matching subId 1
02-02 04:19:33.119  1666  1774 D NetworkStats: Resolved to plan null
02-02 04:19:33.125  1666  2473 I chatty  : uid=1000(system) Binder:1666_D expire 1 line
02-02 04:19:33.125  2504 27589 W Settings: Setting mobile_data has moved from android.provider.Settings.Secure to android.provider.Settings.Global.
02-02 04:19:33.125  2504 27586 W UriRequestData: URL param or header with a key: "X-Google-Use-Geolocation-For-Country-Code" has an empty value.
02-02 04:19:33.132  1666  2452 I chatty  : uid=1000(system) Binder:1666_A expire 1 line
02-02 04:19:33.132  2504 27593 W Settings: Setting mobile_data has moved from android.provider.Settings.Secure to android.provider.Settings.Global.
02-02 04:19:33.214  2342 27604 I chatty  : uid=10012 com.google.android.gms.persistent expire 2 lines
02-02 04:20:05.831  1666  1680 I chatty  : uid=1000(system) android.bg expire 12 lines
02-02 04:20:05.832  1666  1684 E BatteryExternalStatsWorker: modem info is invalid: ModemActivityInfo{ mTimestamp=0 mSleepTimeMs=0 mIdleTimeMs=0 mTxTimeMs[]=[0, 0, 0, 0, 0] mRxTimeMs=0 mEnergyUsed=0}
02-02 04:20:28.953  1439  1439 I qemu-props: start adbd ...
02-02 04:21:28.954  1439  1439 I qemu-props: start adbd ...
02-02 04:21:35.810  1666  1680 I chatty  : uid=1000(system) android.bg expire 10 lines
02-02 04:21:42.665  1426  1628 V EmulatedCamera_Camera: getCameraInfo
02-02 04:21:42.665  1426  1628 V EmulatedCamera_BaseCamera: getCameraInfo
02-02 04:21:42.666  1426  1628 V EmulatedCamera_Camera: getCameraInfo
02-02 04:21:42.667  1426  1628 V EmulatedCamera_BaseCamera: getCameraInfo
02-02 04:22:28.959  1439  1439 I qemu-props: start adbd ...
02-02 04:23:28.965  1439  1439 I qemu-props: start adbd ...
02-02 04:24:00.002  1666  1680 I chatty  : uid=1000(system) android.bg expire 12 lines
02-02 04:24:00.005  1434  1456 I chatty  : uid=1000(system) android.hardwar expire 10 lines
02-02 04:24:28.968  1439  1439 I qemu-props: start adbd ...
02-02 04:24:33.589  2590 14092 I chatty  : uid=10012(com.google.android.gms) lowpool[11] expire 12 lines
02-02 04:25:28.969  1439  1439 I qemu-props: start adbd ...
02-02 04:26:15.781 30638 27691 I SetupWizard: [DeferredSetupNotificationSchedulerService] Deferred notification scheduled at Mon Jan 29 12:25:18 PST 2018
02-02 04:26:28.980  1439  1439 I qemu-props: start adbd ...
02-02 04:26:45.831  1666  1684 I chatty  : uid=1000(system) batterystats-wo identical 20 lines
02-02 04:27:05.833  1666  1684 E BatteryExternalStatsWorker: modem info is invalid: ModemActivityInfo{ mTimestamp=0 mSleepTimeMs=0 mIdleTimeMs=0 mTxTimeMs[]=[0, 0, 0, 0, 0] mRxTimeMs=0 mEnergyUsed=0}
02-02 04:27:21.965  1666  1666 V BackupManagerService: Scheduling immediate backup pass
