02-08 11:24:13.397  1683  2468 W zygote  : Long monitor contention with owner PackageManager (1716) at void com.android.server.pm.PackageManagerService.updateSettingsInternalLI(android.content.pm.PackageParser$Package, java.lang.String, int[], int[], com.android.server.pm.PackageManagerService$PackageInstalledInfo, android.os.UserHandle, int)(PackageManagerService.java:18282) waiters=0 in int com.android.server.pm.PackageManagerService.checkPermission(java.lang.String, java.lang.String, int) for 111ms
02-08 11:24:13.436  2628  3084 I chatty  : uid=10013(com.google.android.gms) expire 1 line
02-08 11:24:13.446  1683  2467 W zygote  : Long monitor contention with owner PackageManager (1716) at void com.android.server.pm.PackageManagerService.updateSettingsInternalLI(android.content.pm.PackageParser$Package, java.lang.String, int[], int[], com.android.server.pm.PackageManagerService$PackageInstalledInfo, android.os.UserHandle, int)(PackageManagerService.java:18282) waiters=1 in java.lang.String com.android.server.pm.PackageManagerService.getInstantAppPackageName(int) for 159ms
02-08 11:24:13.447  1683  2469 W zygote  : Long monitor contention with owner PackageManager (1716) at void com.android.server.pm.PackageManagerService.updateSettingsInternalLI(android.content.pm.PackageParser$Package, java.lang.String, int[], int[], com.android.server.pm.PackageManagerService$PackageInstalledInfo, android.os.UserHandle, int)(PackageManagerService.java:18282) waiters=4 in java.lang.String com.android.server.pm.PackageManagerService.getInstantAppPackageName(int) for 126ms
02-08 11:24:13.449  1683  2465 W zygote  : Long monitor contention with owner Binder:1683_D (2468) at void com.android.server.am.BroadcastQueue.processNextBroadcast(boolean)(BroadcastQueue.java:821) waiters=2 in void com.android.server.am.ActivityManagerService.removeContentProvider(android.os.IBinder, boolean) for 162ms
02-08 11:24:13.449  1683  1862 W zygote  : Long monitor contention with owner Binder:1683_D (2468) at void com.android.server.am.BroadcastQueue.processNextBroadcast(boolean)(BroadcastQueue.java:821) waiters=0 in android.content.ComponentName com.android.server.am.ActivityManagerService.startService(android.app.IApplicationThread, android.content.Intent, java.lang.String, boolean, java.lang.String, int) for 163ms
02-08 11:24:13.449  1683  2009 W zygote  : Long monitor contention with owner Binder:1683_D (2468) at void com.android.server.am.BroadcastQueue.processNextBroadcast(boolean)(BroadcastQueue.java:821) waiters=5 in int com.android.server.am.ActivityManagerService.bindService(android.app.IApplicationThread, android.os.IBinder, android.content.Intent, java.lang.String, android.app.IServiceConnection, int, java.lang.String, int) for 159ms
02-08 11:24:13.464  1591  1591 D installd: Applied hard quotas for 10079
02-08 11:24:13.465  1683  1716 D PackageManager: Ephemeral installer not found with new action; try old one
02-08 11:24:13.465  1683  1716 D PackageManager: Clear ephemeral installer activity
02-08 11:24:13.473  3427  3469 I Bugle   : Downloading from https://www.gstatic.com/android/sms/sticker/sticker_sets_list-5.xml to /data/user/0/com.google.android.apps.messaging/files/sticker_sets_list-5.xml
02-08 11:24:13.475  3427  3469 D NetworkSecurityConfig: No Network Security Config specified, using platform default
02-08 11:24:13.479  1683  2012 D PackageManager: Ephemeral installer not found with new action; try old one
02-08 11:24:13.479  1683  2012 D PackageManager: Clear ephemeral installer activity
02-08 11:24:13.480  1683  2012 D PackageManager: Ephemeral installer not found with new action; try old one
02-08 11:24:13.480  1683  2012 D PackageManager: Clear ephemeral installer activity
02-08 11:24:13.480  1683  1694 D PackageManager: Ephemeral installer not found with new action; try old one
02-08 11:24:13.480  1683  1694 D PackageManager: Clear ephemeral installer activity
02-08 11:24:13.486  2351  3526 I chatty  : uid=10013 com.google.android.gms.persistent expire 4 lines
02-08 11:24:13.508  2628  3580 I chatty  : uid=10013(com.google.android.gms) highpool[3] expire 5 lines
02-08 11:24:13.509  1683  1716 V BackupManagerService: restoreAtInstall pkg=com.android.volvocars.sensortestview token=1 restoreSet=0
02-08 11:24:13.509  1683  1716 V BackupManagerService: Finishing install immediately
02-08 11:24:13.517  1683  1814 D ConnectivityService: reportNetworkConnectivity(100, false) by 10013
02-08 11:24:13.517  1683  2288 D NetworkMonitor/NetworkAgentInfo [MOBILE (LTE) - 100]: Forcing reevaluation for UID 10013
02-08 11:24:13.522  1683  2467 D CountryDetector: The first listener is added
02-08 11:24:13.538  3427  3468 I BugleDataModel: SyncMessagesAction: All messages now in sync
02-08 11:24:13.541  1683  3611 D NetworkMonitor/NetworkAgentInfo [MOBILE (LTE) - 100]: PROBE_DNS www.google.com 19ms OK 172.217.9.228,2607:f8b0:4006:811::2004
02-08 11:24:13.541  1683  3612 D NetworkMonitor/NetworkAgentInfo [MOBILE (LTE) - 100]: PROBE_DNS connectivitycheck.gstatic.com 19ms OK 172.217.10.99,2607:f8b0:4006:811::2003
02-08 11:24:13.606  1683  2465 E memtrack: Couldn't load memtrack module
02-08 11:24:13.606  1683  2465 W android.os.Debug: failed to get memory consumption info: -1
02-08 11:24:13.607  1591  1591 E         : Couldn't opendir /data/app/vmdl2060598419.tmp: No such file or directory
02-08 11:24:13.607  1591  1591 E installd: Failed to delete /data/app/vmdl2060598419.tmp: No such file or directory
02-08 11:24:13.609  1683  3612 D NetworkMonitor/NetworkAgentInfo [MOBILE (LTE) - 100]: PROBE_HTTP http://connectivitycheck.gstatic.com/generate_204 time=68ms ret=204 request={User-Agent=[Mozilla/5.0 (X11; Linux x86_64) AppleWebKit/537.36 (KHTML, like Gecko) Chrome/60.0.3112.32 Safari/537.36]} headers={null=[HTTP/1.1 204 No Content], Content-Length=[0], Date=[Thu, 08 Feb 2018 19:24:25 GMT], X-Android-Received-Millis=[1518117853609], X-Android-Response-Source=[NETWORK 204], X-Android-Selected-Protocol=[http/1.1], X-Android-Sent-Millis=[1518117853541]}
02-08 11:24:13.609  1683  3611 D NetworkMonitor/NetworkAgentInfo [MOBILE (LTE) - 100]: PROBE_HTTPS https://www.google.com/generate_204 time=68ms ret=204 request={User-Agent=[Mozilla/5.0 (X11; Linux x86_64) AppleWebKit/537.36 (KHTML, like Gecko) Chrome/60.0.3112.32 Safari/537.36]} headers={null=[HTTP/1.1 204 No Content], Alt-Svc=[hq=":443"; ma=2592000; quic=51303431; quic=51303339; quic=51303338; quic=51303337; quic=51303335,quic=":443"; ma=2592000; v="41,39,38,37,35"], Content-Length=[0], Date=[Thu, 08 Feb 2018 19:24:25 GMT], X-Android-Received-Millis=[1518117853609], X-Android-Response-Source=[NETWORK 204], X-Android-Selected-Protocol=[http/1.1], X-Android-Sent-Millis=[1518117853541]}
02-08 11:24:13.610  1683  1814 D ConnectivityService: NetworkAgentInfo [MOBILE (LTE) - 100] validation passed
02-08 11:24:13.615  3618  3618 W zygote  : Unexpected CPU variant for X86 using defaults: x86
02-08 11:24:13.616  2669  2669 I Pm      : Package com.android.volvocars.sensortestview installed in 6509 ms
02-08 11:24:13.617  1683  2468 I ActivityManager: Start proc 3618:com.google.android.apps.wallpaper/u0a31 for broadcast com.google.android.apps.wallpaper/.module.GoogleAlarmInitializer
02-08 11:24:13.617  1683  2425 D PackageInstaller: Ignoring abandon after commit relinquished control
02-08 11:24:13.620  2669  2669 I app_process: System.exit called, status: 0
02-08 11:24:13.620  2669  2669 I AndroidRuntime: VM exiting with result code 0.
02-08 11:24:13.649  3618  3618 I zygote  : The ClassLoaderContext is a special shared library.
02-08 11:24:13.673  2493  2600 E QsbUiManager: Unable to register for configuration changes, UI changes will be reset
02-08 11:24:13.678  1683  1797 I InputReader: Reconfiguring input devices.  changes=0x00000010
02-08 11:24:13.679  2493  2600 E ActivityThread: Failed to find provider info for com.google.android.googlequicksearchbox.GsaPublicContentProvider
02-08 11:24:13.679  2493  2600 D QsbUiManager: Unable to get content provider client, skipping
02-08 11:24:13.687  1683  1797 I InputReader: Reconfiguring input devices.  changes=0x00000010
02-08 11:24:13.707  1683  1797 I InputReader: Reconfiguring input devices.  changes=0x00000010
02-08 11:24:13.719  1683  1797 I InputReader: Reconfiguring input devices.  changes=0x00000010
02-08 11:24:13.745  1683  1797 I InputReader: Reconfiguring input devices.  changes=0x00000010
02-08 11:24:13.761  1683  1797 I InputReader: Reconfiguring input devices.  changes=0x00000010
02-08 11:24:13.762  1975  1975 D CarrierSvcBindHelper: No carrier app for: 0
02-08 11:24:13.762  1975  1975 D ImsResolver: maybeAddedImsService, packageName: com.google.android.googlequicksearchbox
02-08 11:24:13.791  2270  3310 I Dialer  : SpamDatabaseHelper.bulkInsertNumbersToServerTable - inserted 22608 numbers into the server spam list.
02-08 11:24:13.820  1975  1975 D CarrierSvcBindHelper: No carrier app for: 0
02-08 11:24:13.832  1683  1797 I InputReader: Reconfiguring input devices.  changes=0x00000010
02-08 11:24:13.837  1683  1797 I chatty  : uid=1000(system) InputReader identical 15 lines
02-08 11:24:13.846  2270  3310 I Dialer  : SpamAsyncTaskUtil.onNext - updated spam list with complete list to blacklist version: 1518063241000
02-08 11:24:13.846  2270  3310 I Dialer  : SpamAsyncTaskUtil.onCompleted - gRPC blocked list fetching completed.
02-08 11:24:13.876  1975  1975 D CarrierSvcBindHelper: No carrier app for: 0
02-08 11:24:13.881  3427  3468 V Bugle   : Executing sticker action: com.google.android.apps.messaging.shared.datamodel.sticker.ProcessPendingStickerSyncAction
02-08 11:24:13.884  1683  2012 I ActivityManager: Force stopping com.android.volvocars.sensortestview appid=10079 user=-1: set debug app
02-08 11:24:13.906  1683  2012 I ActivityManager: START u0 {act=android.intent.action.MAIN cat=[android.intent.category.LAUNCHER] flg=0x10000000 cmp=com.android.volvocars.sensortestview/com.android.jaywaycars.sensortestview.SensorActivity} from uid 2000
02-08 11:24:13.925  1683  1683 I Telecom : DefaultDialerCache: Refreshing default dialer for user 0: now com.google.android.dialer: DDC.oR@AEM
02-08 11:24:13.935  1975  1975 D CarrierSvcBindHelper: No carrier app for: 0
02-08 11:24:13.938  3660  3660 I chatty  : uid=10013(com.google.android.gms) /system/bin/dex2oat expire 7 lines
02-08 11:24:13.939  1683  1775 I chatty  : uid=1000(system) android.anim expire 2 lines
02-08 11:24:13.960  1683  1701 W Looper  : Dispatch took 103ms on android.ui, h=Handler (com.android.server.am.ActivityManagerService$UiHandler) {ec3e15} cb=null msg=53
02-08 11:24:13.962  1683  2009 I ActivityManager: Killing 1994:com.android.settings:CryptKeeper/1000 (adj 906): empty #17
02-08 11:24:13.975  1683  1702 I chatty  : uid=1000(system) ActivityManager expire 47 lines
02-08 11:24:13.978  1683  1693 I chatty  : uid=1000(system) HeapTaskDaemon expire 4 lines
02-08 11:24:13.980  1433  1486 D gralloc_ranchu: gralloc_alloc: Creating ashmem region of size 18436096
02-08 11:24:13.984  1975  1975 D CarrierSvcBindHelper: No carrier app for: 0
02-08 11:24:13.984  1975  1975 D ImsResolver: maybeAddedImsService, packageName: com.google.android.apps.messaging
02-08 11:24:13.987  1683  2012 I ActivityManager: Start proc 3664:com.android.volvocars.sensortestview/u0a79 for activity com.android.volvocars.sensortestview/com.android.jaywaycars.sensortestview.SensorActivity
02-08 11:24:13.988  3664  3664 I chatty  : uid=10079(com.android.volvocars.sensortestview) expire 29 lines
02-08 11:24:14.015  1975  1975 D CarrierSvcBindHelper: No carrier app for: 0
02-08 11:24:14.015  1975  1975 D ImsResolver: maybeAddedImsService, packageName: com.android.camera2
02-08 11:24:14.016  1683  2009 I ActivityManager: Start proc 3680:com.google.android.configupdater/u0a5 for broadcast com.google.android.configupdater/.MainReceiver
02-08 11:24:14.017  3680  3680 W zygote  : Unexpected CPU variant for X86 using defaults: x86
02-08 11:24:14.050  3664  3664 W ActivityThread: Application com.android.volvocars.sensortestview is waiting for the debugger on port 8100...
02-08 11:24:14.053  3427  3468 V Bugle   : Executing sticker action: com.google.android.apps.messaging.shared.datamodel.sticker.LoadStickerSetAction
02-08 11:24:14.055  1683  1683 I Telecom : DefaultDialerCache: Refreshing default dialer for user 0: now com.google.android.dialer: DDC.oR@AEQ
02-08 11:24:14.059  1975  1975 D CarrierSvcBindHelper: No carrier app for: 0
02-08 11:24:14.070  1975  1975 D CarrierSvcBindHelper: No carrier app for: 0
02-08 11:24:14.070  3680  3680 I zygote  : The ClassLoaderContext is a special shared library.
02-08 11:24:14.078  3233  3585 I chatty  : uid=10013 com.google.android.gms.unstable expire 21 lines
02-08 11:24:14.085  1683  2469 I chatty  : uid=1000(system) Binder:1683_E expire 20 lines
02-08 11:24:14.096  1443  1787 E SurfaceFlinger: ro.sf.lcd_density must be defined as a build property
02-08 11:24:14.097  1683  3699 I chatty  : uid=1000(system) RenderThread expire 17 lines
02-08 11:24:14.097  1975  1975 D CarrierSvcBindHelper: No carrier app for: 0
02-08 11:24:14.107  1683  1683 I Telecom : DefaultDialerCache: Refreshing default dialer for user 0: now com.google.android.dialer: DDC.oR@AEU
02-08 11:24:14.125  2628  3587 I chatty  : uid=10013(com.google.android.gms) expire 1 line
02-08 11:24:14.134  1433  1486 D gralloc_ranchu: gralloc_alloc: Creating ashmem region of size 2789376
02-08 11:24:14.138  2561  2819 D EGL_emulation: eglMakeCurrent: 0x87678160: ver 3 1 (tinfo 0x99e40430)
02-08 11:24:14.138  1433  1486 D gralloc_ranchu: gralloc_alloc: Creating ashmem region of size 2789376
02-08 11:24:14.143  1975  1975 D CarrierSvcBindHelper: No carrier app for: 0
02-08 11:24:14.143  1975  1975 D ImsResolver: maybeAddedImsService, packageName: com.google.android.gm
02-08 11:24:14.145  3680  3680 E ConfigUpdater: ignoring update request
02-08 11:24:14.146  1433  1486 D gralloc_ranchu: gralloc_alloc: Creating ashmem region of size 2789376
02-08 11:24:14.146  1683  1683 I Telecom : DefaultDialerCache: Refreshing default dialer for user 0: now com.google.android.dialer: DDC.oR@AEY
02-08 11:24:14.155  2493  2655 D EGL_emulation: eglMakeCurrent: 0x8c338e60: ver 3 1 (tinfo 0x8c33a680)
02-08 11:24:14.157  2351  3701 I chatty  : uid=10013(com.google.android.gms) lowpool[5] expire 12 lines
02-08 11:24:14.189  1975  1975 D CarrierSvcBindHelper: No carrier app for: 0
02-08 11:24:14.189  1975  1975 D ImsResolver: maybeAddedImsService, packageName: com.google.android.setupwizard
02-08 11:24:14.194  1683  1683 I Telecom : DefaultDialerCache: Refreshing default dialer for user 0: now com.google.android.dialer: DDC.oR@AEc
02-08 11:24:14.197  3680  3680 E ConfigUpdater: ignoring update request
02-08 11:24:14.201  1683  1694 D PackageManager: Ephemeral installer not found with new action; try old one
02-08 11:24:14.201  1683  1694 D PackageManager: Clear ephemeral installer activity
02-08 11:24:14.208  1975  1975 D CarrierSvcBindHelper: No carrier app for: 0
02-08 11:24:14.212  3680  3680 E ConfigUpdater: ignoring update request
02-08 11:24:14.215  1975  1975 D ImsResolver: maybeAddedImsService, packageName: com.google.android.gms
02-08 11:24:14.216  1683  2009 D PackageManager: Ephemeral installer not found with new action; try old one
02-08 11:24:14.216  1683  2009 D PackageManager: Clear ephemeral installer activity
02-08 11:24:14.217  1975  1975 D ImsResolver: maybeAddedImsService, packageName: com.google.android.gsf
02-08 11:24:14.218  1975  1975 D ImsResolver: maybeAddedImsService, packageName: com.google.android.partnersetup
02-08 11:24:14.219  1975  1975 D ImsResolver: maybeAddedImsService, packageName: com.google.android.calendar
02-08 11:24:14.221  3680  3680 E ConfigUpdater: ignoring update request
02-08 11:24:14.222  1683  2008 D PackageManager: Ephemeral installer not found with new action; try old one
02-08 11:24:14.222  1683  2008 D PackageManager: Clear ephemeral installer activity
02-08 11:24:14.223  1975  1975 D ImsResolver: maybeAddedImsService, packageName: com.android.settings
02-08 11:24:14.224  1683  1694 D PackageManager: Ephemeral installer not found with new action; try old one
02-08 11:24:14.225  1683  1694 D PackageManager: Clear ephemeral installer activity
02-08 11:24:14.226  3680  3680 E ConfigUpdater: ignoring update request
02-08 11:24:14.226  1975  1975 D ImsResolver: maybeAddedImsService, packageName: com.google.android.inputmethod.latin
02-08 11:24:14.226  1975  1975 D ImsResolver: maybeAddedImsService, packageName: com.android.volvocars.sensortestview
02-08 11:24:14.226  1975  1975 D CarrierConfigLoader: mHandler: 9 phoneId: 0
02-08 11:24:14.231  3680  3680 E ConfigUpdater: ignoring update request
02-08 11:24:14.237  3680  3680 E ConfigUpdater: ignoring update request
02-08 11:24:14.238  1683  1683 I Telecom : DefaultDialerCache: Refreshing default dialer for user 0: now com.google.android.dialer: DDC.oR@AEs
02-08 11:24:14.239  1683  2393 D BackupTransportManager: Binding to transport: com.google.android.gms/.backup.component.D2dTransportService
02-08 11:24:14.240  3680  3680 E ConfigUpdater: ignoring update request
02-08 11:24:14.242  3680  3680 E ConfigUpdater: ignoring update request
02-08 11:24:14.244  2270  2270 I Dialer  : VvmOmtpService - onBoot
02-08 11:24:14.256  2561  2710 E SQLiteLog: (1) no such table: blob_table
02-08 11:24:14.271  1683  1683 I Telecom : DefaultDialerCache: Refreshing default dialer for user 0: now com.google.android.dialer: DDC.oR@AEw
02-08 11:24:14.275  3110  3110 W EasBundling: ExchangeUpgradeReceiver: action=android.intent.action.BOOT_COMPLETED data=null
02-08 11:24:14.275  3110  3110 W EasBundling: ExchangeUpgradeUtils: isExchangeLegacy=false
02-08 11:24:14.286  1683  2467 D PackageManager: Ephemeral installer not found with new action; try old one
02-08 11:24:14.286  1683  2467 D PackageManager: Clear ephemeral installer activity
02-08 11:24:14.286  1683  2467 D PackageManager: Ephemeral installer not found with new action; try old one
02-08 11:24:14.286  1683  2467 D PackageManager: Clear ephemeral installer activity
02-08 11:24:14.288  1683  2465 D PackageManager: Ephemeral installer not found with new action; try old one
02-08 11:24:14.288  1683  2465 D PackageManager: Clear ephemeral installer activity
02-08 11:24:14.288  1683  1683 I Telecom : DefaultDialerCache: Refreshing default dialer for user 0: now com.google.android.dialer: DDC.oR@AE0
02-08 11:24:14.288  2628  3727 I chatty  : uid=10013(com.google.android.gms) Thread-28 expire 2 lines
02-08 11:24:14.289  1683  2469 D PackageManager: Ephemeral installer not found with new action; try old one
02-08 11:24:14.289  1683  2469 D PackageManager: Clear ephemeral installer activity
02-08 11:24:14.293  1683  2465 D PackageManager: Ephemeral installer not found with new action; try old one
02-08 11:24:14.293  1683  2465 D PackageManager: Clear ephemeral installer activity
02-08 11:24:14.295  1683  2469 D PackageManager: Ephemeral installer not found with new action; try old one
02-08 11:24:14.295  1683  2469 D PackageManager: Clear ephemeral installer activity
02-08 11:24:14.296  1683  1716 I ActivityManager: Killing 3110:com.google.android.gm/u0a72 (adj 0): change com.google.android.gm
02-08 11:24:14.296  1683  1716 W ActivityManager: Scheduling restart of crashed service com.google.android.gm/.job.GmailInitialSetupJob$GmailInitialSetupJobService in 1000ms
02-08 11:24:14.296  1683  1716 W ActivityManager: Scheduling restart of crashed service com.google.android.gm/com.android.email.job.UpgradeJob$UpgradeJobService in 11000ms
02-08 11:24:14.296  1683  1716 W ActivityManager: Scheduling restart of crashed service com.google.android.gm/.job.GoogleMailWidgetAndShortcutSwitchJob$GoogleMailWidgetAndShortcutSwitchJobService in 21000ms
02-08 11:24:14.303  1975  1975 D ImsResolver: maybeAddedImsService, packageName: com.google.android.gm
02-08 11:24:14.312  3729  3729 W zygote  : Unexpected CPU variant for X86 using defaults: x86
02-08 11:24:14.313  1683  1700 I ActivityManager: Start proc 3729:com.google.android.gm/u0a72 for broadcast com.google.android.gm/com.android.email.task.notification.TaskReminderReceiver
02-08 11:24:14.314  1443  1474 E SurfaceFlinger: ro.sf.lcd_density must be defined as a build property
02-08 11:24:14.315  1683  2467 D PackageManager: Ephemeral installer not found with new action; try old one
02-08 11:24:14.315  1683  2467 D PackageManager: Clear ephemeral installer activity
02-08 11:24:14.329  1683  2425 D PackageManager: Ephemeral installer not found with new action; try old one
02-08 11:24:14.329  1683  2425 D PackageManager: Clear ephemeral installer activity
02-08 11:24:14.329  1683  2425 D PackageManager: Ephemeral installer not found with new action; try old one
02-08 11:24:14.329  1683  2425 D PackageManager: Clear ephemeral installer activity
02-08 11:24:14.333  1683  1966 I chatty  : uid=1000(system) Binder:1683_4 expire 22 lines
02-08 11:24:14.340  1683  2465 D PackageManager: Ephemeral installer not found with new action; try old one
02-08 11:24:14.340  1683  2465 D PackageManager: Clear ephemeral installer activity
02-08 11:24:14.341  1683  2465 D PackageManager: Ephemeral installer not found with new action; try old one
02-08 11:24:14.341  1683  2465 D PackageManager: Clear ephemeral installer activity
02-08 11:24:14.342  1683  2008 D PackageManager: Ephemeral installer not found with new action; try old one
02-08 11:24:14.342  1683  2008 D PackageManager: Clear ephemeral installer activity
02-08 11:24:14.346  3729  3729 I zygote  : The ClassLoaderContext is a special shared library.
02-08 11:24:14.349  1683  2465 D PackageManager: Ephemeral installer not found with new action; try old one
02-08 11:24:14.349  1683  2465 D PackageManager: Clear ephemeral installer activity
02-08 11:24:14.352  1975  1975 D CarrierSvcBindHelper: No carrier app for: 0
02-08 11:24:14.356  1683  2465 D PackageManager: Ephemeral installer not found with new action; try old one
02-08 11:24:14.356  1683  2465 D PackageManager: Clear ephemeral installer activity
02-08 11:24:14.357  1683  1695 D PackageManager: Ephemeral installer not found with new action; try old one
02-08 11:24:14.357  1683  1695 D PackageManager: Clear ephemeral installer activity
02-08 11:24:14.357  1683  1695 D PackageManager: Ephemeral installer not found with new action; try old one
02-08 11:24:14.357  1683  1695 D PackageManager: Clear ephemeral installer activity
02-08 11:24:14.358  1683  1695 D PackageManager: Ephemeral installer not found with new action; try old one
02-08 11:24:14.358  1683  1695 D PackageManager: Clear ephemeral installer activity
02-08 11:24:14.358  1683  1695 D PackageManager: Ephemeral installer not found with new action; try old one
02-08 11:24:14.358  1683  1695 D PackageManager: Clear ephemeral installer activity
02-08 11:24:14.358  1683  1695 D PackageManager: Ephemeral installer not found with new action; try old one
02-08 11:24:14.358  1683  1695 D PackageManager: Clear ephemeral installer activity
02-08 11:24:14.358  1683  1695 D PackageManager: Ephemeral installer not found with new action; try old one
02-08 11:24:14.358  1683  1695 D PackageManager: Clear ephemeral installer activity
02-08 11:24:14.359  1683  1695 D PackageManager: Ephemeral installer not found with new action; try old one
02-08 11:24:14.359  1683  1695 D PackageManager: Clear ephemeral installer activity
02-08 11:24:14.359  1683  1695 D PackageManager: Ephemeral installer not found with new action; try old one
02-08 11:24:14.359  1683  1695 D PackageManager: Clear ephemeral installer activity
02-08 11:24:14.388  1683  1683 I Telecom : DefaultDialerCache: Refreshing default dialer for user 0: now com.google.android.dialer: DDC.oR@AE4
02-08 11:24:14.395  1683  2465 D PackageManager: Ephemeral installer not found with new action; try old one
02-08 11:24:14.395  1683  2465 D PackageManager: Clear ephemeral installer activity
02-08 11:24:14.396  1683  2465 D PackageManager: Ephemeral installer not found with new action; try old one
02-08 11:24:14.396  1683  2465 D PackageManager: Clear ephemeral installer activity
02-08 11:24:14.396  1683  2465 D PackageManager: Ephemeral installer not found with new action; try old one
02-08 11:24:14.396  1683  2465 D PackageManager: Clear ephemeral installer activity
02-08 11:24:14.399  3729  3729 W EasBundling: in EasBundling.init, isBundlingEnabled=true
02-08 11:24:14.400  1683  2465 D PackageManager: Ephemeral installer not found with new action; try old one
02-08 11:24:14.400  1683  2465 D PackageManager: Clear ephemeral installer activity
02-08 11:24:14.401  1683  2465 D PackageManager: Ephemeral installer not found with new action; try old one
02-08 11:24:14.401  1683  2465 D PackageManager: Clear ephemeral installer activity
02-08 11:24:14.405  1683  2465 D PackageManager: Ephemeral installer not found with new action; try old one
02-08 11:24:14.405  1683  2465 D PackageManager: Clear ephemeral installer activity
02-08 11:24:14.405  1683  2465 D PackageManager: Ephemeral installer not found with new action; try old one
02-08 11:24:14.405  1683  2465 D PackageManager: Clear ephemeral installer activity
02-08 11:24:14.418  3729  3759 D ActivityThread: Loading provider com.google.android.gmail.provider;com.android.mail.notifier;com.google.android.gm.email.provider;com.google.android.gm.tasks.provider;com.google.android.gm.email.notifier: com.android.email.provider.EmailProvider
02-08 11:24:14.419  1683  1966 D PackageManager: Ephemeral installer not found with new action; try old one
02-08 11:24:14.419  1683  1966 D PackageManager: Clear ephemeral installer activity
02-08 11:24:14.419  1683  1966 D PackageManager: Ephemeral installer not found with new action; try old one
02-08 11:24:14.419  1683  1966 D PackageManager: Clear ephemeral installer activity
02-08 11:24:14.419  1683  1966 D PackageManager: Ephemeral installer not found with new action; try old one
02-08 11:24:14.419  1683  1966 D PackageManager: Clear ephemeral installer activity
02-08 11:24:14.420  1683  1966 D PackageManager: Ephemeral installer not found with new action; try old one
02-08 11:24:14.420  1683  1966 D PackageManager: Clear ephemeral installer activity
02-08 11:24:14.435  1683  1683 I Telecom : DefaultDialerCache: Refreshing default dialer for user 0: now com.google.android.dialer: DDC.oR@AE8
02-08 11:24:14.467  1683  1683 I Telecom : DefaultDialerCache: Refreshing default dialer for user 0: now com.google.android.dialer: DDC.oR@AFA
02-08 11:24:14.485  3729  3729 W GAV2    : Thread[main,5,main]: Need to call initialize() and be in fallback mode to start dispatch.
02-08 11:24:14.497  1683  1683 I Telecom : DefaultDialerCache: Refreshing default dialer for user 0: now com.google.android.dialer: DDC.oR@AFE
02-08 11:24:14.514  1683  1683 E JobServiceContext: Error sending onStart message to '.job.GoogleMailWidgetAndShortcutSwitchJob$GoogleMailWidgetAndShortcutSwitchJobService' 
02-08 11:24:14.514  1683  1683 E JobServiceContext: android.os.DeadObjectException
02-08 11:24:14.514  1683  1683 E JobServiceContext: 	at android.os.BinderProxy.transactNative(Native Method)
02-08 11:24:14.514  1683  1683 E JobServiceContext: 	at android.os.BinderProxy.transact(Binder.java:764)
02-08 11:24:14.514  1683  1683 E JobServiceContext: 	at android.app.job.IJobService$Stub$Proxy.startJob(IJobService.java:108)
02-08 11:24:14.514  1683  1683 E JobServiceContext: 	at com.android.server.job.JobServiceContext.handleServiceBoundLocked(JobServiceContext.java:551)
02-08 11:24:14.514  1683  1683 E JobServiceContext: 	at com.android.server.job.JobServiceContext.doServiceBoundLocked(JobServiceContext.java:477)
02-08 11:24:14.514  1683  1683 E JobServiceContext: 	at com.android.server.job.JobServiceContext.onServiceConnected(JobServiceContext.java:398)
02-08 11:24:14.514  1683  1683 E JobServiceContext: 	at android.app.LoadedApk$ServiceDispatcher.doConnected(LoadedApk.java:1652)
02-08 11:24:14.514  1683  1683 E JobServiceContext: 	at android.app.LoadedApk$ServiceDispatcher$RunConnection.run(LoadedApk.java:1681)
02-08 11:24:14.514  1683  1683 E JobServiceContext: 	at android.os.Handler.handleCallback(Handler.java:790)
02-08 11:24:14.514  1683  1683 E JobServiceContext: 	at android.os.Handler.dispatchMessage(Handler.java:99)
02-08 11:24:14.514  1683  1683 E JobServiceContext: 	at android.os.Looper.loop(Looper.java:164)
02-08 11:24:14.514  1683  1683 E JobServiceContext: 	at com.android.server.SystemServer.run(SystemServer.java:416)
02-08 11:24:14.514  1683  1683 E JobServiceContext: 	at com.android.server.SystemServer.main(SystemServer.java:267)
02-08 11:24:14.514  1683  1683 E JobServiceContext: 	at java.lang.reflect.Method.invoke(Native Method)
02-08 11:24:14.514  1683  1683 E JobServiceContext: 	at com.android.internal.os.RuntimeInit$MethodAndArgsCaller.run(RuntimeInit.java:438)
02-08 11:24:14.514  1683  1683 E JobServiceContext: 	at com.android.internal.os.ZygoteInit.main(ZygoteInit.java:787)
02-08 11:24:14.515  1683  1683 E JobServiceContext: Error sending onStart message to '.job.GmailInitialSetupJob$GmailInitialSetupJobService' 
02-08 11:24:14.515  1683  1683 E JobServiceContext: android.os.DeadObjectException
02-08 11:24:14.515  1683  1683 E JobServiceContext: 	at android.os.BinderProxy.transactNative(Native Method)
02-08 11:24:14.515  1683  1683 E JobServiceContext: 	at android.os.BinderProxy.transact(Binder.java:764)
02-08 11:24:14.515  1683  1683 E JobServiceContext: 	at android.app.job.IJobService$Stub$Proxy.startJob(IJobService.java:108)
02-08 11:24:14.515  1683  1683 E JobServiceContext: 	at com.android.server.job.JobServiceContext.handleServiceBoundLocked(JobServiceContext.java:551)
02-08 11:24:14.515  1683  1683 E JobServiceContext: 	at com.android.server.job.JobServiceContext.doServiceBoundLocked(JobServiceContext.java:477)
02-08 11:24:14.515  1683  1683 E JobServiceContext: 	at com.android.server.job.JobServiceContext.onServiceConnected(JobServiceContext.java:398)
02-08 11:24:14.515  1683  1683 E JobServiceContext: 	at android.app.LoadedApk$ServiceDispatcher.doConnected(LoadedApk.java:1652)
02-08 11:24:14.515  1683  1683 E JobServiceContext: 	at android.app.LoadedApk$ServiceDispatcher$RunConnection.run(LoadedApk.java:1681)
02-08 11:24:14.515  1683  1683 E JobServiceContext: 	at android.os.Handler.handleCallback(Handler.java:790)
02-08 11:24:14.515  1683  1683 E JobServiceContext: 	at android.os.Handler.dispatchMessage(Handler.java:99)
02-08 11:24:14.515  1683  1683 E JobServiceContext: 	at android.os.Looper.loop(Looper.java:164)
02-08 11:24:14.515  1683  1683 E JobServiceContext: 	at com.android.server.SystemServer.run(SystemServer.java:416)
02-08 11:24:14.515  1683  1683 E JobServiceContext: 	at com.android.server.SystemServer.main(SystemServer.java:267)
02-08 11:24:14.515  1683  1683 E JobServiceContext: 	at java.lang.reflect.Method.invoke(Native Method)
02-08 11:24:14.515  1683  1683 E JobServiceContext: 	at com.android.internal.os.RuntimeInit$MethodAndArgsCaller.run(RuntimeInit.java:438)
02-08 11:24:14.515  1683  1683 E JobServiceContext: 	at com.android.internal.os.ZygoteInit.main(ZygoteInit.java:787)
02-08 11:24:14.515  1683  1683 E JobServiceContext: Error sending onStart message to 'com.android.email.job.UpgradeJob$UpgradeJobService' 
02-08 11:24:14.515  1683  1683 E JobServiceContext: android.os.DeadObjectException
02-08 11:24:14.515  1683  1683 E JobServiceContext: 	at android.os.BinderProxy.transactNative(Native Method)
02-08 11:24:14.515  1683  1683 E JobServiceContext: 	at android.os.BinderProxy.transact(Binder.java:764)
02-08 11:24:14.515  1683  1683 E JobServiceContext: 	at android.app.job.IJobService$Stub$Proxy.startJob(IJobService.java:108)
02-08 11:24:14.515  1683  1683 E JobServiceContext: 	at com.android.server.job.JobServiceContext.handleServiceBoundLocked(JobServiceContext.java:551)
02-08 11:24:14.515  1683  1683 E JobServiceContext: 	at com.android.server.job.JobServiceContext.doServiceBoundLocked(JobServiceContext.java:477)
02-08 11:24:14.515  1683  1683 E JobServiceContext: 	at com.android.server.job.JobServiceContext.onServiceConnected(JobServiceContext.java:398)
02-08 11:24:14.515  1683  1683 E JobServiceContext: 	at android.app.LoadedApk$ServiceDispatcher.doConnected(LoadedApk.java:1652)
02-08 11:24:14.515  1683  1683 E JobServiceContext: 	at android.app.LoadedApk$ServiceDispatcher$RunConnection.run(LoadedApk.java:1681)
02-08 11:24:14.515  1683  1683 E JobServiceContext: 	at android.os.Handler.handleCallback(Handler.java:790)
02-08 11:24:14.515  1683  1683 E JobServiceContext: 	at android.os.Handler.dispatchMessage(Handler.java:99)
02-08 11:24:14.515  1683  1683 E JobServiceContext: 	at android.os.Looper.loop(Looper.java:164)
02-08 11:24:14.515  1683  1683 E JobServiceContext: 	at com.android.server.SystemServer.run(SystemServer.java:416)
02-08 11:24:14.515  1683  1683 E JobServiceContext: 	at com.android.server.SystemServer.main(SystemServer.java:267)
02-08 11:24:14.515  1683  1683 E JobServiceContext: 	at java.lang.reflect.Method.invoke(Native Method)
02-08 11:24:14.515  1683  1683 E JobServiceContext: 	at com.android.internal.os.RuntimeInit$MethodAndArgsCaller.run(RuntimeInit.java:438)
02-08 11:24:14.515  1683  1683 E JobServiceContext: 	at com.android.internal.os.ZygoteInit.main(ZygoteInit.java:787)
02-08 11:24:14.522  1683  1966 I ActivityManager: Killing 2289:com.android.carrierconfig/u0a3 (adj 906): empty #17
02-08 11:24:14.524  1854  2106 D EGL_emulation: eglMakeCurrent: 0x8b074800: ver 3 1 (tinfo 0x8bb18880)
02-08 11:24:14.534  1854  2106 D EGL_emulation: eglMakeCurrent: 0x8b074800: ver 3 1 (tinfo 0x8bb18880)
02-08 11:24:14.535  1683  2469 W ActivityManager: Unable to start service Intent { cmp=com.google.android.gm.exchange/com.android.exchange.service.EasService } U=0: not found
02-08 11:24:14.542  1854  2106 D EGL_emulation: eglMakeCurrent: 0x8b074800: ver 3 1 (tinfo 0x8bb18880)
02-08 11:24:14.554  1683  1683 I Telecom : DefaultDialerCache: Refreshing default dialer for user 0: now com.google.android.dialer: DDC.oR@AFM
02-08 11:24:14.556  1683  1683 I chatty  : uid=1000 system_server expire 3 lines
02-08 11:24:14.557  1683  1683 D BackupTransportManager: Bound to transport: com.google.android.gms/.backup.component.D2dTransportService
02-08 11:24:14.577  1683  1699 I chatty  : uid=1000(system) android.bg expire 55 lines
02-08 11:24:14.582  1683  3748 I chatty  : uid=1000(system) Binder:1683_12 expire 34 lines
02-08 11:24:14.600  1683  1966 D PackageManager: Ephemeral installer not found with new action; try old one
02-08 11:24:14.600  1683  1966 D PackageManager: Clear ephemeral installer activity
02-08 11:24:14.624  3729  3729 E Gmail   : ExperimentSnapshot: Failed to fetch updated remote config
02-08 11:24:14.626  1683  3748 D PackageManager: Ephemeral installer not found with new action; try old one
02-08 11:24:14.626  1683  3748 D PackageManager: Clear ephemeral installer activity
02-08 11:24:14.628  1683  1966 W ActivityManager: Unable to start service Intent { cmp=com.google.android.gm/com.android.email.service.AttachmentService } U=0: not found
02-08 11:24:14.630  1683  1695 D PackageManager: Ephemeral installer not found with new action; try old one
02-08 11:24:14.630  1683  1695 D PackageManager: Clear ephemeral installer activity
02-08 11:24:14.672  1683  2465 W ActivityManager: Unable to start service Intent { cmp=com.google.android.gm.exchange/com.android.exchange.service.EasService } U=0: not found
02-08 11:24:14.698  1683  1701 W Looper  : Dispatch took 533ms on android.ui, h=Handler (android.view.Choreographer$FrameHandler) {811a9b1} cb=android.view.Choreographer$FrameDisplayEventReceiver@11f5e96 msg=0
02-08 11:24:14.713  1683  2470 D PackageManager: Ephemeral installer not found with new action; try old one
02-08 11:24:14.713  1683  2470 D PackageManager: Clear ephemeral installer activity
02-08 11:24:14.732  1683  3590 W ActivityManager: Unable to start service Intent { cmp=com.google.android.gm.exchange/com.android.exchange.service.EasService } U=0: not found
02-08 11:24:14.759  1683  2465 I ActivityManager: Killing 2331:com.google.android.ext.services/u0a15 (adj 906): empty #17
02-08 11:24:14.786  3560  3565 I zygote  : Do partial code cache collection, code=0B, data=48KB
02-08 11:24:14.786  3560  3565 I zygote  : After code cache collection, code=0B, data=48KB
02-08 11:24:14.786  3560  3565 I zygote  : Increasing code cache capacity to 256KB
02-08 11:24:14.889  2628  2937 I chatty  : uid=10013(com.google.android.gms) expire 3 lines
02-08 11:24:14.891  2561  2561 I UtteranceUpgradeTask: App version upgraded to 300745886: running speaker utterance upgrade tasks.
02-08 11:24:14.897  2561  2561 I SpeakerIdMUpgradeTaskV2: App version upgraded to 300745886: running speaker ID model upgrade tasks v2.
02-08 11:24:14.915  3801  3801 W zygote  : Unexpected CPU variant for X86 using defaults: x86
02-08 11:24:14.937  1683  2009 I ActivityManager: Start proc 3801:com.android.chrome/u0a46 for service com.android.chrome/org.chromium.chrome.browser.customtabs.CustomTabsConnectionService
02-08 11:24:14.939  2561  2561 I SpeakerIdMUpgradeTask: App version upgraded to 300745886: running speaker ID model upgrade tasks.
02-08 11:24:14.941  1683  2009 D PackageManager: Ephemeral installer not found with new action; try old one
02-08 11:24:14.941  1683  2009 D PackageManager: Clear ephemeral installer activity
02-08 11:24:14.960  3824  3824 W zygote  : Unexpected CPU variant for X86 using defaults: x86
02-08 11:24:14.966  3801  3801 I zygote  : The ClassLoaderContext is a special shared library.
02-08 11:24:14.967  1683  2465 I ActivityManager: Start proc 3824:com.google.android.onetimeinitializer/u0a16 for broadcast com.google.android.onetimeinitializer/.OneTimeInitializerReceiver
02-08 11:24:14.976  3664  3671 I chatty  : uid=10079(com.android.volvocars.sensortestview) expire 3 lines
02-08 11:24:14.981  2628  3817 I chatty  : uid=10013(com.google.android.gms) expire 21 lines
02-08 11:24:15.000  2351  3845 I chatty  : uid=10013 com.google.android.gms.persistent expire 1 line
02-08 11:24:15.019  2628  3850 I chatty  : uid=10013(com.google.android.gms) expire 2 lines
02-08 11:24:15.022  3824  3824 I zygote  : The ClassLoaderContext is a special shared library.
02-08 11:24:15.024  1683  3590 I chatty  : uid=1000(system) Binder:1683_10 expire 7 lines
02-08 11:24:15.052  3824  3824 V OneTimeInitializerReceiver: OneTimeInitializerReceiver.onReceive
02-08 11:24:15.056  3824  3839 I zygote  : Debugger is no longer active
02-08 11:24:15.067  3801  3801 W DynamiteModule: Local module descriptor class for com.google.android.gms.googlecertificates not found.
02-08 11:24:15.076  2628  3832 I chatty  : uid=10013(com.google.android.gms) expire 1 line
02-08 11:24:15.077  3824  3852 V OneTimeInitializer: OneTimeInitializer.initialize
02-08 11:24:15.081  3801  3801 W zygote  : Unsupported class loader
02-08 11:24:15.082  3801  3801 W zygote  : Skipping duplicate class check due to unsupported classloader
02-08 11:24:15.090  3177  3191 I zygote  : Waiting for a blocking GC ProfileSaver
02-08 11:24:15.100  3801  3801 I DynamiteModule: Considering local module com.google.android.gms.googlecertificates:0 and remote module com.google.android.gms.googlecertificates:4
02-08 11:24:15.100  3801  3801 I DynamiteModule: Selected remote version of com.google.android.gms.googlecertificates, version >= 4
02-08 11:24:15.103  3824  3852 V OneTimeInitializer: Device Policy is not installed, doing nothing.
02-08 11:24:15.106  3177  3191 I zygote  : WaitForGcToComplete blocked ProfileSaver on HeapTrim for 16.730ms
02-08 11:24:15.134  1683  2470 I ActivityManager: Start proc 3859:com.google.android.packageinstaller/u0a19 for broadcast com.google.android.packageinstaller/com.android.packageinstaller.TemporaryFileManager
02-08 11:24:15.142  1683  2470 I ActivityManager: Killing 2030:com.google.android.setupwizard/u0a26 (adj 906): empty #17
02-08 11:24:15.145  3859  3859 W zygote  : Unexpected CPU variant for X86 using defaults: x86
02-08 11:24:15.190  3801  3801 W zygote  : Unsupported class loader
02-08 11:24:15.191  3801  3801 W zygote  : Skipping duplicate class check due to unsupported classloader
02-08 11:24:15.200  2628  2942 I chatty  : uid=10013(com.google.android.gms) expire 2 lines
02-08 11:24:15.205  3859  3859 I zygote  : The ClassLoaderContext is a special shared library.
02-08 11:24:15.206  1683  2464 V BackupManagerService: selectBackupTransportAsync() called with transport com.google.android.gms/.backup.BackupTransportService
02-08 11:24:15.206  1683  2464 V BackupManagerService: Transport successfully selected: com.google.android.gms/.backup.BackupTransportService
02-08 11:24:15.219  1683  1862 W ActivityManager: Unable to start service Intent { act=com.google.android.gms.nearby.discovery:ACTION_INIT_MESSAGES_PATH cmp=com.google.android.gms/.nearby.discovery.service.DiscoveryService } U=0: not found
02-08 11:24:15.225  2628  3155 I chatty  : uid=10013(com.google.android.gms) highpool[0] expire 8 lines
02-08 11:24:15.252  1683  1862 I ActivityManager: Killing 2577:com.android.keychain/1000 (adj 906): empty #17
02-08 11:24:15.305  3233  3245 I chatty  : uid=10013 com.google.android.gms.unstable expire 1 line
02-08 11:24:15.334  1683  1695 I chatty  : uid=1000(system) Binder:1683_2 expire 18 lines
02-08 11:24:15.350  1683  2469 D PackageManager: Ephemeral installer not found with new action; try old one
02-08 11:24:15.350  1683  2469 D PackageManager: Clear ephemeral installer activity
02-08 11:24:15.352  1683  2469 D PackageManager: Ephemeral installer not found with new action; try old one
02-08 11:24:15.352  1683  2469 D PackageManager: Clear ephemeral installer activity
02-08 11:24:15.367  1683  3697 D PackageManager: Ephemeral installer not found with new action; try old one
02-08 11:24:15.367  1683  3697 D PackageManager: Clear ephemeral installer activity
02-08 11:24:15.422  2628  3074 I chatty  : uid=10013(com.google.android.gms) lowpool[1] expire 20 lines
02-08 11:24:15.457  3233  3239 I chatty  : uid=10013 com.google.android.gms.unstable expire 3 lines
02-08 11:24:15.458  1683  2464 I ActivityManager: Killing 2523:com.android.printspooler/u0a71 (adj 906): empty #17
02-08 11:24:15.598  2628  3829 I chatty  : uid=10013(com.google.android.gms) expire 3 lines
02-08 11:24:15.635  3560  3610 E SQLiteLog: (1) no such table: job_queue_table
02-08 11:24:15.640  3560  3565 I zygote  : Compiler allocated 10MB to compile void igk.b(android.database.sqlite.SQLiteDatabase)
02-08 11:24:15.649  2628  3026 I chatty  : uid=10013(com.google.android.gms) GAC_Executor[1] expire 1 line
02-08 11:24:15.676  1683  3748 I ActivityManager: Killing 2070:com.android.settings/1000 (adj 906): empty #17
02-08 11:24:15.746  1683  2009 D PackageManager: Ephemeral installer not found with new action; try old one
02-08 11:24:15.746  1683  2009 D PackageManager: Clear ephemeral installer activity
02-08 11:24:15.747  1683  2009 D PackageManager: Ephemeral installer not found with new action; try old one
02-08 11:24:15.747  1683  2009 D PackageManager: Clear ephemeral installer activity
02-08 11:24:15.780  1683  1707 W ActivityManager: setHasOverlayUi called on unknown pid: 2070
02-08 11:24:15.812  2628  3884 I chatty  : uid=10013(com.google.android.gms) expire 1 line
02-08 11:24:15.816  2351  2928 I chatty  : uid=10013(com.google.android.gms) FlpThread expire 1 line
02-08 11:24:15.818  1683  2464 I chatty  : uid=1000(system) Binder:1683_9 expire 87 lines
02-08 11:24:15.826  2628  3900 I chatty  : uid=10013(com.google.android.gms) expire 4 lines
02-08 11:24:15.854  1683  1701 W Looper  : Dispatch took 119ms on android.ui, h=Handler (android.view.Choreographer$FrameHandler) {811a9b1} cb=android.view.Choreographer$FrameDisplayEventReceiver@11f5e96 msg=0
02-08 11:24:15.858  1683  1966 I ActivityManager: Start proc 3902:com.google.android.setupwizard/u0a26 for broadcast com.google.android.setupwizard/.deferred.ComponentStateMitigationReceiver
02-08 11:24:15.860  3902  3902 W zygote  : Unexpected CPU variant for X86 using defaults: x86
02-08 11:24:15.884  3902  3902 I zygote  : The ClassLoaderContext is a special shared library.
02-08 11:24:15.957  2351  2798 I chatty  : uid=10013 com.google.android.gms.persistent expire 17 lines
02-08 11:24:15.963  3902  3902 I SetupWizard: [FrpHelper] FrpTask is going to execute.
02-08 11:24:15.970  1683  3748 D PackageManager: Ephemeral installer not found with new action; try old one
02-08 11:24:15.970  1683  3748 D PackageManager: Clear ephemeral installer activity
02-08 11:24:15.972  1683  1695 I ActivityManager: Killing 3251:com.android.camera2/u0a39 (adj 906): empty #17
02-08 11:24:15.981  3928  3928 W zygote  : Unexpected CPU variant for X86 using defaults: x86
02-08 11:24:15.982  2628  3933 I chatty  : uid=10013(com.google.android.gms) expire 2 lines
02-08 11:24:15.988  1683  1966 I ActivityManager: Start proc 3928:com.google.android.talk/u0a58 for broadcast com.google.android.talk/com.google.android.apps.hangouts.service.broadcastreceiver.BootReceiver
02-08 11:24:16.007  3928  3928 I zygote  : The ClassLoaderContext is a special shared library.
02-08 11:24:16.012  3928  3928 I zygote  : The ClassLoaderContext is a special shared library.
02-08 11:24:16.029  3902  3902 W zygote  : Class com.google.android.gms.internal.zzbtf failed lock verification and will run slower.
02-08 11:24:16.029  3902  3902 W zygote  : Common causes for lock verification issues are non-optimized dex code
02-08 11:24:16.029  3902  3902 W zygote  : and incorrect proguard optimizations.
02-08 11:24:16.051  1683  3748 D PackageManager: Ephemeral installer not found with new action; try old one
02-08 11:24:16.051  1683  3748 D PackageManager: Clear ephemeral installer activity
02-08 11:24:16.061  3902  3902 I SetupWizard: [FrpHelper] FRP status: supported=false, challengeRequired=false,  took = 53 to run
02-08 11:24:16.066  3902  3947 W zygote  : Class com.google.android.gms.common.GoogleSignatureVerifier failed lock verification and will run slower.
02-08 11:24:16.085  3902  3902 I SetupWizard: [LoggingHelper] Connected to Google Play Services.
02-08 11:24:16.088  2628  2634 I chatty  : uid=10013(com.google.android.gms) Jit thread pool expire 6 lines
02-08 11:24:16.088  1683  1701 D AutofillUI: destroySaveUiUiThread(): already destroyed
02-08 11:24:16.107  1683  1699 D AutofillManagerServiceImpl: Set component for user 0 as ServiceInfo{8202ed9 com.google.android.gms.autofill.service.AutofillService}
02-08 11:24:16.140  2351  2802 I chatty  : uid=10013 com.google.android.gms.persistent expire 9 lines
02-08 11:24:16.227  1596  2185 E MetadataRetrieverClient: failed to extract an album art
02-08 11:24:16.242  1683  3875 D VoldConnector: SND -> {43 volume mkdirs /storage/1EFB-0916/Android/media/com.google.android.talk/}
02-08 11:24:16.249  1683  1799 D VoldConnector: RCV <- {200 43 Command succeeded}
02-08 11:24:16.259  3928  3928 D Babel_RtcImpressions: Type: 3652
02-08 11:24:16.261  3928  3928 D Babel_Unmerge: merged not enabled.
02-08 11:24:16.270  3928  3928 I Babel_telephony: TeleModule.onApplicationCreate
02-08 11:24:16.277  3928  3978 I Babel_SMS: MmsConfig: mnc/mcc: 310/260
02-08 11:24:16.277  3928  3978 I Babel_SMS: MmsConfig.loadMmsSettings
02-08 11:24:16.277  3928  3978 I Babel_SMS: MmsConfig.loadDeviceMmsSettings from API: userAgent=GoldfishNexus, uaProfUrl=http://gsm.lge.com/html/gsm/Nexus5-M3.xml
02-08 11:24:16.277  3928  3978 I Babel_SMS: MmsConfig.loadFromDatabase
02-08 11:24:16.390  2628  2678 I chatty  : uid=10013(com.google.android.gms) Binder:2628_4 expire 3 lines
02-08 11:24:16.596  3928  3978 D Babel_SmsDepUtil: imp:-1:3602
02-08 11:24:16.596  3928  3978 D Babel   : JSON for throttles is created for account -1
02-08 11:24:16.597  3928  3978 D Babel_RtcImpressions: Type: 3602
02-08 11:24:16.597  3928  3978 D Babel_SmsDep: disabled
02-08 11:24:16.608  3928  3978 E SQLiteLog: (1) no such table: mmsconfig
02-08 11:24:16.608  3928  3978 I Babel_SMS: MmsConfig: no mmsconfig table android.database.sqlite.SQLiteException: no such table: mmsconfig (code 1): , while compiling: SELECT key, value, type FROM mmsconfig WHERE numeric=?
02-08 11:24:16.608  3928  3978 I Babel_SMS: MmsConfig.loadFromResources
02-08 11:24:16.608  3928  3978 E Babel_SMS: canonicalizeMccMnc: invalid mccmnc nullnull
02-08 11:24:16.608  3928  3978 W Babel_SMS: MmsConfig: invalid key=userAgent or type=string
02-08 11:24:16.608  3928  3978 W Babel_SMS: MmsConfig: invalid key=uaProfUrl or type=string
02-08 11:24:16.608  3928  3978 I Babel_SMS: MmsConfig.loadMmsSettings: userAgent=GoldfishNexus, uaProfUrl=http://gsm.lge.com/html/gsm/Nexus5-M3.xml
02-08 11:24:16.616  3928  3928 I Babel_App: Startup - clean
02-08 11:24:16.623  3928  3928 D Babel_SmsDepUtil: imp:-1:3602
02-08 11:24:16.623  3928  3928 D Babel_SmsDep: disabled
02-08 11:24:16.624  3928  3928 D Babel_SmsDepStand: disabled
02-08 11:24:16.636  3928  3928 D Babel_SmsDepUtil: imp:-1:3602
02-08 11:24:16.636  3928  3928 D Babel_SmsDep: disabled
02-08 11:24:16.636  1683  2464 D PackageManager: Ephemeral installer not found with new action; try old one
02-08 11:24:16.636  1683  2464 D PackageManager: Clear ephemeral installer activity
02-08 11:24:16.637  1683  1966 D PackageManager: Ephemeral installer not found with new action; try old one
02-08 11:24:16.637  1683  1966 D PackageManager: Clear ephemeral installer activity
02-08 11:24:16.637  1683  2464 D PackageManager: Ephemeral installer not found with new action; try old one
02-08 11:24:16.637  1683  2464 D PackageManager: Clear ephemeral installer activity
02-08 11:24:16.638  1683  2464 D PackageManager: Ephemeral installer not found with new action; try old one
02-08 11:24:16.638  1683  2464 D PackageManager: Clear ephemeral installer activity
02-08 11:24:16.638  1683  2464 D PackageManager: Ephemeral installer not found with new action; try old one
