02-08 11:24:13.031  1854  1854 W StatusBar: 	at com.google.android.systemui.statusbar.phone.StatusBarGoogle.start(StatusBarGoogle.java:56)
02-08 11:24:13.031  1854  1854 W StatusBar: 	at com.android.systemui.SystemBars.createStatusBarFromConfig(SystemBars.java:71)
02-08 11:24:13.031  1854  1854 W StatusBar: 	at com.android.systemui.SystemBars.start(SystemBars.java:42)
02-08 11:24:13.031  1854  1854 W StatusBar: 	at com.android.systemui.SystemUIApplication.startServicesIfNeeded(SystemUIApplication.java:215)
02-08 11:24:13.031  1854  1854 W StatusBar: 	at com.android.systemui.SystemUIApplication.startServicesIfNeeded(SystemUIApplication.java:164)
02-08 11:24:13.031  1854  1854 W StatusBar: 	at com.android.systemui.SystemUIService.onCreate(SystemUIService.java:33)
02-08 11:24:13.031  1854  1854 W StatusBar: 	at android.app.ActivityThread.handleCreateService(ActivityThread.java:3339)
02-08 11:24:13.031  1854  1854 W StatusBar: 	at android.app.ActivityThread.-wrap4(Unknown Source:0)
02-08 11:24:13.031  1854  1854 W StatusBar: 	at android.app.ActivityThread$H.handleMessage(ActivityThread.java:1677)
02-08 11:24:13.031  1854  1854 W StatusBar: 	at android.os.Handler.dispatchMessage(Handler.java:106)
02-08 11:24:13.031  1854  1854 W StatusBar: 	at android.os.Looper.loop(Looper.java:164)
02-08 11:24:13.031  1854  1854 W StatusBar: 	at android.app.ActivityThread.main(ActivityThread.java:6494)
02-08 11:24:13.031  1854  1854 W StatusBar: 	at java.lang.reflect.Method.invoke(Native Method)
02-08 11:24:13.031  1854  1854 W StatusBar: 	at com.android.internal.os.RuntimeInit$MethodAndArgsCaller.run(RuntimeInit.java:438)
02-08 11:24:13.031  1854  1854 W StatusBar: 	at com.android.internal.os.ZygoteInit.main(ZygoteInit.java:807)
02-08 11:24:13.037  1683  1683 D ConditionProviders.SCP: Scheduling evaluate for Thu Feb 08 22:00:00 PST 2018 (1518156000000), in +10h35m46s980ms, now=Thu Feb 08 11:24:13 PST 2018 (1518117853020)
02-08 11:24:13.039  1683  1820 E ActivityThread: Failed to find provider info for com.android.calendar
02-08 11:24:13.039  1683  1820 E ActivityThread: Failed to find provider info for com.android.calendar
02-08 11:24:02.166  1854  1854 I StatusBar: isKeyguardShowing() called before startKeyguard(), returning true
02-08 11:24:02.167  1854  1854 W StatusBar: isKeyguardSecure() called before startKeyguard(), returning false
02-08 11:24:02.167  1854  1854 W StatusBar: java.lang.Throwable
02-08 11:24:02.167  1854  1854 W StatusBar: 	at com.android.systemui.statusbar.phone.StatusBar.isKeyguardSecure(StatusBar.java:7551)
02-08 11:24:02.167  1854  1854 W StatusBar: 	at com.android.systemui.statusbar.phone.StatusBar.isCameraAllowedByAdmin(StatusBar.java:5436)
02-08 11:24:02.167  1854  1854 W StatusBar: 	at com.android.systemui.statusbar.phone.KeyguardBottomAreaView$DefaultRightButton.getIcon(KeyguardBottomAreaView.java:856)
02-08 11:24:02.167  1854  1854 W StatusBar: 	at com.android.systemui.statusbar.phone.KeyguardBottomAreaView.updateCameraVisibility(KeyguardBottomAreaView.java:382)
02-08 11:24:02.167  1854  1854 W StatusBar: 	at com.android.systemui.statusbar.phone.KeyguardBottomAreaView.setUserSetupComplete(KeyguardBottomAreaView.java:360)
02-08 11:24:02.167  1854  1854 W StatusBar: 	at com.android.systemui.statusbar.phone.NotificationPanelView.setUserSetupComplete(NotificationPanelView.java:2655)
02-08 11:24:02.167  1854  1854 W StatusBar: 	at com.android.systemui.statusbar.phone.StatusBar.makeStatusBarView(StatusBar.java:1162)
02-08 11:24:02.167  1854  1854 W StatusBar: 	at com.android.systemui.statusbar.phone.StatusBar.addStatusBarWindow(StatusBar.java:3664)
02-08 11:24:02.167  1854  1854 W StatusBar: 	at com.android.systemui.statusbar.phone.StatusBar.createAndAddWindows(StatusBar.java:3660)
02-08 11:24:02.167  1854  1854 W StatusBar: 	at com.android.systemui.statusbar.phone.StatusBar.start(StatusBar.java:889)
02-08 11:24:02.167  1854  1854 W StatusBar: 	at com.google.android.systemui.statusbar.phone.StatusBarGoogle.start(StatusBarGoogle.java:56)
02-08 11:24:02.167  1854  1854 W StatusBar: 	at com.android.systemui.SystemBars.createStatusBarFromConfig(SystemBars.java:71)
02-08 11:24:02.167  1854  1854 W StatusBar: 	at com.android.systemui.SystemBars.start(SystemBars.java:42)
02-08 11:24:02.167  1854  1854 W StatusBar: 	at com.android.systemui.SystemUIApplication.startServicesIfNeeded(SystemUIApplication.java:215)
02-08 11:24:02.167  1854  1854 W StatusBar: 	at com.android.systemui.SystemUIApplication.startServicesIfNeeded(SystemUIApplication.java:164)
02-08 11:24:02.167  1854  1854 W StatusBar: 	at com.android.systemui.SystemUIService.onCreate(SystemUIService.java:33)
02-08 11:24:02.167  1854  1854 W StatusBar: 	at android.app.ActivityThread.handleCreateService(ActivityThread.java:3339)
02-08 11:24:02.167  1854  1854 W StatusBar: 	at android.app.ActivityThread.-wrap4(Unknown Source:0)
02-08 11:24:02.167  1854  1854 W StatusBar: 	at android.app.ActivityThread$H.handleMessage(ActivityThread.java:1677)
02-08 11:24:02.167  1854  1854 W StatusBar: 	at android.os.Handler.dispatchMessage(Handler.java:106)
02-08 11:24:02.167  1854  1854 W StatusBar: 	at android.os.Looper.loop(Looper.java:164)
02-08 11:24:02.167  1854  1854 W StatusBar: 	at android.app.ActivityThread.main(ActivityThread.java:6494)
02-08 11:24:02.167  1854  1854 W StatusBar: 	at java.lang.reflect.Method.invoke(Native Method)
02-08 11:24:02.167  1854  1854 W StatusBar: 	at com.android.internal.os.RuntimeInit$MethodAndArgsCaller.run(RuntimeInit.java:438)
02-08 11:24:02.167  1854  1854 W StatusBar: 	at com.android.internal.os.ZygoteInit.main(ZygoteInit.java:807)
02-08 11:24:02.203  1854  1854 I StatusBar: isKeyguardShowing() called before startKeyguard(), returning true
02-08 11:24:02.204  1854  1854 W StatusBar: isKeyguardSecure() called before startKeyguard(), returning false
02-08 11:24:02.204  1854  1854 W StatusBar: java.lang.Throwable
02-08 11:24:02.204  1854  1854 W StatusBar: 	at com.android.systemui.statusbar.phone.StatusBar.isKeyguardSecure(StatusBar.java:7551)
02-08 11:24:02.204  1854  1854 W StatusBar: 	at com.android.systemui.statusbar.phone.StatusBar.isCameraAllowedByAdmin(StatusBar.java:5436)
02-08 11:24:02.204  1854  1854 W StatusBar: 	at com.android.systemui.statusbar.phone.KeyguardBottomAreaView$DefaultRightButton.getIcon(KeyguardBottomAreaView.java:856)
02-08 11:24:02.204  1854  1854 W StatusBar: 	at com.android.systemui.statusbar.phone.KeyguardBottomAreaView.updateCameraVisibility(KeyguardBottomAreaView.java:382)
02-08 11:24:02.204  1854  1854 W StatusBar: 	at com.android.systemui.statusbar.phone.KeyguardBottomAreaView.setUserSetupComplete(KeyguardBottomAreaView.java:360)
02-08 11:24:02.204  1854  1854 W StatusBar: 	at com.android.systemui.statusbar.phone.NotificationPanelView.setUserSetupComplete(NotificationPanelView.java:2655)
02-08 11:24:02.204  1854  1854 W StatusBar: 	at com.android.systemui.statusbar.phone.StatusBar$1.onUserSetupChanged(StatusBar.java:524)
02-08 11:24:02.204  1854  1854 W StatusBar: 	at com.android.systemui.statusbar.policy.DeviceProvisionedControllerImpl.addCallback(DeviceProvisionedControllerImpl.java:69)
02-08 11:24:02.204  1854  1854 W StatusBar: 	at com.android.systemui.statusbar.policy.DeviceProvisionedControllerImpl.addCallback(DeviceProvisionedControllerImpl.java:63)
02-08 11:24:02.204  1854  1854 W StatusBar: 	at com.android.systemui.statusbar.phone.StatusBar.makeStatusBarView(StatusBar.java:1252)
02-08 11:24:02.204  1854  1854 W StatusBar: 	at com.android.systemui.statusbar.phone.StatusBar.addStatusBarWindow(StatusBar.java:3664)
02-08 11:24:02.204  1854  1854 W StatusBar: 	at com.android.systemui.statusbar.phone.StatusBar.createAndAddWindows(StatusBar.java:3660)
02-08 11:24:02.204  1854  1854 W StatusBar: 	at com.android.systemui.statusbar.phone.StatusBar.start(StatusBar.java:889)
02-08 11:24:02.204  1854  1854 W StatusBar: 	at com.google.android.systemui.statusbar.phone.StatusBarGoogle.start(StatusBarGoogle.java:56)
02-08 11:24:02.204  1854  1854 W StatusBar: 	at com.android.systemui.SystemBars.createStatusBarFromConfig(SystemBars.java:71)
02-08 11:24:02.204  1854  1854 W StatusBar: 	at com.android.systemui.SystemBars.start(SystemBars.java:42)
02-08 11:24:02.204  1854  1854 W StatusBar: 	at com.android.systemui.SystemUIApplication.startServicesIfNeeded(SystemUIApplication.java:215)
02-08 11:24:02.204  1854  1854 W StatusBar: 	at com.android.systemui.SystemUIApplication.startServicesIfNeeded(SystemUIApplication.java:164)
02-08 11:24:02.204  1854  1854 W StatusBar: 	at com.android.systemui.SystemUIService.onCreate(SystemUIService.java:33)
02-08 11:24:02.204  1854  1854 W StatusBar: 	at android.app.ActivityThread.handleCreateService(ActivityThread.java:3339)
02-08 11:24:02.204  1854  1854 W StatusBar: 	at android.app.ActivityThread.-wrap4(Unknown Source:0)
02-08 11:24:02.204  1854  1854 W StatusBar: 	at android.app.ActivityThread$H.handleMessage(ActivityThread.java:1677)
02-08 11:24:02.204  1854  1854 W StatusBar: 	at android.os.Handler.dispatchMessage(Handler.java:106)
02-08 11:24:02.204  1854  1854 W StatusBar: 	at android.os.Looper.loop(Looper.java:164)
02-08 11:24:02.204  1854  1854 W StatusBar: 	at android.app.ActivityThread.main(ActivityThread.java:6494)
02-08 11:24:02.204  1854  1854 W StatusBar: 	at java.lang.reflect.Method.invoke(Native Method)
02-08 11:24:02.204  1854  1854 W StatusBar: 	at com.android.internal.os.RuntimeInit$MethodAndArgsCaller.run(RuntimeInit.java:438)
02-08 11:24:02.204  1854  1854 W StatusBar: 	at com.android.internal.os.ZygoteInit.main(ZygoteInit.java:807)
02-08 11:24:02.238  1854  2128 E ActivityThread: Failed to find provider info for com.android.contacts
02-08 11:24:02.243  1854  1854 D SystemUIBootTiming: StartServicesSystemBars took to complete: 689ms
02-08 11:24:02.256  1854  1854 D SystemUIBootTiming: StartServicesStorageNotification took to complete: 13ms
02-08 11:24:02.266  1975  1975 D MccTable: updateMccMncConfiguration mccmnc='310260' fromServiceState=true
02-08 11:24:02.266  1683  2009 E PowerManagerService: Failed to read last_reboot_reason file
02-08 11:24:02.266  1683  2009 E PowerManagerService: java.io.FileNotFoundException: /data/misc/reboot/last_reboot_reason (No such file or directory)
02-08 11:24:02.266  1683  2009 E PowerManagerService: 	at java.io.FileInputStream.open0(Native Method)
02-08 11:24:02.266  1683  2009 E PowerManagerService: 	at java.io.FileInputStream.open(FileInputStream.java:200)
02-08 11:24:02.266  1683  2009 E PowerManagerService: 	at java.io.FileInputStream.<init>(FileInputStream.java:150)
02-08 11:24:02.266  1683  2009 E PowerManagerService: 	at java.io.FileReader.<init>(FileReader.java:72)
02-08 11:24:02.266  1683  2009 E PowerManagerService: 	at com.android.server.power.PowerManagerService.getLastShutdownReasonInternal(PowerManagerService.java:4641)
02-08 11:24:02.266  1683  2009 E PowerManagerService: 	at com.android.server.power.PowerManagerService$BinderService.getLastShutdownReason(PowerManagerService.java:4405)
02-08 11:24:02.266  1683  2009 E PowerManagerService: 	at android.os.IPowerManager$Stub.onTransact(IPowerManager.java:302)
02-08 11:24:02.266  1683  2009 E PowerManagerService: 	at android.os.Binder.execTransact(Binder.java:697)
02-08 11:24:02.267  1854  1854 D SystemUIBootTiming: StartServicesPowerUI took to complete: 11ms
02-08 11:24:02.267  1975  1975 D MccTable: updateMccMncConfiguration defaultMccMnc=
02-08 11:24:02.267  1854  1854 D SystemUIBootTiming: StartServicesRingtonePlayer took to complete: 1ms
02-08 11:24:02.267  1975  1975 D MccTable: updateMccMncConfiguration: mcc=310, mnc=260
02-08 11:24:02.268  1975  1975 D MccTable: WIFI_COUNTRY_CODE set to us
02-08 11:24:02.268  1854  1854 D SystemUIBootTiming: StartServicesKeyboardUI took to complete: 0ms
02-08 11:24:02.268  1683  2009 I WifiService: WifiService trying to set country code to us with persist set to false
02-08 11:24:02.279  1854  1854 D SystemUIBootTiming: StartServicesPipUI took to complete: 11ms
02-08 11:24:02.279  1854  1854 D SystemUIBootTiming: StartServicesShortcutKeyDispatcher took to complete: 1ms
02-08 11:24:02.282  1854  1854 D SystemUIBootTiming: StartServicesVendorServices took to complete: 2ms
02-08 11:24:02.283  1854  1854 D SystemUIBootTiming: StartServicesService took to complete: 0ms
02-08 11:24:02.285  1854  1854 D SystemUIBootTiming: StartServicesLatencyTester took to complete: 2ms
02-08 11:24:02.287  1854  1854 D SystemUIBootTiming: StartServicesGlobalActionsComponent took to complete: 3ms
02-08 11:24:02.288  1854  1854 D SystemUIBootTiming: StartServicesRoundedCorners took to complete: 1ms
02-08 11:24:02.289  1854  1854 D SystemUIBootTiming: StartServices took to complete: 1283ms
02-08 11:24:02.295  1854  2120 E ActivityThread: Failed to find provider info for com.android.contacts
02-08 11:24:02.307  1683  2008 W LocalDisplayAdapter: Unable to find color mode 0, ignoring request.
02-08 11:24:02.318  1683  1775 W LocalDisplayAdapter: Unable to find color mode 0, ignoring request.
02-08 11:24:02.350  1683  1694 I Telecom : PhoneAccountRegistrar: New phone account registered: [[ ] PhoneAccount: ComponentInfo{com.android.phone/com.android.services.telephony.TelephonyConnectionService}, [e0184adedf913b076626646d3f52c3b49c39ad6d], UserHandle{0} Capabilities: CallProvider MultiUser PlaceEmerg SimSub  Audio Routes: BESW Schemes: tel voicemail  Extras: Bundle[mParcelledData.dataSize=124] GroupId: [da39a3ee5e6b4b0d3255bfef95601890afd80709]]: TSI.rPA@AAg
02-08 11:24:02.352  1683  1694 I Telecom : CallsManager: Sending phone-account ComponentInfo{com.android.phone/com.android.services.telephony.TelephonyConnectionService}, [e0184adedf913b076626646d3f52c3b49c39ad6d], UserHandle{0} registered intent as user: TSI.rPA@AAg
02-08 11:24:02.352  1683  1694 I Telecom : CallsManager: Sending phone-account registered intent to default dialer: TSI.rPA@AAg
02-08 11:24:02.353  1975  1975 I TelecomFramework: AccountEntry: Registered phoneAccount: [[ ] PhoneAccount: ComponentInfo{com.android.phone/com.android.services.telephony.TelephonyConnectionService}, [e0184adedf913b076626646d3f52c3b49c39ad6d], UserHandle{0} Capabilities: CallProvider MultiUser PlaceEmerg SimSub  Audio Routes: BESW Schemes: tel voicemail  Extras: Bundle[{android.telecom.extra.SUPPORTS_VIDEO_CALLING_FALLBACK=true}] GroupId: [da39a3ee5e6b4b0d3255bfef95601890afd80709]] with handle: ComponentInfo{com.android.phone/com.android.services.telephony.TelephonyConnectionService}, [e0184adedf913b076626646d3f52c3b49c39ad6d], UserHandle{0}
02-08 11:24:02.353  1975  1975 I TelecomFramework: PstnIncomingCallNotifier: Registering: Handler (com.android.internal.telephony.GsmCdmaPhone) {916153f}
02-08 11:24:02.371  1854  2172 E ActivityThread: Failed to find provider info for com.android.contacts
02-08 11:24:02.379  1854  2128 E ActivityThread: Failed to find provider info for com.android.contacts
02-08 11:24:02.389  1975  1975 I TelecomFramework: PstnPhoneCapabilitiesNotifier: handleVideoCapabilitesChanged. Video capability - false
02-08 11:24:02.393  1683  2008 I Telecom : PhoneAccountRegistrar: Modify account: [ComponentInfo{com.android.phone/com.android.services.telephony.TelephonyConnectionService}, [e0184adedf913b076626646d3f52c3b49c39ad6d], UserHandle{0}]: TSI.rPA@AAs
02-08 11:24:02.414  1683  2008 W LocalDisplayAdapter: Unable to find color mode 0, ignoring request.
02-08 11:24:02.415  1975  1975 D MccTable: updateMccMncConfiguration mccmnc='310260' fromServiceState=false
02-08 11:24:02.416  1975  1975 D MccTable: updateMccMncConfiguration defaultMccMnc=
02-08 11:24:02.416  1975  1975 D MccTable: updateMccMncConfiguration: mcc=310, mnc=260
02-08 11:24:02.416  1975  1975 D MccTable: updateMccMncConfiguration updateConfig config={0.0 310mcc260mnc ?localeList ?layoutDir ?swdp ?wdp ?hdp ?density ?lsize ?long ?ldr ?wideColorGamut ?orien ?uimode ?night ?touch ?keyb/?/? ?nav/?}
02-08 11:24:02.416  1683  2008 I ActivityManager: Config changes=3 {1.0 310mcc260mnc [en_US] ldltr sw900dp w900dp h1200dp 320dpi xlrg port finger qwerty/v/v -nav/h appBounds=Rect(0, 0 - 1800, 2448) s.6}
02-08 11:24:02.416  1683  1699 I UsageStatsService: Time changed in UsageStats by -10 seconds
02-08 11:24:02.416  1683  1699 I UsageStatsService: User[0] Flushing usage stats to disk
02-08 11:24:02.419  1683  2008 I ActivityManager: Override config changes=3 {1.0 310mcc260mnc [en_US] ldltr sw900dp w900dp h1200dp 320dpi xlrg port finger qwerty/v/v -nav/h appBounds=Rect(0, 0 - 1800, 2448) s.6} for displayId=0
02-08 11:24:02.429  1683  1809 D WifiService: New client listening to asynchronous messages
02-08 11:24:02.429  1683  1699 I UsageStatsDatabase: Time changed by -10s893ms. files deleted: 0 files moved: 4
02-08 11:24:02.434  1683  1775 W LocalDisplayAdapter: Unable to find color mode 0, ignoring request.
02-08 11:24:02.438  1683  1699 I UsageStatsService: User[0] Rollover scheduled @ 2018-02-09 19:23:59(1518204239915)
02-08 11:24:02.446  1975  1975 I TelecomFramework: PstnIncomingCallNotifier: Unregistering: Handler (com.android.internal.telephony.GsmCdmaPhone) {916153f}
02-08 11:24:02.449  1683  2008 I Telecom : PhoneAccountRegistrar: Modify account: [ComponentInfo{com.android.phone/com.android.services.telephony.TelephonyConnectionService}, [e0184adedf913b076626646d3f52c3b49c39ad6d], UserHandle{0}(addr: tel:*********** -> tel:)(subAddr: tel:*********** -> tel:)]: TSI.rPA@AAw
02-08 11:24:02.452  1975  1975 I TelecomFramework: AccountEntry: Registered phoneAccount: [[ ] PhoneAccount: ComponentInfo{com.android.phone/com.android.services.telephony.TelephonyConnectionService}, [e0184adedf913b076626646d3f52c3b49c39ad6d], UserHandle{0} Capabilities: CallProvider MultiUser PlaceEmerg SimSub  Audio Routes: BESW Schemes: tel voicemail  Extras: Bundle[{android.telecom.extra.SUPPORTS_VIDEO_CALLING_FALLBACK=true}] GroupId: [da39a3ee5e6b4b0d3255bfef95601890afd80709]] with handle: ComponentInfo{com.android.phone/com.android.services.telephony.TelephonyConnectionService}, [e0184adedf913b076626646d3f52c3b49c39ad6d], UserHandle{0}
02-08 11:24:02.452  1975  1975 I TelecomFramework: PstnIncomingCallNotifier: Registering: Handler (com.android.internal.telephony.GsmCdmaPhone) {916153f}
02-08 11:24:02.454  1975  1975 I TelecomFramework: PstnPhoneCapabilitiesNotifier: handleVideoCapabilitesChanged. Video capability - false
02-08 11:24:02.461  1683  2008 I Telecom : PhoneAccountRegistrar: Modify account: [ComponentInfo{com.android.phone/com.android.services.telephony.TelephonyConnectionService}, [e0184adedf913b076626646d3f52c3b49c39ad6d], UserHandle{0}]: TSI.rPA@AA8
02-08 11:24:02.465  1975  2174 D MccTable: updateMccMncConfiguration mccmnc='310260' fromServiceState=false
02-08 11:24:02.467  1975  2174 D MccTable: updateMccMncConfiguration defaultMccMnc=310260
02-08 11:24:02.467  1975  2174 D MccTable: updateMccMncConfiguration: mcc=310, mnc=260
02-08 11:24:02.467  1975  2174 D MccTable: updateMccMncConfiguration updateConfig config={0.0 310mcc260mnc ?localeList ?layoutDir ?swdp ?wdp ?hdp ?density ?lsize ?long ?ldr ?wideColorGamut ?orien ?uimode ?night ?touch ?keyb/?/? ?nav/?}
02-08 11:24:02.475  1975  1975 I TelecomFramework: PstnIncomingCallNotifier: Unregistering: Handler (com.android.internal.telephony.GsmCdmaPhone) {916153f}
02-08 11:24:02.486  1683  2009 I Telecom : PhoneAccountRegistrar: New phone account registered: [[ ] PhoneAccount: ComponentInfo{com.android.phone/com.android.services.telephony.TelephonyConnectionService}, [e2f7d48dd2b5ca523e7313cf4ba0f6ea830b6281], UserHandle{0} Capabilities: CallProvider MultiUser PlaceEmerg SimSub  Audio Routes: BESW Schemes: tel voicemail  Extras: Bundle[mParcelledData.dataSize=124] GroupId: [da39a3ee5e6b4b0d3255bfef95601890afd80709]]: TSI.rPA@ABA
02-08 11:24:02.488  1683  2009 I Telecom : CallsManager: Sending phone-account ComponentInfo{com.android.phone/com.android.services.telephony.TelephonyConnectionService}, [e2f7d48dd2b5ca523e7313cf4ba0f6ea830b6281], UserHandle{0} registered intent as user: TSI.rPA@ABA
02-08 11:24:02.493  1683  1700 I ActivityManager: Start proc 2236:com.android.cellbroadcastreceiver/u0a7 for broadcast com.android.cellbroadcastreceiver/.CellBroadcastReceiver
02-08 11:24:02.495  1683  2009 I Telecom : CallsManager: Sending phone-account registered intent to default dialer: TSI.rPA@ABA
02-08 11:24:02.498  1975  1975 I TelecomFramework: AccountEntry: Registered phoneAccount: [[ ] PhoneAccount: ComponentInfo{com.android.phone/com.android.services.telephony.TelephonyConnectionService}, [e2f7d48dd2b5ca523e7313cf4ba0f6ea830b6281], UserHandle{0} Capabilities: CallProvider MultiUser PlaceEmerg SimSub  Audio Routes: BESW Schemes: tel voicemail  Extras: Bundle[{android.telecom.extra.SUPPORTS_VIDEO_CALLING_FALLBACK=true}] GroupId: [da39a3ee5e6b4b0d3255bfef95601890afd80709]] with handle: ComponentInfo{com.android.phone/com.android.services.telephony.TelephonyConnectionService}, [e2f7d48dd2b5ca523e7313cf4ba0f6ea830b6281], UserHandle{0}
02-08 11:24:02.498  1975  1975 I TelecomFramework: PstnIncomingCallNotifier: Registering: Handler (com.android.internal.telephony.GsmCdmaPhone) {916153f}
02-08 11:24:02.499  1975  1975 I TelecomFramework: TelecomAccountRegistry: Unregistering phone account ComponentInfo{com.android.phone/com.android.services.telephony.TelephonyConnectionService}, [e0184adedf913b076626646d3f52c3b49c39ad6d], UserHandle{0}.
02-08 11:24:02.501  1683  2009 I Telecom : CallsManager: Sending phone-account ComponentInfo{com.android.phone/com.android.services.telephony.TelephonyConnectionService}, [e0184adedf913b076626646d3f52c3b49c39ad6d], UserHandle{0} unregistered intent as user: TSI.uPA@ABI
02-08 11:24:02.502  1683  2009 I Telecom : CallsManager: Sending phone-account unregistered intent to default dialer: TSI.uPA@ABI
02-08 11:24:02.541  1975  1975 I TelecomFramework: PstnPhoneCapabilitiesNotifier: handleVideoCapabilitesChanged. Video capability - false
02-08 11:24:02.550  1683  2009 I Telecom : PhoneAccountRegistrar: Modify account: [ComponentInfo{com.android.phone/com.android.services.telephony.TelephonyConnectionService}, [e2f7d48dd2b5ca523e7313cf4ba0f6ea830b6281], UserHandle{0}]: TSI.rPA@ABQ
02-08 11:24:02.639  1975  2174 D MccTable: updateMccMncConfiguration mccmnc='310260' fromServiceState=false
02-08 11:24:02.641  1975  1975 I TelecomFramework: PstnIncomingCallNotifier: Unregistering: Handler (com.android.internal.telephony.GsmCdmaPhone) {916153f}
02-08 11:24:02.641  1975  2174 D MccTable: updateMccMncConfiguration defaultMccMnc=310260
02-08 11:24:02.641  1975  2174 D MccTable: updateMccMncConfiguration: mcc=310, mnc=260
02-08 11:24:02.641  1975  2174 D MccTable: updateMccMncConfiguration updateConfig config={0.0 310mcc260mnc ?localeList ?layoutDir ?swdp ?wdp ?hdp ?density ?lsize ?long ?ldr ?wideColorGamut ?orien ?uimode ?night ?touch ?keyb/?/? ?nav/?}
02-08 11:24:02.645  1683  2008 I Telecom : PhoneAccountRegistrar: Modify account: [ComponentInfo{com.android.phone/com.android.services.telephony.TelephonyConnectionService}, [e2f7d48dd2b5ca523e7313cf4ba0f6ea830b6281], UserHandle{0}]: TSI.rPA@ABU
02-08 11:24:02.647  1975  1975 I TelecomFramework: AccountEntry: Registered phoneAccount: [[ ] PhoneAccount: ComponentInfo{com.android.phone/com.android.services.telephony.TelephonyConnectionService}, [e2f7d48dd2b5ca523e7313cf4ba0f6ea830b6281], UserHandle{0} Capabilities: CallProvider MultiUser PlaceEmerg SimSub  Audio Routes: BESW Schemes: tel voicemail  Extras: Bundle[{android.telecom.extra.SUPPORTS_VIDEO_CALLING_FALLBACK=true}] GroupId: [da39a3ee5e6b4b0d3255bfef95601890afd80709]] with handle: ComponentInfo{com.android.phone/com.android.services.telephony.TelephonyConnectionService}, [e2f7d48dd2b5ca523e7313cf4ba0f6ea830b6281], UserHandle{0}
02-08 11:24:02.647  1975  1975 I TelecomFramework: PstnIncomingCallNotifier: Registering: Handler (com.android.internal.telephony.GsmCdmaPhone) {916153f}
02-08 11:24:02.729  1975  1975 I TelecomFramework: PstnPhoneCapabilitiesNotifier: handleVideoCapabilitesChanged. Video capability - false
02-08 11:24:02.739  1683  1700 I ActivityManager: Start proc 2270:com.google.android.dialer/u0a20 for broadcast com.google.android.dialer/com.android.dialer.app.voicemail.LegacyVoicemailNotificationReceiver
02-08 11:24:02.743  1683  2008 I Telecom : PhoneAccountRegistrar: Modify account: [ComponentInfo{com.android.phone/com.android.services.telephony.TelephonyConnectionService}, [e2f7d48dd2b5ca523e7313cf4ba0f6ea830b6281], UserHandle{0}]: TSI.rPA@ABo
02-08 11:24:02.744  1975  1975 I TelecomFramework: PstnIncomingCallNotifier: Unregistering: Handler (com.android.internal.telephony.GsmCdmaPhone) {916153f}
02-08 11:24:02.752  1683  1862 I Telecom : PhoneAccountRegistrar: Modify account: [ComponentInfo{com.android.phone/com.android.services.telephony.TelephonyConnectionService}, [e2f7d48dd2b5ca523e7313cf4ba0f6ea830b6281], UserHandle{0}]: TSI.rPA@ABs
02-08 11:24:02.754  1975  1975 I TelecomFramework: AccountEntry: Registered phoneAccount: [[ ] PhoneAccount: ComponentInfo{com.android.phone/com.android.services.telephony.TelephonyConnectionService}, [e2f7d48dd2b5ca523e7313cf4ba0f6ea830b6281], UserHandle{0} Capabilities: CallProvider MultiUser PlaceEmerg SimSub  Audio Routes: BESW Schemes: tel voicemail  Extras: Bundle[{android.telecom.extra.SUPPORTS_VIDEO_CALLING_FALLBACK=true}] GroupId: [da39a3ee5e6b4b0d3255bfef95601890afd80709]] with handle: ComponentInfo{com.android.phone/com.android.services.telephony.TelephonyConnectionService}, [e2f7d48dd2b5ca523e7313cf4ba0f6ea830b6281], UserHandle{0}
02-08 11:24:02.754  1975  1975 I TelecomFramework: PstnIncomingCallNotifier: Registering: Handler (com.android.internal.telephony.GsmCdmaPhone) {916153f}
02-08 11:24:02.768  1683  1862 I ActivityManager: user 0 is still locked. Cannot load recents
02-08 11:24:02.830  1683  1862 D ConnectivityService: registerNetworkAgent NetworkAgentInfo{ ni{[type: MOBILE[LTE], state: CONNECTED/CONNECTED, reason: connected, extra: epc.tmobile.com, failover: false, available: true, roaming: false]}  network{100}  nethandle{429513165534}  lp{{InterfaceName: eth0 LinkAddresses: [10.0.2.15/32,]  Routes: [0.0.0.0/0 -> 10.0.2.2 eth0,::/0 -> fe80::2 eth0,10.0.2.15/32 -> 0.0.0.0 eth0,] DnsAddresses: [10.0.2.3,] Domains: null MTU: 1500 TcpBufferSizes: 524288,1048576,2097152,262144,524288,1048576}}  nc{[ Transports: CELLULAR Capabilities: MMS&SUPL&DUN&FOTA&IMS&CBS&IA&INTERNET&NOT_RESTRICTED&TRUSTED&NOT_VPN LinkUpBandwidth>=51200Kbps LinkDnBandwidth>=102400Kbps Specifier: <1>]}  Score{10}  everValidated{false}  lastValidated{false}  created{false} lingering{false} explicitlySelected{false} acceptUnvalidated{false} everCaptivePortalDetected{false} lastCaptivePortalDetected{false} clat{null} }
02-08 11:24:02.831  1683  1814 D ConnectivityService: NetworkAgentInfo [MOBILE (LTE) - 100] EVENT_NETWORK_INFO_CHANGED, going from null to CONNECTED
02-08 11:24:02.831  1683  1814 D ConnectivityService: Adding iface eth0 to network 100
02-08 11:24:02.834  1683  1814 D ConnectivityService: Setting DNS servers for network 100 to [/10.0.2.3]
02-08 11:24:02.855  1683  1862 I ActivityManager: Start proc 2289:com.android.carrierconfig/u0a3 for service com.android.carrierconfig/.DefaultCarrierConfigService
02-08 11:24:02.877  1975  1975 I TelecomFramework: PstnIncomingCallNotifier: Unregistering: Handler (com.android.internal.telephony.GsmCdmaPhone) {916153f}
02-08 11:24:02.884  1683  1814 D ConnectivityService: Switching to new default network: NetworkAgentInfo{ ni{[type: MOBILE[LTE], state: CONNECTED/CONNECTED, reason: connected, extra: epc.tmobile.com, failover: false, available: true, roaming: false]}  network{100}  nethandle{429513165534}  lp{{InterfaceName: eth0 LinkAddresses: [10.0.2.15/32,]  Routes: [0.0.0.0/0 -> 10.0.2.2 eth0,::/0 -> fe80::2 eth0,10.0.2.15/32 -> 0.0.0.0 eth0,] DnsAddresses: [10.0.2.3,] Domains: null MTU: 1500 TcpBufferSizes: 524288,1048576,2097152,262144,524288,1048576}}  nc{[ Transports: CELLULAR Capabilities: MMS&SUPL&DUN&FOTA&IMS&CBS&IA&INTERNET&NOT_RESTRICTED&TRUSTED&NOT_VPN&FOREGROUND LinkUpBandwidth>=51200Kbps LinkDnBandwidth>=102400Kbps Specifier: <1>]}  Score{10}  everValidated{false}  lastValidated{false}  created{true} lingering{false} explicitlySelected{false} acceptUnvalidated{false} everCaptivePortalDetected{false} lastCaptivePortalDetected{false} clat{null} }
02-08 11:24:02.887  1683  1694 I Telecom : PhoneAccountRegistrar: Modify account: [ComponentInfo{com.android.phone/com.android.services.telephony.TelephonyConnectionService}, [e2f7d48dd2b5ca523e7313cf4ba0f6ea830b6281], UserHandle{0}]: TSI.rPA@AB4
02-08 11:24:02.892  1975  1975 I TelecomFramework: AccountEntry: Registered phoneAccount: [[ ] PhoneAccount: ComponentInfo{com.android.phone/com.android.services.telephony.TelephonyConnectionService}, [e2f7d48dd2b5ca523e7313cf4ba0f6ea830b6281], UserHandle{0} Capabilities: CallProvider MultiUser PlaceEmerg SimSub  Audio Routes: BESW Schemes: tel voicemail  Extras: Bundle[{android.telecom.extra.SUPPORTS_VIDEO_CALLING_FALLBACK=true}] GroupId: [da39a3ee5e6b4b0d3255bfef95601890afd80709]] with handle: ComponentInfo{com.android.phone/com.android.services.telephony.TelephonyConnectionService}, [e2f7d48dd2b5ca523e7313cf4ba0f6ea830b6281], UserHandle{0}
02-08 11:24:02.892  1975  1975 I TelecomFramework: PstnIncomingCallNotifier: Registering: Handler (com.android.internal.telephony.GsmCdmaPhone) {916153f}
02-08 11:24:02.897  1683  1814 D ConnectivityService: Sending CONNECTED broadcast for type 0 NetworkAgentInfo [MOBILE (LTE) - 100] isDefaultNetwork=true
02-08 11:24:02.902  1975  1975 I TelecomFramework: PstnIncomingCallNotifier: Unregistering: Handler (com.android.internal.telephony.GsmCdmaPhone) {916153f}
02-08 11:24:02.924  1683  1694 I Telecom : PhoneAccountRegistrar: Modify account: [ComponentInfo{com.android.phone/com.android.services.telephony.TelephonyConnectionService}, [e2f7d48dd2b5ca523e7313cf4ba0f6ea830b6281], UserHandle{0}]: TSI.rPA@ACE
02-08 11:24:02.924  1975  1975 I TelecomFramework: AccountEntry: Registered phoneAccount: [[ ] PhoneAccount: ComponentInfo{com.android.phone/com.android.services.telephony.TelephonyConnectionService}, [e2f7d48dd2b5ca523e7313cf4ba0f6ea830b6281], UserHandle{0} Capabilities: CallProvider MultiUser PlaceEmerg SimSub  Audio Routes: BESW Schemes: tel voicemail  Extras: Bundle[{android.telecom.extra.SUPPORTS_VIDEO_CALLING_FALLBACK=true}] GroupId: [da39a3ee5e6b4b0d3255bfef95601890afd80709]] with handle: ComponentInfo{com.android.phone/com.android.services.telephony.TelephonyConnectionService}, [e2f7d48dd2b5ca523e7313cf4ba0f6ea830b6281], UserHandle{0}
02-08 11:24:02.925  1975  1975 I TelecomFramework: PstnIncomingCallNotifier: Registering: Handler (com.android.internal.telephony.GsmCdmaPhone) {916153f}
02-08 11:24:02.928  1975  1975 I TelecomFramework: PstnPhoneCapabilitiesNotifier: handleVideoCapabilitesChanged. Video capability - false
02-08 11:24:02.956  1975  1975 I chatty  : uid=1001(radio) com.android.phone identical 1 line
02-08 11:24:02.956  1975  1975 I TelecomFramework: PstnPhoneCapabilitiesNotifier: handleVideoCapabilitesChanged. Video capability - false
02-08 11:24:02.960  1683  1694 I Telecom : PhoneAccountRegistrar: Modify account: [ComponentInfo{com.android.phone/com.android.services.telephony.TelephonyConnectionService}, [e2f7d48dd2b5ca523e7313cf4ba0f6ea830b6281], UserHandle{0}]: TSI.rPA@ACY
02-08 11:24:03.073  1683  1683 I SyncManager: Loaded persisted syncs: 0 periodic syncs, 0 oneshot syncs, 6 total system server jobs, JobStats: FirstLoad: 0/0/0 LastSave: 2/0/0
02-08 11:24:03.129  1683  1683 I Telecom : PhoneAccountRegistrar: SimCallManager queried, returning: null: TSI.gSCMFU@ACc
02-08 11:24:03.291  2270  2270 E ActivityThread: Failed to find provider info for com.google.android.gsf.gservices
02-08 11:24:03.293  2270  2270 E ActivityThread: Failed to find provider info for com.google.android.gsf.gservices
02-08 11:24:03.326  1683  1707 I WindowManager: ******* TELLING SURFACE FLINGER WE ARE BOOTED!
02-08 11:24:03.327  1683  1707 W ActivityManager: Unable to mark boot complete for abi: x86 (android.os.ServiceSpecificException: Failed to unlink /data//dalvik-cache/x86/.booting (code 2))
02-08 11:24:03.327  1683  1707 I SystemServiceManager: Starting phase 1000
02-08 11:24:03.341  1683  1707 I ActivityManager: Start proc 2331:com.google.android.ext.services/u0a15 for on-hold
02-08 11:24:03.343  1683  1707 D ActivityManager: Finishing user boot 0
02-08 11:24:03.343  1683  1707 I ActivityManager: User 0 state changed from BOOTING to RUNNING_LOCKED
02-08 11:24:03.344  1683  1707 D StorageManagerService: Setting property: sys.user.0.ce_available=true
02-08 11:24:03.345  1683  1707 I ActivityManager: User 0 state changed from RUNNING_LOCKED to RUNNING_UNLOCKING
02-08 11:24:03.346  1683  1707 D CryptdConnector: SND -> {2 cryptfs prepare_user_storage ! 0 0 2}
02-08 11:24:03.346  1381  1387 D vold    : e4crypt_prepare_user_storage for volume null, user 0, serial 0, flags 2
02-08 11:24:03.346  1381  1387 D vold    : Preparing: /data/system_ce/0
02-08 11:24:03.346  1381  1387 D vold    : Preparing: /data/misc_ce/0
02-08 11:24:03.346  1381  1387 D vold    : Preparing: /data/media/0
02-08 11:24:03.347  1381  1387 D vold    : Preparing: /data/data
02-08 11:24:03.348  1683  1800 D CryptdConnector: RCV <- {200 2 Command succeeded}
02-08 11:24:03.351  1683  1707 V UserDataPreparer: Found /data/user/0 with serial number 0
02-08 11:24:03.351  1683  1707 V UserDataPreparer: Found /data/system_ce/0 with serial number -1
02-08 11:24:03.351  1683  1707 D UserDataPreparer: Serial number missing on /data/system_ce/0; assuming current is valid
02-08 11:24:03.351  1683  1707 V PackageManager: reconcileAppsData for null u0 0x2 migrateAppData=true
02-08 11:24:03.374  1683  1807 I NetworkPolicy: No policy for subscriber 310260...; generating default policy
02-08 11:24:03.388  1683  1807 D NetworkStats: Resolving plan for NetworkTemplate: matchRule=MOBILE_ALL, subscriberId=310260..., matchSubscriberIds=[310260...]
02-08 11:24:03.388  1683  1807 D NetworkStats: Found active matching subId 1
02-08 11:24:03.390  1683  1807 D NetworkStats: Resolved to plan null
02-08 11:24:03.405  1683  1807 D NetworkStats: Resolving plan for NetworkTemplate: matchRule=MOBILE_ALL, subscriberId=310260..., matchSubscriberIds=[310260...]
02-08 11:24:03.405  1683  1807 D NetworkStats: Found active matching subId 1
02-08 11:24:03.407  1683  1807 D NetworkStats: Resolved to plan null
02-08 11:24:03.454  1683  1707 V PackageManager: reconcileAppsData finished 99 packages
02-08 11:24:03.465  1683  2008 I ActivityManager: Start proc 2351:com.google.android.gms.persistent/u0a13 for service com.google.android.gms/.clearcut.service.ClearcutLoggerService
02-08 11:24:03.466  1683  1700 I SystemServiceManager: Calling onUnlockUser u0
02-08 11:24:03.466  1683  1814 D ConnectivityService: Got NetworkFactory Messenger for WIFI
02-08 11:24:03.466  1683  1814 D ConnectivityService: Got NetworkFactory Messenger for WIFI_UT
02-08 11:24:03.466  1683  1700 D StorageManagerService: onUnlockUser 0
02-08 11:24:03.466  1683  1700 D VoldConnector: SND -> {35 volume user_started 0}
02-08 11:24:03.467  1381  1386 D vold    : Linking /storage/emulated/0 to /mnt/user/0/primary
02-08 11:24:03.467  1683  1799 D VoldConnector: RCV <- {200 35 Command succeeded}
02-08 11:24:03.468  1683  1798 D StorageManagerService: Volume public:253,80 broadcasting mounted to UserHandle{0}
02-08 11:24:03.481  1683  1694 I ActivityManager: Start proc 2369:com.google.process.gservices/u0a13 for content provider com.google.android.gsf/.gservices.GservicesProvider
02-08 11:24:03.482  1683  1798 D StorageManagerService: Volume emulated broadcasting mounted to UserHandle{0}
02-08 11:24:03.487  1683  1700 I BackupManagerService: Instantiating BackupManagerService
02-08 11:24:03.488  1683  1707 W WindowManager: App freeze timeout expired.
02-08 11:24:03.500  1683  1695 I ActivityManager: Start proc 2394:android.process.media/u0a9 for broadcast com.android.providers.downloads/.DownloadReceiver
02-08 11:24:03.507  1683  1700 V BackupManagerService: No ancestral data
02-08 11:24:03.517  1683  1700 V BackupManagerService: Starting with transport android/com.android.internal.backup.LocalTransport
02-08 11:24:03.577  1683  1700 D BackupTransportManager: Binding to transport: android/com.android.internal.backup.LocalTransportService
02-08 11:24:03.578  1683  1700 D BackupTransportManager: Binding to transport: com.google.android.gms/.backup.BackupTransportService
02-08 11:24:03.589  1683  1700 I BackupManagerService: Backup enable apparently not migrated
02-08 11:24:03.589  1683  1700 I BackupManagerService: Migrating enable state false
02-08 11:24:03.590  1683  2393 V KeyValueBackupJob: Scheduling k/v pass in 248 minutes
02-08 11:24:03.593  1683  1814 D ConnectivityService: NetworkAgentInfo [MOBILE (LTE) - 100] validation passed
02-08 11:24:03.601  1683  1700 I BackupManagerService: Backup enabled => false
02-08 11:24:03.601  1683  2009 I ActivityManager: user 0 is still locked. Cannot load recents
02-08 11:24:03.601  1683  1700 W SystemServiceManager: Service com.android.server.backup.BackupManagerService$Lifecycle took 117 ms in onUnlockUser 
02-08 11:24:03.604  1683  2393 V KeyValueBackupJob: Scheduling k/v pass in 243 minutes
02-08 11:24:03.626  1683  1700 I ActivityManager: Start proc 2426:com.google.android.googlequicksearchbox:interactor/u0a32 for service com.google.android.googlequicksearchbox/com.google.android.voiceinteraction.GsaVoiceInteractionService
02-08 11:24:03.628  1683  1700 D AutofillManagerServiceImpl: Reset component for user 0
02-08 11:24:03.628  1683  1700 D AutofillManagerServiceImpl: Reset component for user 0
02-08 11:24:03.628  1683  1701 D AutofillUI: destroySaveUiUiThread(): already destroyed
02-08 11:24:03.628  1683  1700 I ActivityManager: Loading recents for user 0 into memory.
02-08 11:24:03.634  1683  1700 I ActivityManager: User 0 state changed from RUNNING_UNLOCKING to RUNNING_UNLOCKED
02-08 11:24:03.635  1683  1700 I PreBootBroadcaster: Pre-boot of {com.android.managedprovisioning/com.android.managedprovisioning.ota.PreBootListener} for user 0
02-08 11:24:03.674  1683  1705 W AppWidgetServiceImpl: Failed to read state: java.io.FileNotFoundException: /data/system/users/0/appwidgets.xml (No such file or directory)
02-08 11:24:03.674  1683  1705 V AppWidgetServiceImpl: Upgrading widget database from 0 to 1
02-08 11:24:03.676  1683  1705 I AppWidgetServiceImpl: Async processing of onUserUnlocked u0 took 73 ms
02-08 11:24:03.692  1683  1683 V NotificationListeners: enabling notification listener for 0: ComponentInfo{com.google.android.apps.nexuslauncher/com.android.launcher3.notification.NotificationListener}
02-08 11:24:03.727  1683  2466 W LocalDisplayAdapter: Unable to find color mode 0, ignoring request.
02-08 11:24:03.745  1683  2464 I ActivityManager: START u0 {act=android.intent.action.MAIN cat=[android.intent.category.HOME] flg=0x10000100 cmp=com.android.sdksetup/.DefaultActivity} from uid 0
02-08 11:24:03.783  1683  2464 I ActivityManager: Start proc 2477:com.android.sdksetup/u0a22 for activity com.android.sdksetup/.DefaultActivity
02-08 11:24:03.785  1683  1683 V NotificationListeners: binding: Intent { act=android.service.notification.NotificationListenerService cmp=com.google.android.apps.nexuslauncher/com.android.launcher3.notification.NotificationListener (has extras) }
02-08 11:24:03.792  1683  2466 I ActivityManager: Config changes=480 {1.0 310mcc260mnc [en_US] ldltr sw900dp w1280dp h820dp 320dpi xlrg land finger qwerty/v/v -nav/h appBounds=Rect(0, 0 - 2560, 1688) s.7}
02-08 11:24:03.809  1683  2466 I ActivityManager: Override config changes=480 {1.0 310mcc260mnc [en_US] ldltr sw900dp w1280dp h820dp 320dpi xlrg land finger qwerty/v/v -nav/h appBounds=Rect(0, 0 - 2560, 1688) s.7} for displayId=0
02-08 11:24:03.838  1683  1683 I ActivityManager: Start proc 2493:com.google.android.apps.nexuslauncher/u0a24 for service com.google.android.apps.nexuslauncher/com.android.launcher3.notification.NotificationListener
02-08 11:24:03.847  1683  1683 D BackupTransportManager: Bound to transport: android/com.android.internal.backup.LocalTransportService
02-08 11:24:03.922  1683  1683 D ZenLog  : disable_effects: -1|android|19|null|1000,booleanState
02-08 11:24:03.922  1683  2464 D PackageManager: Ephemeral installer not found with new action; try old one
02-08 11:24:03.922  1683  2464 D PackageManager: Clear ephemeral installer activity
02-08 11:24:03.924  1683  1716 I ActivityManager: Killing 2477:com.android.sdksetup/u0a22 (adj 0): change com.android.sdksetup
02-08 11:24:03.927  1683  1716 I ActivityManager: START u0 {act=android.intent.action.MAIN cat=[android.intent.category.HOME] flg=0x10000100 cmp=com.google.android.apps.nexuslauncher/.NexusLauncherActivity} from uid 0
02-08 11:24:03.936  1683  1683 W DevicePolicyManager: Trying to set ro.device_owner, but it has already been set?
02-08 11:24:03.947  1683  1699 I ActivityManager: Start proc 2523:com.android.printspooler/u0a71 for service com.android.printspooler/.model.PrintSpoolerService
02-08 11:24:04.000  1683  1683 I Telecom : DefaultDialerCache: Refreshing default dialer for user 0: now com.google.android.dialer: DDC.oR@AC0
02-08 11:24:04.008  1683  2009 D PackageManager: Ephemeral installer not found with new action; try old one
02-08 11:24:04.008  1683  2009 D PackageManager: Clear ephemeral installer activity
02-08 11:24:04.013  1683  2465 I PackageManager: Replacing preferred activity com.google.android.talk/com.google.android.apps.hangouts.phone.BabelHomeActivity for user 0:
02-08 11:24:04.043  1683  1683 I PackageManager: Replacing preferred activity com.google.android.talk/com.google.android.apps.hangouts.phone.BabelHomeActivity for user 0:
02-08 11:24:04.043  1683  1683 I chatty  : uid=1000 system_server identical 1 line
02-08 11:24:04.043  1683  1683 I PackageManager: Replacing preferred activity com.google.android.talk/com.google.android.apps.hangouts.phone.BabelHomeActivity for user 0:
02-08 11:24:04.045  1683  1683 D VoldConnector: SND -> {36 volume remount_uid 10058 default}
02-08 11:24:04.045  1381  1386 D vold    : Remounting 10058 as mode default
02-08 11:24:04.047  1683  1799 D VoldConnector: RCV <- {200 36 Command succeeded}
02-08 11:24:04.048  1683  1683 D VoldConnector: SND -> {37 volume remount_uid 10058 write}
02-08 11:24:04.048  1381  1386 D vold    : Remounting 10058 as mode write
02-08 11:24:04.049  1683  1799 D VoldConnector: RCV <- {200 37 Command succeeded}
02-08 11:24:04.065  1683  2425 W WallpaperManagerService: Cannot extract colors because wallpaper could not be read.
02-08 11:24:04.075  1683  1862 I ActivityManager: Start proc 2561:com.google.android.googlequicksearchbox:search/u0a32 for service com.google.android.googlequicksearchbox/com.google.android.hotword.service.HotwordService
02-08 11:24:04.092  1683  2465 D PackageManager: Ephemeral installer not found with new action; try old one
02-08 11:24:04.092  1683  2465 D PackageManager: Clear ephemeral installer activity
02-08 11:24:04.094  1683  2465 D CryptdConnector: SND -> {3 cryptfs getpwtype}
02-08 11:24:04.094  1381  1387 D VoldCryptCmdListener: cryptfs getpwtype
02-08 11:24:04.105  1683  1699 I ActivityManager: Start proc 2577:com.android.keychain/1000 for service com.android.keychain/.KeyChainService
02-08 11:24:04.518  1683  1800 D CryptdConnector: RCV <- {213 3 default}
02-08 11:24:04.537  1683  2464 I ActivityManager: Start proc 2602:com.android.managedprovisioning/u0a21 for broadcast com.android.managedprovisioning/.ota.PreBootListener
02-08 11:24:05.345  2493  2600 E ActivityThread: Failed to find provider info for com.google.android.googlequicksearchbox.GsaPublicContentProvider
02-08 11:24:05.382  1683  2466 I PreBootBroadcaster: Pre-boot of {com.android.providers.calendar/com.android.providers.calendar.CalendarUpgradeReceiver} for user 0
02-08 11:24:05.387  1683  1699 D AutofillManagerServiceImpl: Reset component for user 0
02-08 11:24:05.387  1683  1699 D AutofillManagerServiceImpl: Reset component for user 0
02-08 11:24:05.387  1683  1701 D AutofillUI: destroySaveUiUiThread(): already destroyed
02-08 11:24:05.459  1683  2466 W ActivityManager: Slow operation: 72ms so far, now at startProcess: returned from zygote!
02-08 11:24:05.459  1683  2466 W ActivityManager: Slow operation: 72ms so far, now at startProcess: done updating battery stats
02-08 11:24:05.459  1683  2466 W ActivityManager: Slow operation: 72ms so far, now at startProcess: building log message
02-08 11:24:05.459  1683  2466 I ActivityManager: Start proc 2628:com.google.android.gms/u0a13 for broadcast com.google.android.gms/.checkin.CheckinServiceTriggerReceiver
02-08 11:24:05.459  1683  2466 W ActivityManager: Slow operation: 72ms so far, now at startProcess: starting to update pids map
02-08 11:24:05.459  1683  2466 W ActivityManager: Slow operation: 72ms so far, now at startProcess: done updating pids map
02-08 11:24:05.459  1683  2466 W ActivityManager: Slow operation: 72ms so far, now at startProcess: done starting proc!
02-08 11:24:05.607  1683  2465 D AutofillManagerServiceImpl: Reset component for user 0
02-08 11:24:05.667  2561  2595 E ActivityThread: Failed to find provider info for com.google.android.voicesearch
02-08 11:24:05.690  1683  1707 W WindowManager: Window freeze timeout expired.
02-08 11:24:05.690  1683  1707 W WindowManager: Force clearing orientation change: Window{f3810c u0 StatusBar}
02-08 11:24:05.690  1683  1707 W WindowManager: Force clearing orientation change: Window{4e30fc1 u0 com.google.android.apps.nexuslauncher/com.google.android.apps.nexuslauncher.NexusLauncherActivity}
02-08 11:24:05.710  1683  1966 D VoldConnector: SND -> {38 volume mkdirs /storage/emulated/0/Android/data/com.google.android.apps.nexuslauncher/files/}
02-08 11:24:05.712  1683  1799 D VoldConnector: RCV <- {200 38 Command succeeded}
02-08 11:24:05.724  1683  1966 D VoldConnector: SND -> {39 volume mkdirs /storage/1EFB-0916/Android/data/com.google.android.apps.nexuslauncher/files/}
02-08 11:24:05.740  1683  1799 D VoldConnector: RCV <- {200 39 Command succeeded}
02-08 11:24:05.747  1683  2466 I ActivityManager: Start proc 2686:com.google.process.gapps/u0a13 for content provider com.google.android.gsf/.settings.GoogleSettingsProvider
02-08 11:24:05.894  2426  2426 W KeyphraseEnrollmentInfo: No enrollment application supports the given keyphrase/locale: 'Ok Google'/en_US
02-08 11:24:05.919  1683  1775 I WindowManager: Screen frozen for +2s229ms due to Window{dbc3771 u0 com.android.systemui.ImageWallpaper}
02-08 11:24:05.941  1683  1694 I ActivityManager: Start proc 2725:com.google.android.partnersetup/u0a18 for content provider com.google.android.partnersetup/.RlzAppProvider
02-08 11:24:06.374  1683  1694 D PackageManager: Ephemeral installer not found with new action; try old one
02-08 11:24:06.374  1683  1694 D PackageManager: Clear ephemeral installer activity
02-08 11:24:06.383  1683  1683 D BackupTransportManager: Bound to transport: com.google.android.gms/.backup.BackupTransportService
02-08 11:24:06.514  1683  1694 D PackageManager: Ephemeral installer not found with new action; try old one
02-08 11:24:06.514  1683  1694 D PackageManager: Clear ephemeral installer activity
02-08 11:24:06.561  1683  2008 D PackageManager: Ephemeral installer not found with new action; try old one
02-08 11:24:06.561  1683  2008 D PackageManager: Clear ephemeral installer activity
02-08 11:24:06.583  1683  1694 D PackageManager: Ephemeral installer not found with new action; try old one
02-08 11:24:06.583  1683  1694 D PackageManager: Clear ephemeral installer activity
02-08 11:24:06.862  1683  1694 W WindowManager: Permission Denial: dismissKeyguard from pid=2662, uid=2000 requires android.permission.CONTROL_KEYGUARD
02-08 11:24:06.954  1683  2466 W WindowManager: Permission Denial: dismissKeyguard from pid=2659, uid=2000 requires android.permission.CONTROL_KEYGUARD
02-08 11:24:07.206  1683  2464 D VoldConnector: SND -> {40 volume mkdirs /storage/1EFB-0916/Android/data/com.google.android.gms/files/}
02-08 11:24:07.214  1683  1799 D VoldConnector: RCV <- {200 40 Command succeeded}
02-08 11:24:07.444  1683  1716 I ActivityManager: Start proc 2908:com.android.defcontainer/u0a8 for service com.android.defcontainer/.DefaultContainerService
02-08 11:24:07.782  1683  2425 D PackageManager: Ephemeral installer not found with new action; try old one
02-08 11:24:07.782  1683  2425 D PackageManager: Clear ephemeral installer activity
02-08 11:24:07.783  1683  2008 D PackageManager: Ephemeral installer not found with new action; try old one
02-08 11:24:07.783  1683  2008 D PackageManager: Clear ephemeral installer activity
02-08 11:24:07.783  1683  2008 D PackageManager: Ephemeral installer not found with new action; try old one
02-08 11:24:07.783  1683  2008 D PackageManager: Clear ephemeral installer activity
02-08 11:24:08.154  1683  1966 D PackageManager: Ephemeral installer not found with new action; try old one
02-08 11:24:08.154  1683  1966 D PackageManager: Clear ephemeral installer activity
02-08 11:24:08.165  1683  1966 I ActivityManager: Start proc 2967:com.android.providers.calendar/u0a4 for broadcast com.android.providers.calendar/.CalendarUpgradeReceiver
02-08 11:24:08.444  1683  2425 I PreBootBroadcaster: Pre-boot of {com.android.providers.contacts/com.android.providers.contacts.ContactsUpgradeReceiver} for user 0
02-08 11:24:08.446  1683  2009 D PackageManager: Ephemeral installer not found with new action; try old one
02-08 11:24:08.446  1683  2009 D PackageManager: Clear ephemeral installer activity
02-08 11:24:08.454  1683  2009 D PackageManager: Ephemeral installer not found with new action; try old one
02-08 11:24:08.454  1683  2009 D PackageManager: Clear ephemeral installer activity
02-08 11:24:08.455  1683  2009 D PackageManager: Ephemeral installer not found with new action; try old one
